[workspace-root] discovered /home/briansrls/scratch-wt/gcp-iam-bootstrap
✓ typecheck v2.std.compilers.target_model done in 23 seconds
✓ typecheck v2.compiler.target_serialize done in 2 seconds
✓ typecheck v2.compiler.translate done in 3 seconds
PASS bootstrap_role_drift_never_authorizes_adoption
PASS deny_exceptions_and_incomplete_readback_withhold_trust
PASS workflow_trust_requires_completed_deny_and_privilege_readback
PASS authority_deadline_is_bounded_and_retry_does_not_renew_it
PASS uncertain_publication_cannot_be_settled_from_an_absent_cell
PASS unknown_policy_and_unowned_grants_never_authorize_changes
PASS authority_retirement_preserves_existing_human_and_foreign_access
PASS bootstrap_authority_requires_an_organization_resource
PASS definite_publication_rejection_is_distinct_from_unknown_commit
PASS deny_propagation_retry_requires_live_authority_and_a_remaining_budget
PASS cleanup_dependency_does_not_wait_for_successful_deny_installation
PASS authority_beneficiary_requires_the_verified_stable_google_subject
PASS empty_pool_policy_does_not_authorize_unconditional_publication
PASS pool_initialization_rejects_existing_unfenced_bindings
PASS pool_initialization_readback_requires_exact_cells_and_a_revision
PASS probe_authority_has_no_signing_or_policy_permission
PASS probe_cleanup_is_required_for_trust_but_not_successful_probes
