Scope command line contains environment variable, which is not expanded by default for now, but will be expanded by default in the future. Use --expand-environment=yes/no to explicitly control it as needed.
Running as unit: run-r881e45a40fb6468087196986d645406e.scope; invocation ID: 8c8aa49a37fe4db2ad8b99d0914943fd
   Compiling proc-macro2 v1.0.106
   Compiling quote v1.0.45
   Compiling unicode-ident v1.0.24
   Compiling shlex v1.3.0
   Compiling find-msvc-tools v0.1.9
   Compiling cc v1.2.62
   Compiling syn v2.0.117
   Compiling version_check v0.9.5
   Compiling serde_core v1.0.228
   Compiling libc v0.2.186
   Compiling cfg-if v1.0.4
   Compiling typenum v1.20.1
   Compiling synstructure v0.13.2
   Compiling zerofrom-derive v0.1.7
   Compiling yoke-derive v0.8.2
   Compiling zerofrom v0.1.8
   Compiling stable_deref_trait v1.2.1
   Compiling serde v1.0.228
   Compiling serde_derive v1.0.228
   Compiling yoke v0.8.2
   Compiling object v0.37.3
   Compiling zerovec-derive v0.11.3
   Compiling memchr v2.8.0
   Compiling zerovec v0.11.6
   Compiling displaydoc v0.2.5
   Compiling zmij v1.0.21
   Compiling ar_archive_writer v0.5.1
   Compiling serde_json v1.0.149
   Compiling tinystr v0.8.3
   Compiling bitmaps v2.1.0
   Compiling psm v0.1.31
   Compiling im v15.1.0
   Compiling stacker v0.1.24
   Compiling litemap v0.8.2
   Compiling writeable v0.6.3
   Compiling rand_core v0.6.4
   Compiling itoa v1.0.18
   Compiling rand_xoshiro v0.6.0
   Compiling icu_locale_core v2.2.0
   Compiling sized-chunks v0.6.5
   Compiling zerotrie v0.2.4
   Compiling potential_utf v0.1.5
   Compiling generic-array v0.14.7
   Compiling icu_normalizer_data v2.2.0
   Compiling icu_properties_data v2.2.0
   Compiling utf8_iter v1.0.4
   Compiling icu_collections v2.2.0
   Compiling icu_provider v2.2.0
   Compiling ring v0.17.14
   Compiling unicode-properties v0.1.4
   Compiling zeroize v1.8.2
   Compiling rustls-pki-types v1.14.1
   Compiling v1-stage0-runtime v0.1.0 (/home/briansrls/royal-hawk-241/build-gate.HtbMGa/repo/src/v1/stage0_runtime)
   Compiling smallvec v1.15.1
   Compiling subtle v2.6.1
   Compiling icu_normalizer v2.2.0
   Compiling icu_properties v2.2.0
   Compiling v1-stage0-std-core v0.1.0 (/home/briansrls/royal-hawk-241/build-gate.HtbMGa/repo/src/v1/stage0_std_core)
   Compiling getrandom v0.2.17
   Compiling crc32fast v1.5.0
   Compiling utf8parse v0.2.2
   Compiling untrusted v0.9.0
   Compiling anstyle-parse v1.0.0
   Compiling idna_adapter v1.2.2
   Compiling block-buffer v0.10.4
   Compiling crypto-common v0.1.7
   Compiling adler2 v2.0.1
   Compiling anstyle v1.0.14
   Compiling colorchoice v1.0.5
   Compiling hashbrown v0.17.1
   Compiling simd-adler32 v0.3.9
   Compiling anstyle-query v1.1.5
   Compiling equivalent v1.0.2
   Compiling rustls v0.23.40
   Compiling percent-encoding v2.3.2
   Compiling is_terminal_polyfill v1.70.2
   Compiling anstream v1.0.0
   Compiling form_urlencoded v1.2.2
   Compiling indexmap v2.14.0
   Compiling miniz_oxide v0.8.9
   Compiling digest v0.10.7
   Compiling idna v1.1.0
   Compiling v1-stage0-std-surface v0.1.0 (/home/briansrls/royal-hawk-241/build-gate.HtbMGa/repo/src/v1/stage0_std_surface)
   Compiling v1-stage0-extdeps-languages v0.1.0 (/home/briansrls/royal-hawk-241/build-gate.HtbMGa/repo/src/v1/stage0_extdeps_languages)
   Compiling rustls-webpki v0.103.13
   Compiling webpki-roots v1.0.7
   Compiling toml_datetime v0.6.11
   Compiling serde_spanned v0.6.9
   Compiling winnow v0.7.15
   Compiling heck v0.5.0
   Compiling clap_lex v1.1.0
   Compiling toml_write v0.1.2
   Compiling strsim v0.11.1
   Compiling once_cell v1.21.4
   Compiling log v0.4.29
   Compiling clap_builder v4.6.0
   Compiling toml_edit v0.22.27
   Compiling clap_derive v4.6.1
   Compiling webpki-roots v0.26.11
   Compiling flate2 v1.1.9
   Compiling v1-stage0-v1-artifact v0.1.0 (/home/briansrls/royal-hawk-241/build-gate.HtbMGa/repo/src/v1/stage0_v1_artifact)
   Compiling url v2.5.8
   Compiling cpufeatures v0.2.17
   Compiling base64 v0.22.1
   Compiling v1-compiler v0.1.0 (/home/briansrls/royal-hawk-241/build-gate.HtbMGa/repo/src/v1/stage0)
   Compiling ureq v2.12.1
   Compiling sha2 v0.10.9
   Compiling v1-stage0-v1-infer v0.1.0 (/home/briansrls/royal-hawk-241/build-gate.HtbMGa/repo/src/v1/stage0_v1_infer)
   Compiling clap v4.6.1
   Compiling toml v0.8.23
   Compiling hmac v0.12.1
   Compiling lazy_static v1.5.0
   Compiling hex v0.4.3
    Finished `release` profile [optimized] target(s) in 8m 31s
BUILD_GATE stale_binaries_deleted=0
BUILD_GATE started_ns=1789263151116884201 head=fabd35f5a2476de5b7bd76b2010394c39c4522ef
memory-cgroup-bind: not requested
v2-native-route: emitted-native compiler executes the derived v2.test.* universe (operator-invoked; not a required lane)
v2-native-route: emitting src/v2/compiler/00_compile.dag (seed, in-process)
◐ started compile.frontend
✓ compile.frontend done in 8 seconds
✓ compile.normalize done in 511ms
✓ compile.reconcile done in 1 minutes
✓ compile.analyses done in 367ms
◐ started compile.emit
✓ compile.emit done in 6 minutes
v2-native-route: emitted 181 files into /home/briansrls/royal-hawk-241/build-gate.HtbMGa/runner-temp/gunbc-emit-compile/src_v2_compiler_00_compile_dag (closure 2e768f49530d5b3fe683cf5c2c151d8376c121cb776a4014de5e0ec01127e210); emission arena released (rss_kb_before=Some(6639908) trim_reclaimed_kb=Some(3542076) rss_kb_after=Some(3097832)); cargo build
v2-native-route: emitted crate built — argv=["cargo", "build", "--release", "--manifest-path", "/home/briansrls/royal-hawk-241/build-gate.HtbMGa/runner-temp/gunbc-emit-compile/src_v2_compiler_00_compile_dag/Cargo.toml"] RUSTFLAGS="-D warnings" compiler=/home/briansrls/.cargo/bin/rustc exit_status=0 warning_count=0 rustc=rustc 1.93.0 (254b59607 2026-01-19); binary: rustc; commit-hash: 254b59607d4417e9dffbc307138ae5c86280fe4c; commit-date: 2026-01-19; host: aarch64-unknown-linux-gnu; release: 1.93.0; LLVM version: 21.1.8
v2-native-route: emitted compiler at /home/briansrls/royal-hawk-241/build-gate.HtbMGa/repo/target/release/gunbc-emitted-closure-src-v2-compiler-00-compile-dag (sha256 6557ec9c652ffd04298b774bd2b4afc9f496e5d60709f40e330491c9d3a7b90c)
BUILD_GATE binary=/home/briansrls/royal-hawk-241/build-gate.HtbMGa/repo/target/release/gunbc-emitted-closure-src-v2-compiler-00-compile-dag sha256=6557ec9c652ffd04298b774bd2b4afc9f496e5d60709f40e330491c9d3a7b90c mtime_ns=1789263850891591613
BUILD_GATE PASS; stopped after build proof; NOT A MEASUREMENT
