Scope command line contains environment variable, which is not expanded by default for now, but will be expanded by default in the future. Use --expand-environment=yes/no to explicitly control it as needed.
Running as unit: run-r33906c7737124f498b6a3b64f32ddaf6.scope; invocation ID: cfadc0e9f65246d89ac8c8c3a55fb72d
   Compiling proc-macro2 v1.0.106
   Compiling unicode-ident v1.0.24
   Compiling quote v1.0.45
   Compiling find-msvc-tools v0.1.9
   Compiling shlex v1.3.0
   Compiling cc v1.2.62
   Compiling syn v2.0.117
   Compiling version_check v0.9.5
   Compiling serde_core v1.0.228
   Compiling libc v0.2.186
   Compiling typenum v1.20.1
   Compiling cfg-if v1.0.4
   Compiling synstructure v0.13.2
   Compiling zerofrom-derive v0.1.7
   Compiling yoke-derive v0.8.2
   Compiling zerofrom v0.1.8
   Compiling stable_deref_trait v1.2.1
   Compiling serde v1.0.228
   Compiling serde_derive v1.0.228
   Compiling yoke v0.8.2
   Compiling object v0.37.3
   Compiling zerovec-derive v0.11.3
   Compiling memchr v2.8.0
   Compiling zerovec v0.11.6
   Compiling displaydoc v0.2.5
   Compiling ar_archive_writer v0.5.1
   Compiling zmij v1.0.21
   Compiling serde_json v1.0.149
   Compiling psm v0.1.31
   Compiling tinystr v0.8.3
   Compiling bitmaps v2.1.0
   Compiling im v15.1.0
   Compiling stacker v0.1.24
   Compiling itoa v1.0.18
   Compiling rand_core v0.6.4
   Compiling writeable v0.6.3
   Compiling litemap v0.8.2
   Compiling icu_locale_core v2.2.0
   Compiling rand_xoshiro v0.6.0
   Compiling sized-chunks v0.6.5
   Compiling zerotrie v0.2.4
   Compiling potential_utf v0.1.5
   Compiling generic-array v0.14.7
   Compiling icu_properties_data v2.2.0
   Compiling utf8_iter v1.0.4
   Compiling icu_normalizer_data v2.2.0
   Compiling icu_collections v2.2.0
   Compiling icu_provider v2.2.0
   Compiling ring v0.17.14
   Compiling zeroize v1.8.2
   Compiling unicode-properties v0.1.4
   Compiling rustls-pki-types v1.14.1
   Compiling v1-stage0-runtime v0.1.0 (/home/briansrls/royal-hawk-241/verification.64JRre/repo/src/v1/stage0_runtime)
   Compiling smallvec v1.15.1
   Compiling subtle v2.6.1
   Compiling icu_normalizer v2.2.0
   Compiling icu_properties v2.2.0
   Compiling v1-stage0-std-core v0.1.0 (/home/briansrls/royal-hawk-241/verification.64JRre/repo/src/v1/stage0_std_core)
   Compiling getrandom v0.2.17
   Compiling utf8parse v0.2.2
   Compiling untrusted v0.9.0
   Compiling crc32fast v1.5.0
   Compiling anstyle-parse v1.0.0
   Compiling idna_adapter v1.2.2
   Compiling crypto-common v0.1.7
   Compiling block-buffer v0.10.4
   Compiling rustls v0.23.40
   Compiling is_terminal_polyfill v1.70.2
   Compiling anstyle v1.0.14
   Compiling colorchoice v1.0.5
   Compiling adler2 v2.0.1
   Compiling anstyle-query v1.1.5
   Compiling equivalent v1.0.2
   Compiling hashbrown v0.17.1
   Compiling simd-adler32 v0.3.9
   Compiling percent-encoding v2.3.2
   Compiling form_urlencoded v1.2.2
   Compiling miniz_oxide v0.8.9
   Compiling indexmap v2.14.0
   Compiling anstream v1.0.0
   Compiling digest v0.10.7
   Compiling idna v1.1.0
   Compiling v1-stage0-std-surface v0.1.0 (/home/briansrls/royal-hawk-241/verification.64JRre/repo/src/v1/stage0_std_surface)
   Compiling v1-stage0-extdeps-languages v0.1.0 (/home/briansrls/royal-hawk-241/verification.64JRre/repo/src/v1/stage0_extdeps_languages)
   Compiling rustls-webpki v0.103.13
   Compiling webpki-roots v1.0.7
   Compiling serde_spanned v0.6.9
   Compiling toml_datetime v0.6.11
   Compiling log v0.4.29
   Compiling strsim v0.11.1
   Compiling winnow v0.7.15
   Compiling toml_write v0.1.2
   Compiling once_cell v1.21.4
   Compiling clap_lex v1.1.0
   Compiling heck v0.5.0
   Compiling clap_derive v4.6.1
   Compiling clap_builder v4.6.0
   Compiling toml_edit v0.22.27
   Compiling webpki-roots v0.26.11
   Compiling flate2 v1.1.9
   Compiling v1-stage0-v1-artifact v0.1.0 (/home/briansrls/royal-hawk-241/verification.64JRre/repo/src/v1/stage0_v1_artifact)
   Compiling url v2.5.8
   Compiling cpufeatures v0.2.17
   Compiling base64 v0.22.1
   Compiling v1-compiler v0.1.0 (/home/briansrls/royal-hawk-241/verification.64JRre/repo/src/v1/stage0)
   Compiling ureq v2.12.1
   Compiling sha2 v0.10.9
   Compiling v1-stage0-v1-infer v0.1.0 (/home/briansrls/royal-hawk-241/verification.64JRre/repo/src/v1/stage0_v1_infer)
   Compiling toml v0.8.23
   Compiling clap v4.6.1
   Compiling hmac v0.12.1
   Compiling lazy_static v1.5.0
   Compiling hex v0.4.3
    Finished `release` profile [optimized] target(s) in 8m 31s
✓ typecheck v2.std.compilers.target_model done in 12 seconds
PASS shared_context_duplicate_root_refusal_preserves_every_diagnostic_for_each_subject
VERIFY shared_context_duplicate_root_refusal_preserves_every_diagnostic_for_each_subject PASS
✓ typecheck v2.std.compilers.target_model done in 14 seconds
PASS shared_context_malformed_root_refusal_preserves_every_diagnostic_for_each_subject
VERIFY shared_context_malformed_root_refusal_preserves_every_diagnostic_for_each_subject PASS
✓ typecheck v2.std.compilers.target_model done in 12 seconds
PASS shared_context_resolves_two_subjects_and_preserves_missing_subject_location
VERIFY shared_context_resolves_two_subjects_and_preserves_missing_subject_location PASS
✓ typecheck v2.std.compilers.target_model done in 13 seconds
PASS resolve_dual_imports_do_not_collide_on_header_metadata
VERIFY resolve_dual_imports_do_not_collide_on_header_metadata PASS
✓ typecheck v2.std.compilers.target_model done in 12 seconds
PASS resolve_with_admission_threads_validate_diagnostics_on_accept
VERIFY resolve_with_admission_threads_validate_diagnostics_on_accept PASS
✓ typecheck v2.std.compilers.target_model done in 11 seconds
✓ typecheck v2.compiler.translate done in 4 seconds
PASS shared_root_validation_refusal_stays_at_prepare_for_each_identity
VERIFY shared_root_validation_refusal_stays_at_prepare_for_each_identity PASS
✓ typecheck v2.std.compilers.target_model done in 13 seconds
✓ typecheck v2.compiler.translate done in 4 seconds
PASS the_requested_declaration_is_selected_and_evaluated
VERIFY the_requested_declaration_is_selected_and_evaluated PASS
✓ typecheck v2.std.compilers.target_model done in 12 seconds
✓ typecheck v2.compiler.translate done in 4 seconds
PASS a_nested_same_named_graft_edge_is_not_selected
VERIFY a_nested_same_named_graft_edge_is_not_selected PASS
✓ typecheck v2.std.compilers.target_model done in 11 seconds
✓ typecheck v2.compiler.translate done in 4 seconds
PASS an_absent_declaration_is_not_found
VERIFY an_absent_declaration_is_not_found PASS
✓ typecheck v2.std.compilers.target_model done in 11 seconds
✓ typecheck v2.compiler.translate done in 3 seconds
PASS a_sibling_modules_declaration_is_not_selected
VERIFY a_sibling_modules_declaration_is_not_selected PASS
