[workspace-root] discovered /home/briansrls/scratch-wt/workspace-executor-isolated
✓ typecheck v2.std.compilers.target_model done in 24 seconds
[pre-entry] phase=workspace_discovery ms=3 scale=closure
[pre-entry] phase=source_root_walk_and_read ms=6 scale=tree
[pre-entry] phase=graph_facts_import_edges ms=1387 scale=tree
[pre-entry] phase=graph_facts_module_declarations ms=0 scale=tree
[pre-entry] phase=pool_census_parse ms=146 scale=tree
[pre-entry] phase=closure_name_census_build ms=577 scale=tree
[pre-entry] phase=reference_pool_names_from_census ms=5 scale=tree
[pre-entry] phase=selection_tier_closure_files ms=17 scale=closure
[pre-entry] phase=closure_load ms=2082 scale=closure
[pre-entry] phase=closure_parse ms=1584 scale=closure
[pre-entry] phase=closure_resolve ms=55 scale=closure
[pre-entry] phase=closure_normalize ms=308 scale=closure
[pre-entry] phase=closure_typecheck ms=32294 scale=closure
[pre-entry] phase=closure_parent_envs ms=1 scale=closure
[pre-entry] phase=closure_reconcile_assembly ms=27 scale=closure
[pre-entry] phase=closure_ownership ms=292 scale=closure
[pre-entry] phase=resolve_entry_graph_inclusive ms=41180 scale=closure
[pre-entry] population pool_modules=121 closure_files=119
[pre-entry] process_cpu user_ms=40526 sys_ms=511 max_rss_kib=955884
◐ started git.Core.Show
✓ git.Core.Show done in 18ms
	Command being timed: "/home/briansrls/gunbc/target/release/gunbc run --source-root target/reconcile-classifier --source-root target/cost-debt-benchmark-corrected --entry target/cost-debt-benchmark-corrected/benchmark.dag --claim-run --function main"
	User time (seconds): 1089.05
	System time (seconds): 2.87
	Percent of CPU this job got: 99%
	Elapsed (wall clock) time (h:mm:ss or m:ss): 18:15.42
	Average shared text size (kbytes): 0
	Average unshared data size (kbytes): 0
	Average stack size (kbytes): 0
	Average total size (kbytes): 0
	Maximum resident set size (kbytes): 2423264
	Average resident set size (kbytes): 0
	Major (requiring I/O) page faults: 148
	Minor (reclaiming a frame) page faults: 655564
	Voluntary context switches: 385
	Involuntary context switches: 426996
	Swaps: 0
	File system inputs: 19544
	File system outputs: 24
	Socket messages sent: 0
	Socket messages received: 0
	Signals delivered: 0
	Page size (bytes): 4096
	Exit status: 0
