[workspace-root] discovered /home/briansrls/scratch-wt/workspace-executor-isolated
✓ typecheck v2.std.compilers.target_model done in 28 seconds
✓ typecheck v2.compiler.target_serialize done in 2 seconds
✓ typecheck v2.compiler.body_lowering_fold done in 2 seconds
✓ typecheck v2.compiler.source_authority done in 2 seconds
✓ typecheck v2.compiler.translate done in 4 seconds
✓ typecheck gunbc.spark.pair_serving_authority_log done in 2 seconds
✓ typecheck gunbc.roadmap_belt_actuate done in 3 seconds
✓ typecheck gunbc.roadmap_component done in 3 seconds
✓ typecheck gunbc.roadmap_page done in 2 seconds
✓ typecheck gunbc.live_deploy.emit done in 3 seconds
✓ typecheck gunbc.host_effect_realize done in 23 seconds
✓ typecheck gunbc.machine_intake_mtcollins1_boot_run done in 2 seconds
✓ typecheck gunbc.ci_spec done in 2 seconds
✓ typecheck gunbc.fleet_converge_workflow done in 2 seconds
[pre-entry] phase=workspace_discovery ms=3 scale=closure
[pre-entry] phase=source_root_walk_and_read ms=37 scale=tree
[pre-entry] phase=graph_facts_import_edges ms=9877 scale=tree
[pre-entry] phase=graph_facts_module_declarations ms=1 scale=tree
[pre-entry] phase=pool_census_parse ms=1411 scale=tree
[pre-entry] phase=closure_name_census_build ms=2229 scale=tree
[pre-entry] phase=reference_pool_names_from_census ms=59 scale=tree
[pre-entry] phase=selection_tier_closure_files ms=94 scale=closure
[pre-entry] phase=closure_load ms=14823 scale=closure
[pre-entry] phase=closure_parse ms=10631 scale=closure
[pre-entry] phase=closure_resolve ms=626 scale=closure
[pre-entry] phase=closure_normalize ms=2090 scale=closure
[pre-entry] phase=closure_typecheck ms=220588 scale=closure
[pre-entry] phase=closure_parent_envs ms=20 scale=closure
[pre-entry] phase=closure_reconcile_assembly ms=322 scale=closure
[pre-entry] phase=closure_ownership ms=2717 scale=closure
[pre-entry] phase=reconcile_pool_qualified_fill ms=2160 scale=tree
[pre-entry] phase=reconcile_root_bare_underlay ms=1915 scale=tree
[pre-entry] phase=reconcile_root_variant_base ms=272 scale=tree
[pre-entry] phase=resolve_entry_graph_inclusive ms=330026 scale=closure
[pre-entry] population pool_modules=1324 closure_files=1323
[pre-entry] process_cpu user_ms=323974 sys_ms=4802 max_rss_kib=10018060
◐ started Filesystem.Write .github/workflows/fleet-converge.yml (318876 bytes)
	Command being timed: "./target/release/gunbc run --source-root target/reconcile-workflow-light --entry target/reconcile-workflow-light/workflow_emission.dag --claim-run --function main"
	User time (seconds): 359.02
	System time (seconds): 7.33
	Percent of CPU this job got: 99%
	Elapsed (wall clock) time (h:mm:ss or m:ss): 6:07.78
	Average shared text size (kbytes): 0
	Average unshared data size (kbytes): 0
	Average stack size (kbytes): 0
	Average total size (kbytes): 0
	Maximum resident set size (kbytes): 12202968
	Average resident set size (kbytes): 0
	Major (requiring I/O) page faults: 11
	Minor (reclaiming a frame) page faults: 3072378
	Voluntary context switches: 554
	Involuntary context switches: 151710
	Swaps: 0
	File system inputs: 39584
	File system outputs: 752
	Socket messages sent: 0
	Socket messages received: 0
	Signals delivered: 0
	Page size (bytes): 4096
	Exit status: 0
