[workspace-root] discovered /home/briansrls/scratch-wt/workspace-executor-isolated
✓ typecheck v2.std.compilers.target_model done in 25 seconds
✓ typecheck v2.compiler.body_lowering_fold done in 2 seconds
✓ typecheck v2.compiler.source_authority done in 2 seconds
✓ typecheck v2.compiler.translate done in 3 seconds
✓ typecheck gunbc.spark.pair_serving_authority_log done in 2 seconds
✓ typecheck gunbc.roadmap_belt_actuate done in 2 seconds
✓ typecheck gunbc.roadmap_component done in 2 seconds
✓ typecheck gunbc.live_deploy.emit done in 3 seconds
✓ typecheck gunbc.host_effect_realize done in 20 seconds
✓ typecheck gunbc.ci_spec done in 2 seconds
✓ typecheck gunbc.fleet_converge_workflow done in 2 seconds
[pre-entry] phase=workspace_discovery ms=3 scale=closure
[pre-entry] phase=source_root_walk_and_read ms=31 scale=tree
[pre-entry] phase=graph_facts_import_edges ms=9285 scale=tree
[pre-entry] phase=graph_facts_module_declarations ms=1 scale=tree
[pre-entry] phase=pool_census_parse ms=1352 scale=tree
[pre-entry] phase=closure_name_census_build ms=2021 scale=tree
[pre-entry] phase=reference_pool_names_from_census ms=56 scale=tree
[pre-entry] phase=selection_tier_closure_files ms=89 scale=closure
[pre-entry] phase=closure_load ms=13701 scale=closure
[pre-entry] phase=closure_parse ms=10207 scale=closure
[pre-entry] phase=closure_resolve ms=602 scale=closure
[pre-entry] phase=closure_normalize ms=1990 scale=closure
[pre-entry] phase=closure_typecheck ms=197770 scale=closure
[pre-entry] phase=closure_parent_envs ms=19 scale=closure
[pre-entry] phase=closure_reconcile_assembly ms=324 scale=closure
[pre-entry] phase=closure_ownership ms=2586 scale=closure
[pre-entry] phase=reconcile_pool_qualified_fill ms=1981 scale=tree
[pre-entry] phase=reconcile_root_bare_underlay ms=1755 scale=tree
[pre-entry] phase=reconcile_root_variant_base ms=247 scale=tree
[pre-entry] phase=resolve_entry_graph_inclusive ms=300500 scale=closure
[pre-entry] population pool_modules=1324 closure_files=1323
[pre-entry] process_cpu user_ms=294545 sys_ms=4785 max_rss_kib=10034896
PASS workflow_dispatch_nonempty_inputs_are_realized_not_dropped
PASS workflow_dispatch_empty_inputs_preserve_null_projection
PASS workflow_dispatch_choice_input_projects_options_list
PASS fleet_converge_workflow_has_build_job_needs_release_bins
PASS fleet_converge_job_roster_red_names_a_job_with_no_rostered_mode
PASS fleet_converge_job_roster_red_names_a_rostered_mode_job_with_no_edge
PASS fleet_converge_job_roster_red_names_a_duplicated_edge_row
PASS fleet_converge_job_roster_red_on_an_edge_that_skips_build
PASS fleet_converge_workflow_has_no_heal_revalidation_paste_through
PASS fleet_converge_apply_step_binds_plan_hash_to_env_not_shell_literal
PASS fleet_converge_spark_bootstrap_mode_reuses_the_grant_prelude_and_names_its_entry
PASS fleet_converge_spark_serving_apply_prints_the_receipt_its_entry_writes
PASS the_dark_install_step_invokes_the_runner_principal_fold
PASS the_dark_install_job_guards_on_its_own_dispatch_mode
PASS fleet_converge_org_actions_mode_binds_secret_and_modeled_entry_holds
PASS an_unnamed_reset_observer_refuses_in_the_always_schedulable_job
PASS a_whitespace_only_observer_is_refused_as_unnamed
PASS the_reset_observer_dispatch_admission_step_carries_its_gate_entry_and_inputs
PASS the_build_job_carries_the_reset_observer_dispatch_admission
PASS the_host_reset_return_job_is_gated_by_the_admissions_gate
PASS the_reset_job_shares_the_mutation_domain_of_its_subject
PASS a_reset_subject_map_escapes_a_label_that_would_break_the_json
PASS the_password_session_tool_mode_is_on_the_roster_with_distinct_wires
PASS the_browser_toolchain_mode_is_on_the_roster_with_distinct_wires
PASS every_dispatch_option_is_a_wire_value_of_the_vocabulary
PASS a_step_condition_is_the_wire_value_of_the_mode_it_selects
PASS dashboard_deploy_selects_live_deploy_scope_while_the_plan_modes_do
PASS the_microvm_network_step_binds_the_dispatched_host_into_its_environment
PASS the_microvm_network_observe_mode_claims_the_fleet_ssh_key_its_admin_reads_consume
PASS the_fabric_writer_identity_receipt_upload_survives_a_failed_observation
PASS the_pair_serving_d0_mode_binds_host_consent_and_revision_and_admits_before_credentials
PASS the_v41_checkpoint_materialize_mode_serializes_on_group_a
PASS the_v41_runtime_image_build_serializes_on_group_a_and_the_probe_does_not
PASS the_pair_serving_d0_invocation_is_bounded_and_the_step_timeout_is_the_declared_sum
PASS the_approval_keyring_converge_prelude_carries_the_shared_total_bound
PASS the_mtcollins1_boot_prelude_carries_the_shared_total_bound
PASS the_mtcollins1_fan_observe_prelude_carries_the_shared_total_bound
PASS workspace_commissioning_plan_is_bound_and_uploaded
	Command being timed: "./target/release/gunbc run --source-root target/reconcile-workflow-light --entry target/reconcile-workflow-light/test.claim.workflow_dispatch_input_witness.dag --claim-run"
	User time (seconds): 327.16
	System time (seconds): 7.25
	Percent of CPU this job got: 99%
	Elapsed (wall clock) time (h:mm:ss or m:ss): 5:35.73
	Average shared text size (kbytes): 0
	Average unshared data size (kbytes): 0
	Average stack size (kbytes): 0
	Average total size (kbytes): 0
	Maximum resident set size (kbytes): 12197036
	Average resident set size (kbytes): 0
	Major (requiring I/O) page faults: 0
	Minor (reclaiming a frame) page faults: 3070580
	Voluntary context switches: 554
	Involuntary context switches: 138803
	Swaps: 0
	File system inputs: 0
	File system outputs: 112
	Socket messages sent: 0
	Socket messages received: 0
	Signals delivered: 0
	Page size (bytes): 4096
	Exit status: 0
