[workspace-root] discovered /home/briansrls/scratch-wt/allocation-vertical-resume
[pre-entry] phase=workspace_discovery ms=3 scale=closure
[pre-entry] phase=source_root_walk_and_read ms=2 scale=tree
[pre-entry] phase=graph_facts_import_edges ms=366 scale=tree
[pre-entry] phase=graph_facts_module_declarations ms=0 scale=tree
[pre-entry] phase=pool_census_parse ms=133 scale=tree
[pre-entry] phase=closure_name_census_build ms=133 scale=tree
[pre-entry] phase=reference_pool_names_from_census ms=2 scale=tree
[pre-entry] phase=selection_tier_closure_files ms=3 scale=closure
[pre-entry] phase=closure_load ms=145 scale=closure
[pre-entry] phase=closure_parse ms=648 scale=closure
[pre-entry] phase=closure_resolve ms=20 scale=closure
[pre-entry] phase=closure_normalize ms=77 scale=closure
[pre-entry] phase=closure_typecheck ms=2946 scale=closure
[pre-entry] phase=closure_parent_envs ms=0 scale=closure
[pre-entry] phase=closure_reconcile_assembly ms=11 scale=closure
[pre-entry] phase=closure_ownership ms=61 scale=closure
[pre-entry] phase=resolve_entry_graph_inclusive ms=5502 scale=closure
[pre-entry] population pool_modules=59 closure_files=59
[pre-entry] process_cpu user_ms=5287 sys_ms=191 max_rss_kib=312064
PASS a_peak_under_its_line_is_uncensored_and_a_peak_at_or_over_it_is_a_pin
PASS the_charge_ceiling_is_the_largest_peak_across_receipts
PASS the_charge_ceiling_is_the_pin_and_the_sizing_input_is_the_uncensored_receipt
PASS the_work_memory_requirement_is_the_held_set_peak_or_absent
PASS the_held_set_rule_counts_disjoint_terms_only
PASS a_beat_whose_held_set_cannot_be_represented_makes_the_receipt_torn
PASS a_beat_with_more_shmem_than_file_refuses_the_cache_subtraction
PASS the_peak_and_last_unstalled_beats_are_derived_from_the_raw_beats
PASS the_production_receipt_joins_its_typed_beats_to_the_cited_producer_readings
PASS the_pin_receipt_was_armed_at_the_declared_throttle_line
PASS gibibyte_grain_rounds_up_and_leaves_a_whole_gibibyte_alone
PASS a_count_at_the_representable_bound_has_no_gibibyte_ceiling
PASS the_floor_storage_requirement_is_the_rounded_component_sum
PASS the_warm_wall_receipt_is_a_warm_reading_under_the_lane_timeout
PASS the_peak_seam_names_the_beat_that_established_the_peak_not_the_largest_charge
PASS a_peak_beat_without_a_seam_refuses_rather_than_naming_a_phase
PASS the_standing_receipt_attributes_its_peak_to_a_named_seam
PASS the_2026_09_23_receipt_reads_an_uncensored_sampled_maximum_through_its_leaf_swap
PASS the_superseded_2026_09_19_receipt_still_cannot_attribute_its_peak
PASS neither_standing_receipt_reads_an_uncensored_demand
PASS a_completed_unstalled_run_without_swap_reads_an_uncensored_sampled_maximum
PASS an_unread_stall_is_neither_stalled_nor_unstalled
PASS a_torn_receipt_reading_standing_names_the_tear_not_an_absence
PASS an_unreadable_seam_on_the_peak_beat_is_its_own_cause
PASS a_peak_beat_whose_stall_did_not_read_is_not_a_demand
PASS both_swap_arms_censor_and_a_read_zero_ceiling_does_not
PASS a_beat_whose_seam_moved_during_the_sample_attributes_to_neither_phase
PASS a_leaf_swap_reading_at_the_peak_decides_before_the_declared_policy
PASS the_two_planning_seam_tokens_read_as_distinct_constructors
