[workspace-root] discovered /home/briansrls/scratch-wt/workspace-commissioning-production
✓ typecheck v2.std.compilers.target_model done in 25 seconds
✓ typecheck v2.compiler.target_serialize done in 2 seconds
✓ typecheck gunbc.runner_microvm_slot_controller done in 4 seconds
[pre-entry] phase=workspace_discovery ms=12 scale=closure
[pre-entry] phase=source_root_walk_and_read ms=22 scale=tree
[pre-entry] phase=graph_facts_import_edges ms=5263 scale=tree
[pre-entry] phase=graph_facts_module_declarations ms=0 scale=tree
[pre-entry] phase=pool_census_parse ms=1937 scale=tree
[pre-entry] phase=closure_name_census_build ms=2095 scale=tree
[pre-entry] phase=reference_pool_names_from_census ms=34 scale=tree
[pre-entry] phase=selection_tier_closure_files ms=51 scale=closure
[pre-entry] phase=closure_load ms=2619 scale=closure
[pre-entry] phase=closure_parse ms=9790 scale=closure
[pre-entry] phase=closure_resolve ms=345 scale=closure
[pre-entry] phase=closure_normalize ms=1106 scale=closure
[pre-entry] phase=closure_typecheck ms=96350 scale=closure
[pre-entry] phase=closure_parent_envs ms=10 scale=closure
[pre-entry] phase=closure_reconcile_assembly ms=195 scale=closure
[pre-entry] phase=closure_ownership ms=1498 scale=closure
[pre-entry] phase=resolve_entry_graph_inclusive ms=152022 scale=closure
[pre-entry] population pool_modules=781 closure_files=781
[pre-entry] process_cpu user_ms=148763 sys_ms=2660 max_rss_kib=5220352
PASS a_start_is_admitted_only_with_this_invocations_controller_receipt
PASS changed_invocation_cannot_complete_the_waited_controller
PASS unreadable_activity_is_not_termination
PASS exact_invocation_must_reach_a_known_terminal_state
