[workspace-root] discovered /home/briansrls/scratch-wt/allocation-vertical-resume
✓ typecheck v2.std.compilers.target_model done in 23 seconds
[pre-entry] phase=workspace_discovery ms=3 scale=closure
[pre-entry] phase=source_root_walk_and_read ms=18 scale=tree
[pre-entry] phase=graph_facts_import_edges ms=5125 scale=tree
[pre-entry] phase=graph_facts_module_declarations ms=0 scale=tree
[pre-entry] phase=pool_census_parse ms=1724 scale=tree
[pre-entry] phase=closure_name_census_build ms=1841 scale=tree
[pre-entry] phase=reference_pool_names_from_census ms=29 scale=tree
[pre-entry] phase=selection_tier_closure_files ms=20 scale=closure
[pre-entry] phase=closure_load ms=1897 scale=closure
[pre-entry] phase=closure_parse ms=2064 scale=closure
[pre-entry] phase=closure_resolve ms=71 scale=closure
[pre-entry] phase=closure_normalize ms=253 scale=closure
[pre-entry] phase=closure_typecheck ms=31658 scale=closure
[pre-entry] phase=closure_parent_envs ms=1 scale=closure
[pre-entry] phase=closure_reconcile_assembly ms=36 scale=closure
[pre-entry] phase=closure_ownership ms=242 scale=closure
[pre-entry] phase=resolve_entry_graph_inclusive ms=50163 scale=closure
[pre-entry] population pool_modules=773 closure_files=210
[pre-entry] process_cpu user_ms=49097 sys_ms=931 max_rss_kib=1963068
PASS a_build_output_is_admitted_to_the_durable_origin_under_a_row_naming_the_route
PASS the_public_map_admits_nothing
PASS a_category_with_rows_for_another_sink_only_is_refused_at_the_sink
PASS a_durable_row_on_another_route_is_refused_at_the_route
PASS a_row_under_a_superseded_posture_is_stale_not_admitting
PASS a_personal_identity_handed_to_a_build_output_sink_is_refused_before_the_map_is_read
PASS a_projection_of_classified_data_keeps_its_category
PASS a_redacted_value_keeps_the_category_and_the_basis_and_nothing_else
PASS the_fleet_route_durable_permit_authorises_the_origin_write
PASS a_log_channel_permit_for_build_output_does_not_authorise_the_origin_write
PASS a_transmit_permit_on_the_fleet_route_does_not_authorise_a_durable_store
PASS an_operation_the_row_does_not_admit_is_refused_at_the_fold
PASS a_purpose_the_row_does_not_admit_is_refused_at_the_fold
PASS a_recipient_the_row_does_not_admit_is_refused_at_the_fold
PASS the_standard_claims_survive_classification_intact
