[workspace-root] discovered /home/briansrls/scratch-wt/allocation-vertical-resume
✓ typecheck v2.std.compilers.target_model done in 23 seconds
[pre-entry] phase=workspace_discovery ms=3 scale=closure
[pre-entry] phase=source_root_walk_and_read ms=21 scale=tree
[pre-entry] phase=graph_facts_import_edges ms=5186 scale=tree
[pre-entry] phase=graph_facts_module_declarations ms=0 scale=tree
[pre-entry] phase=pool_census_parse ms=1800 scale=tree
[pre-entry] phase=closure_name_census_build ms=1903 scale=tree
[pre-entry] phase=reference_pool_names_from_census ms=31 scale=tree
[pre-entry] phase=selection_tier_closure_files ms=26 scale=closure
[pre-entry] phase=closure_load ms=2001 scale=closure
[pre-entry] phase=closure_parse ms=3515 scale=closure
[pre-entry] phase=closure_resolve ms=125 scale=closure
[pre-entry] phase=closure_normalize ms=435 scale=closure
[pre-entry] phase=closure_typecheck ms=40670 scale=closure
[pre-entry] phase=closure_parent_envs ms=3 scale=closure
[pre-entry] phase=closure_reconcile_assembly ms=69 scale=closure
[pre-entry] phase=closure_ownership ms=456 scale=closure
[pre-entry] phase=resolve_entry_graph_inclusive ms=64064 scale=closure
[pre-entry] population pool_modules=773 closure_files=349
[pre-entry] process_cpu user_ms=62632 sys_ms=1245 max_rss_kib=2573276
PASS callback_requires_initiating_browser_cookie
◐ started shell.Mktemp.DirWithTemplate
✓ shell.Mktemp.DirWithTemplate done in 2ms
[file] write_owner_only /tmp/gunbc-login-consume.lzIC68/state-A.json (211 bytes)
[file] list /tmp/gunbc-login-consume.lzIC68
[file] write_create_new_with_mode /tmp/gunbc-login-consume.lzIC68/state-A.json.consumed (8 bytes, mode 600)
[file] delete /tmp/gunbc-login-consume.lzIC68/state-A.json
[file] list /tmp/gunbc-login-consume.lzIC68
PASS transaction_consume_has_one_winner_over_real_files
