[workspace-root] discovered /home/briansrls/scratch-wt/workspace-executor-isolated
✓ typecheck v2.std.compilers.target_model done in 27 seconds
✓ typecheck v2.compiler.target_serialize done in 2 seconds
✓ typecheck v2.compiler.body_lowering_fold done in 2 seconds
✓ typecheck v2.compiler.source_authority done in 2 seconds
✓ typecheck v2.compiler.translate done in 4 seconds
✓ typecheck gunbc.roadmap_belt_actuate done in 2 seconds
✓ typecheck gunbc.roadmap_component done in 2 seconds
✓ typecheck gunbc.roadmap_page done in 2 seconds
✓ typecheck gunbc.live_deploy.emit done in 3 seconds
✓ typecheck gunbc.host_effect_realize done in 22 seconds
✓ typecheck gunbc.runner_microvm_slot_controller done in 5 seconds
✓ typecheck gunbc.live_deploy.apply done in 3 seconds
✓ typecheck gunbc.fleet_converge_plan done in 2 seconds
✓ typecheck gunbc.fleet_converge_plan_cli done in 2 seconds
✓ typecheck test.claim.fleet_converge_plan_witness done in 2 seconds
[pre-entry] phase=workspace_discovery ms=3 scale=closure
[pre-entry] phase=source_root_walk_and_read ms=29 scale=tree
[pre-entry] phase=graph_facts_import_edges ms=8168 scale=tree
[pre-entry] phase=graph_facts_module_declarations ms=1 scale=tree
[pre-entry] phase=pool_census_parse ms=1056 scale=tree
[pre-entry] phase=closure_name_census_build ms=1508 scale=tree
[pre-entry] phase=reference_pool_names_from_census ms=44 scale=tree
[pre-entry] phase=selection_tier_closure_files ms=69 scale=closure
[pre-entry] phase=closure_load ms=11619 scale=closure
[pre-entry] phase=closure_parse ms=9134 scale=closure
[pre-entry] phase=closure_resolve ms=544 scale=closure
[pre-entry] phase=closure_normalize ms=1756 scale=closure
[pre-entry] phase=closure_typecheck ms=194242 scale=closure
[pre-entry] phase=closure_parent_envs ms=16 scale=closure
[pre-entry] phase=closure_reconcile_assembly ms=261 scale=closure
[pre-entry] phase=closure_ownership ms=2129 scale=closure
[pre-entry] phase=reconcile_pool_qualified_fill ms=1627 scale=tree
[pre-entry] phase=reconcile_root_bare_underlay ms=1433 scale=tree
[pre-entry] phase=reconcile_root_variant_base ms=196 scale=tree
[pre-entry] phase=resolve_entry_graph_inclusive ms=280078 scale=closure
[pre-entry] population pool_modules=1159 closure_files=1159
[pre-entry] process_cpu user_ms=275250 sys_ms=3901 max_rss_kib=8239176
PASS witness_fabric_cell_drifted_and_absent_are_different_observations
PASS witness_fabric_cell_kernel_conserves_every_expected_ref
PASS witness_fabric_cell_kernel_conserves_unexpected_supplied_evidence
PASS witness_fabric_cell_kernel_exact_roster_has_no_unexpected_evidence
PASS witness_fabric_cell_unexpected_readback_refuses_rather_than_vanishing
PASS witness_fabric_cell_duplicate_unexpected_readbacks_are_one_subject
PASS witness_fabric_cell_unexpected_evidence_is_order_independent
PASS witness_fabric_cell_cross_host_readback_refuses_as_a_mismatch_not_as_unexpected
PASS witness_fabric_cell_cross_host_pair_is_order_independent
PASS witness_fabric_cell_distinct_unexpected_slots_are_counted_separately
PASS witness_fabric_cell_host_mismatches_are_order_independent
PASS witness_fabric_cell_host_mismatches_sharing_an_index_are_order_independent
PASS witness_fabric_cell_duplicate_host_mismatches_are_one_subject
PASS witness_fabric_cell_contradiction_remedy_is_not_the_unread_remedy
PASS witness_fabric_cell_kernel_partitions_a_foreign_expected_slot_exactly_once
PASS witness_fabric_cell_foreign_expected_slot_is_its_own_refusal_subject
PASS witness_fabric_cell_supplied_refusals_render_as_refusals
PASS witness_scope_changes_subject_identity
PASS witness_request_scope_is_its_arm
PASS witness_scope_row_is_what_separates_the_two_baselines
PASS witness_subject_carries_scope_as_a_readable_fact
PASS witness_apply_refuses_a_scope_crossing_and_admits_its_own_scope
	Command being timed: "./target/release/gunbc run --source-root target/local-fleet-qualification --entry target/local-fleet-qualification/test.claim.fleet_converge_plan_witness.dag --claim-run --function witness_fabric_cell_drifted_and_absent_are_different_observations --function witness_fabric_cell_kernel_conserves_every_expected_ref --function witness_fabric_cell_kernel_conserves_unexpected_supplied_evidence --function witness_fabric_cell_kernel_exact_roster_has_no_unexpected_evidence --function witness_fabric_cell_unexpected_readback_refuses_rather_than_vanishing --function witness_fabric_cell_duplicate_unexpected_readbacks_are_one_subject --function witness_fabric_cell_unexpected_evidence_is_order_independent --function witness_fabric_cell_cross_host_readback_refuses_as_a_mismatch_not_as_unexpected --function witness_fabric_cell_cross_host_pair_is_order_independent --function witness_fabric_cell_distinct_unexpected_slots_are_counted_separately --function witness_fabric_cell_host_mismatches_are_order_independent --function witness_fabric_cell_host_mismatches_sharing_an_index_are_order_independent --function witness_fabric_cell_duplicate_host_mismatches_are_one_subject --function witness_fabric_cell_contradiction_remedy_is_not_the_unread_remedy --function witness_fabric_cell_kernel_partitions_a_foreign_expected_slot_exactly_once --function witness_fabric_cell_foreign_expected_slot_is_its_own_refusal_subject --function witness_fabric_cell_supplied_refusals_render_as_refusals --function witness_scope_changes_subject_identity --function witness_request_scope_is_its_arm --function witness_scope_row_is_what_separates_the_two_baselines --function witness_subject_carries_scope_as_a_readable_fact --function witness_apply_refuses_a_scope_crossing_and_admits_its_own_scope"
	User time (seconds): 286.85
	System time (seconds): 4.80
	Percent of CPU this job got: 99%
	Elapsed (wall clock) time (h:mm:ss or m:ss): 4:52.63
	Average shared text size (kbytes): 0
	Average unshared data size (kbytes): 0
	Average stack size (kbytes): 0
	Average total size (kbytes): 0
	Maximum resident set size (kbytes): 8283208
	Average resident set size (kbytes): 0
	Major (requiring I/O) page faults: 0
	Minor (reclaiming a frame) page faults: 2080439
	Voluntary context switches: 386
	Involuntary context switches: 120988
	Swaps: 0
	File system inputs: 0
	File system outputs: 120
	Socket messages sent: 0
	Socket messages received: 0
	Signals delivered: 0
	Page size (bytes): 4096
	Exit status: 0
