ctrl-build: dispatching remote build via BuildBuddy
ctrl-build: remote image: docker://ghcr.io/gunb-ai/ctrl-session:latest
ctrl-build: command: bash -lc cargo\ build\ --release\ --bin\ claim_executor\ 2\>\&1\ \|\ tail\ -5\ \&\&\ ./target/release/claim_executor\ --required-ci\ --source-root\ dag\ --source-root\ src/v2\ 2\>\&1\ \|\ tail\ -120
ctrl-build: forwarding env: (none)
Warning: Mirroring your local git state is taking a long time. See https://www.buildbuddy.io/docs/remote-bazel/#automatic-git-state-mirroring for more details and suggestions.

Waiting for available remote runner...
Streaming remote runner logs to: https://app.buildbuddy.io/invocation/a4e91d0b-ec87-4f3c-a1a6-299cc6e40524
[90m2026-08-22 03:01:57.547 UTC [mSyncing existing repo...
[90m2026-08-22 03:01:57.547 UTC [mConfiguring repository...
[90m2026-08-22 03:01:57.997 UTC [mConfiguring remote "origin"...
[90m2026-08-22 03:01:58.025 UTC [32m$ [mgit fetch --force --progress --depth=1 origin 90986d19469397098ddaa799dfc9e9087541cbf4
error: RPC failed; curl 28 Operation too slow. Less than 400000 bytes/sec transferred the last 15 seconds
error: 33 bytes of body are still expected
fatal: expected flush after ref listing
[31mCommand failed: exit status 128
[90m2026-08-22 03:02:14.409 UTC [mThe fetch was aborted because the transfer rate was too slow. Retrying (attempt 1 of 3)...
[90m2026-08-22 03:02:14.409 UTC [32m$ [mgit fetch --force --progress --depth=1 origin 90986d19469397098ddaa799dfc9e9087541cbf4
remote: Total 0 (delta 0), reused 0 (delta 0), pack-reused 0 (from 0)
From https://github.com/gunb-ai/gunbc
 * branch            90986d19469397098ddaa799dfc9e9087541cbf4 -> FETCH_HEAD
warning: fetch normally indicates which branches had a forced update,
but that check has been disabled; to re-enable, use '--show-forced-updates'
flag or run 'git config fetch.showForcedUpdates true'
[90m2026-08-22 03:02:15.637 UTC [32m$ [mgit clean -x -d --force
Removing 66c6c04fdcc0e158ae3f3855eeb6dc94ba35729d9e6add4a8ce8a2be62bde445
Removing target/
[90m2026-08-22 03:02:15.882 UTC [32m$ [mgit checkout --force -B main 90986d19469397098ddaa799dfc9e9087541cbf4
Reset branch 'main'
[90m2026-08-22 03:02:16.089 UTC [32m$ [mgit apply --verbose 8cdcb58953f623e0b2ee5891337fdea7f6b55e9aa3a438a3fefc561fc63b6eac
Checking patch dag/examples/gunbhub_serve_program/gunbhub_serve_program.dag...
Checking patch dag/gunbc/assimilate/bmc_wif_canary_bootstrap.dag...
Checking patch dag/gunbc/cursor_sdk_secure_api_key.dag...
Checking patch dag/gunbc/devboot/vertical_receipt.dag...
Checking patch dag/gunbc/floor_resolve_realization.dag...
Checking patch dag/gunbc/generic_binder_field_projection_deficit.dag...
Checking patch dag/gunbc/language_subject_scope_scaffold.dag...
Checking patch dag/gunbc/p3a1_self_fork_homonym_disposition.dag...
Checking patch dag/gunbc/parse_allowlist.dag...
Checking patch dag/gunbc/pr_digests.dag...
Checking patch dag/gunbc/provider_standing_live_probes.dag...
Checking patch dag/gunbc/site/register_principles.dag...
Checking patch dag/gunbc/srv4_seeded_install_media_artifact.dag...
Checking patch dag/gunbc/tools/bmc_onboard_validate.dag...
Checking patch dag/gunbc/tools/grounding_confirm.dag...
Checking patch dag/gunbc/tools/roadmap_spawn_request.dag...
Checking patch dag/gunbc/witness_family_fanout.dag...
Checking patch dag/shared/dag_util.dag...
Checking patch dag/std/binding.dag...
Checking patch dag/std/containers.dag...
Checking patch dag/std/list.dag...
Checking patch dag/tools/build.dag...
Checking patch dag/tools/codegen.dag...
Checking patch dag/tools/readme.dag...
Checking patch dag/tools/roadmap_dispatch.dag...
Checking patch docs/plans/model-grounding-lens-extract.md...
Checking patch docs/plans/review-surface-subject-map.md...
Checking patch src/v2/bin/main.dag...
Checking patch src/v2/extdeps/formats/csv.dag...
Checking patch src/v2/extdeps/formats/json_schema.dag...
Checking patch src/v2/extdeps/formats/openapi.dag...
Checking patch src/v2/extdeps/formats/toml.dag...
Checking patch src/v2/extdeps/formats/yaml.dag...
Checking patch src/v2/extdeps/formatters/black.dag...
Checking patch src/v2/extdeps/formatters/clang_format.dag...
Checking patch src/v2/extdeps/formatters/gofmt.dag...
Checking patch src/v2/extdeps/formatters/google_java_format.dag...
Checking patch src/v2/extdeps/formatters/ktfmt.dag...
Checking patch src/v2/extdeps/formatters/lean4_format.dag...
Checking patch src/v2/extdeps/formatters/prettier.dag...
Checking patch src/v2/extdeps/formatters/rustfmt.dag...
Checking patch src/v2/extdeps/formatters/swift_format.dag...
Checking patch src/v2/extdeps/language_model/go_r1.dag...
Checking patch src/v2/extdeps/language_model/go_r2a.dag...
Checking patch src/v2/extdeps/language_model/go_r2b.dag...
Checking patch src/v2/extdeps/language_model/go_r3_external.dag...
Checking patch src/v2/extdeps/language_model/python_cross_runtime_drift.dag...
Checking patch src/v2/extdeps/language_model/python_l2_cross_target_parity.dag...
Checking patch src/v2/extdeps/language_model/python_r2a.dag...
Checking patch src/v2/extdeps/language_model/python_r2b.dag...
Checking patch src/v2/extdeps/language_model/python_r3_external.dag...
Checking patch src/v2/extdeps/language_model/rust.dag...
Checking patch src/v2/extdeps/language_model/rust_r2a.dag...
Checking patch src/v2/extdeps/language_model/rust_r2b.dag...
Checking patch src/v2/extdeps/language_model/rust_r3_external.dag...
Checking patch src/v2/extdeps/language_model/typescript_r2a.dag...
Checking patch src/v2/extdeps/language_model/typescript_r2b.dag...
Checking patch src/v2/extdeps/language_model/typescript_r3_external.dag...
Checking patch src/v2/extdeps/typecheckers/mypy.dag...
Checking patch src/v2/extdeps/typecheckers/pyright.dag...
Checking patch src/v2/std/algebra_laws/zip_eq_list_equality.dag...
Checking patch src/v2/std/generic_instantiation.dag...
Checking patch src/v2/std/inhabitant_bridge.dag...
Checking patch src/v2/std/nat_semiring/rung_l1_go_compiler_slice.dag...
Checking patch src/v2/std/nat_semiring/rung_l1_python_runtime.dag...
Checking patch src/v2/std/qualified_name/from_node.dag...
Checking patch src/v2/std/rust_leaf_model_claim.dag...
Checking patch src/v2/std/type_expr_projection_row_schema.dag...
Checking patch src/v2/workflow/ci_stage0_partition_compile_gate_emit.dag...
Checking patch src/v2/workflow/ci_v1_compiler_test_targets_compile_gate_emit.dag...
Checking patch src/v2/workflow/floor2_prepared_subject.dag...
Checking patch src/v2/workflow/host_discovered_owned_data_manifest.dag...
Checking patch src/v2/workflow/probe_selector_host_health.dag...
Applied patch dag/examples/gunbhub_serve_program/gunbhub_serve_program.dag cleanly.
Applied patch dag/gunbc/assimilate/bmc_wif_canary_bootstrap.dag cleanly.
Applied patch dag/gunbc/cursor_sdk_secure_api_key.dag cleanly.
Applied patch dag/gunbc/devboot/vertical_receipt.dag cleanly.
Applied patch dag/gunbc/floor_resolve_realization.dag cleanly.
Applied patch dag/gunbc/generic_binder_field_projection_deficit.dag cleanly.
Applied patch dag/gunbc/language_subject_scope_scaffold.dag cleanly.
Applied patch dag/gunbc/p3a1_self_fork_homonym_disposition.dag cleanly.
Applied patch dag/gunbc/parse_allowlist.dag cleanly.
Applied patch dag/gunbc/pr_digests.dag cleanly.
Applied patch dag/gunbc/provider_standing_live_probes.dag cleanly.
Applied patch dag/gunbc/site/register_principles.dag cleanly.
Applied patch dag/gunbc/srv4_seeded_install_media_artifact.dag cleanly.
Applied patch dag/gunbc/tools/bmc_onboard_validate.dag cleanly.
Applied patch dag/gunbc/tools/grounding_confirm.dag cleanly.
Applied patch dag/gunbc/tools/roadmap_spawn_request.dag cleanly.
Applied patch dag/gunbc/witness_family_fanout.dag cleanly.
Applied patch dag/shared/dag_util.dag cleanly.
Applied patch dag/std/binding.dag cleanly.
Applied patch dag/std/containers.dag cleanly.
Applied patch dag/std/list.dag cleanly.
Applied patch dag/tools/build.dag cleanly.
Applied patch dag/tools/codegen.dag cleanly.
Applied patch dag/tools/readme.dag cleanly.
Applied patch dag/tools/roadmap_dispatch.dag cleanly.
Applied patch docs/plans/model-grounding-lens-extract.md cleanly.
Applied patch docs/plans/review-surface-subject-map.md cleanly.
Applied patch src/v2/bin/main.dag cleanly.
Applied patch src/v2/extdeps/formats/csv.dag cleanly.
Applied patch src/v2/extdeps/formats/json_schema.dag cleanly.
Applied patch src/v2/extdeps/formats/openapi.dag cleanly.
Applied patch src/v2/extdeps/formats/toml.dag cleanly.
Applied patch src/v2/extdeps/formats/yaml.dag cleanly.
Applied patch src/v2/extdeps/formatters/black.dag cleanly.
Applied patch src/v2/extdeps/formatters/clang_format.dag cleanly.
Applied patch src/v2/extdeps/formatters/gofmt.dag cleanly.
Applied patch src/v2/extdeps/formatters/google_java_format.dag cleanly.
Applied patch src/v2/extdeps/formatters/ktfmt.dag cleanly.
Applied patch src/v2/extdeps/formatters/lean4_format.dag cleanly.
Applied patch src/v2/extdeps/formatters/prettier.dag cleanly.
Applied patch src/v2/extdeps/formatters/rustfmt.dag cleanly.
Applied patch src/v2/extdeps/formatters/swift_format.dag cleanly.
Applied patch src/v2/extdeps/language_model/go_r1.dag cleanly.
Applied patch src/v2/extdeps/language_model/go_r2a.dag cleanly.
Applied patch src/v2/extdeps/language_model/go_r2b.dag cleanly.
Applied patch src/v2/extdeps/language_model/go_r3_external.dag cleanly.
Applied patch src/v2/extdeps/language_model/python_cross_runtime_drift.dag cleanly.
Applied patch src/v2/extdeps/language_model/python_l2_cross_target_parity.dag cleanly.
Applied patch src/v2/extdeps/language_model/python_r2a.dag cleanly.
Applied patch src/v2/extdeps/language_model/python_r2b.dag cleanly.
Applied patch src/v2/extdeps/language_model/python_r3_external.dag cleanly.
Applied patch src/v2/extdeps/language_model/rust.dag cleanly.
Applied patch src/v2/extdeps/language_model/rust_r2a.dag cleanly.
Applied patch src/v2/extdeps/language_model/rust_r2b.dag cleanly.
Applied patch src/v2/extdeps/language_model/rust_r3_external.dag cleanly.
Applied patch src/v2/extdeps/language_model/typescript_r2a.dag cleanly.
Applied patch src/v2/extdeps/language_model/typescript_r2b.dag cleanly.
Applied patch src/v2/extdeps/language_model/typescript_r3_external.dag cleanly.
Applied patch src/v2/extdeps/typecheckers/mypy.dag cleanly.
Applied patch src/v2/extdeps/typecheckers/pyright.dag cleanly.
Applied patch src/v2/std/algebra_laws/zip_eq_list_equality.dag cleanly.
Applied patch src/v2/std/generic_instantiation.dag cleanly.
Applied patch src/v2/std/inhabitant_bridge.dag cleanly.
Applied patch src/v2/std/nat_semiring/rung_l1_go_compiler_slice.dag cleanly.
Applied patch src/v2/std/nat_semiring/rung_l1_python_runtime.dag cleanly.
Applied patch src/v2/std/qualified_name/from_node.dag cleanly.
Applied patch src/v2/std/rust_leaf_model_claim.dag cleanly.
Applied patch src/v2/std/type_expr_projection_row_schema.dag cleanly.
Applied patch src/v2/workflow/ci_stage0_partition_compile_gate_emit.dag cleanly.
Applied patch src/v2/workflow/ci_v1_compiler_test_targets_compile_gate_emit.dag cleanly.
Applied patch src/v2/workflow/floor2_prepared_subject.dag cleanly.
Applied patch src/v2/workflow/host_discovered_owned_data_manifest.dag cleanly.
Applied patch src/v2/workflow/probe_selector_host_health.dag cleanly.
[90m2026-08-22 03:02:16.276 UTC [32m$ [mgit apply --verbose d60ca358ad8db32e3731d190c4d69560c1f75cee16f000bbe5af32c78446d5d6
Checking patch .census/acceptance.log...
Applied patch .census/acceptance.log cleanly.
[90m2026-08-22 03:02:16.319 UTC [32m$ [mgit apply --verbose 67b8c5b178a21cdc953b885f8f97687653229cd4930d3d5a203801367a5fa634
Checking patch .census/batches.json...
Applied patch .census/batches.json cleanly.
[90m2026-08-22 03:02:16.379 UTC [32m$ [mgit apply --verbose 218f1666aa04bb3479530655ef0c8cb79516b5960b1bd00815dc588643b46ce9
Checking patch .census/census.json...
Applied patch .census/census.json cleanly.
[90m2026-08-22 03:02:16.500 UTC [32m$ [mgit apply --verbose 5dfd2b19534bbb9bbe7085e329c65f68fdc98d5d41020d512d11ce20235f34c9
Checking patch .census/census_before.json...
Applied patch .census/census_before.json cleanly.
[90m2026-08-22 03:02:16.703 UTC [32m$ [mgit apply --verbose 49ac2bd3e54e0e539da3a9312d7bd2b1049058bd5501b2937eb216bcf1857d6d
Checking patch .census/delete.json...
Applied patch .census/delete.json cleanly.
[90m2026-08-22 03:02:16.783 UTC [32m$ [mgit apply --verbose aa9fa377710c3a3f7cdd7cabb6533b69a07ede32a82ae12bdcfef6a3f30570fb
