ctrl-build: dispatching remote build via BuildBuddy
ctrl-build: remote image: docker://ghcr.io/gunb-ai/ctrl-session:latest
ctrl-build: command: bash -lc $'\n  set -euo pipefail\n  cd "$PWD"\n  export CTRL_BUILD_BYPASS_SHIMS=1\n  export PATH=/opt/cargo/bin:$PATH\n  cargo build --release -p v1-compiler --bin required_floor_failure_census\n  ./target/release/required_floor_failure_census "docs/probes/floor_cut_name_resolution_census.tsv"\n'
ctrl-build: forwarding env: (none)

Waiting for available remote runner...
Streaming remote runner logs to: https://app.buildbuddy.io/invocation/6b73df1e-f89b-45c4-bc08-638a00ae7da7
[90m2026-08-17 22:47:31.905 UTC [mSyncing existing repo...
[90m2026-08-17 22:47:31.905 UTC [mConfiguring repository...
[90m2026-08-17 22:47:32.039 UTC [mConfiguring remote "origin"...
[90m2026-08-17 22:47:32.053 UTC [32m$ [mgit fetch --force --progress --depth=1 origin 54a385b6ece0742b3c06d528238dbfefaa15cc5b
remote: Enumerating objects: 614, done.
remote: Counting objects: 100% (614/614), done.
remote: Compressing objects: 100% (274/274), done.
remote: Total 347 (delta 254), reused 105 (delta 68), pack-reused 0 (from 0)
Receiving objects: 100% (347/347), 381.26 KiB | 4.83 MiB/s, done.
Resolving deltas: 100% (254/254), completed with 243 local objects.
From https://github.com/gunb-ai/gunbc
 * branch            54a385b6ece0742b3c06d528238dbfefaa15cc5b -> FETCH_HEAD
warning: fetch normally indicates which branches had a forced update,
but that check has been disabled; to re-enable, use '--show-forced-updates'
flag or run 'git config fetch.showForcedUpdates true'
[90m2026-08-17 22:47:33.777 UTC [32m$ [mgit clean -x -d --force
Removing 8a2b95b50c522d43478c0e4db99b09fd0938b0dec415a2bfe241da6f45260d19
Removing 8e94b1508549d2537239182c2859db6bc7b9ec2de2afb7e61a71dfa1df93d875
Removing dag/test/claim/self_host_module_behavioral_transport_roster_test.dag
Removing docs/plans/bare-reference-census-two-diagnoses.md
Removing docs/plans/import-deletion-recovered-behaviors.md
Removing docs/plans/main-record-field-type-unchecked-finding.md
Removing docs/plans/namespace-cut-fork-census.md
Removing docs/probes/diff_frontier_declared_vs_survey.sh
Removing docs/probes/frontier_probe_exact_head_survey_2026-08-03.md
Removing docs/probes/frontier_probe_run_interrupted_2026-08-06.md
Removing docs/probes/run_frontier_probe_survey_per_module.sh
Removing src/v1/stage0/src/bin/frontier_probe_survey.rs
Removing src/v1/stage0/src/source_closure.rs
Removing src/v2/compiler/self_host/frontier.dag
Removing src/v2/compiler/self_host/frontier_band_a_emit_readiness.dag
Removing src/v2/compiler/self_host/frontier_probe_survey.dag
Removing src/v2/test/claim/long/compiler_frontier_measured_roster_test.dag
Removing src/v2/test/claim/long/compiler_frontier_per_module_probe_test.dag
Removing src/v2/test/claim/self_host/compiler_frontier_census_test.dag
Removing src/v2/test/claim/self_host/compiler_frontier_upstream_semantic_probe_test.dag
Removing src/v2/test/claim/self_host/frontier_gap_clustering_measured_test.dag
Removing src/v2/test/claim/self_host/wave1_gate1_general_body_producer_witness_test.dag
Removing src/v2/test/claim/self_host/wave1_gate2_namespace_symbol_index_witness_test.dag
Removing src/v2/test/claim/self_host/wet_receipt_enrollment_witness_test.dag
Removing src/v2/test/claim/workflow/host_frontier_probe_survey_manifest.dag
Removing src/v2/workflow/frontier_probe_survey_transport.dag
Removing target/
[90m2026-08-17 22:47:34.024 UTC [32m$ [mgit checkout --force -B session/valiant-hawk-198 54a385b6ece0742b3c06d528238dbfefaa15cc5b
Switched to a new branch 'session/valiant-hawk-198'
[90m2026-08-17 22:47:34.605 UTC [32m$ [mgit apply --verbose 2bcb475694a5486e352a314adf9d345e2b64509023944cee93287a3f8849be59
Checking patch docs/probes/floor_cut_name_resolution_census.log...
Applied patch docs/probes/floor_cut_name_resolution_census.log cleanly.
[90m2026-08-17 22:47:34.607 UTC [32m$ [mset -euo pipefail
export CTRL_BUILD_BYPASS_SHIMS=1
export PATH="/opt/cargo/bin:/usr/local/bin:/usr/local/sbin:$PATH"
export RUSTUP_HOME=/opt/rustup
export GUNBC_V2_COMPILER=/usr/local/bin/gunbc
export GUNBC_ROOT=/opt/gunbc
cd .
echo "ctrl-build: remote cwd: $(pwd)" >&2
echo "ctrl-build: forwarded env: (none)" >&2
exec bash -lc $'\n  set -euo pipefail\n  cd "$PWD"\n  export CTRL_BUILD_BYPASS_SHIMS=1\n  export PATH=/opt/cargo/bin:$PATH\n  cargo build --release -p v1-compiler --bin required_floor_failure_census\n  ./target/release/required_floor_failure_census "docs/probes/floor_cut_name_resolution_census.tsv"\n'
ctrl-build: remote cwd: /root/workspace/repo-root
ctrl-build: forwarded env: (none)
   [92;1mCompiling [mproc-macro2 v1.0.106
   [92;1mCompiling [mquote v1.0.45
   [92;1mCompiling [municode-ident v1.0.24
   [92;1mCompiling [mstable_deref_trait v1.2.1
   [92;1mCompiling [mfind-msvc-tools v0.1.9
   [92;1mCompiling [mshlex v1.3.0
   [92;1mCompiling [mcc v1.2.62
   [92;1mCompiling [msyn v2.0.117
   [92;1mCompiling [mversion_check v0.9.5
   [92;1mCompiling [mserde_core v1.0.228
   [92;1mCompiling [mcfg-if v1.0.4
   [92;1mCompiling [msynstructure v0.13.2
   [92;1mCompiling [mtypenum v1.20.1
   [92;1mCompiling [mzerofrom-derive v0.1.7
   [92;1mCompiling [myoke-derive v0.8.2
   [92;1mCompiling [mzerovec-derive v0.11.3
   [92;1mCompiling [mzerofrom v0.1.8
   [92;1mCompiling [myoke v0.8.2
   [92;1mCompiling [mdisplaydoc v0.2.5
   [92;1mCompiling [mlitemap v0.8.2
   [92;1mCompiling [mzerovec v0.11.6
   [92;1mCompiling [mlibc v0.2.186
   [92;1mCompiling [mwriteable v0.6.3
   [92;1mCompiling [mserde v1.0.228
   [92;1mCompiling [mzerotrie v0.2.4
   [92;1mCompiling [mtinystr v0.8.3
   [92;1mCompiling [micu_locale_core v2.2.0
   [92;1mCompiling [mpotential_utf v0.1.5
   [92;1mCompiling [mserde_derive v1.0.228
   [92;1mCompiling [mobject v0.37.3
   [92;1mCompiling [mutf8_iter v1.0.4
   [92;1mCompiling [micu_properties_data v2.2.0
   [92;1mCompiling [micu_normalizer_data v2.2.0
   [92;1mCompiling [micu_collections v2.2.0
   [92;1mCompiling [micu_provider v2.2.0
   [92;1mCompiling [mgeneric-array v0.14.7
   [92;1mCompiling [mring v0.17.14
   [92;1mCompiling [mmemchr v2.8.0
   [92;1mCompiling [mzeroize v1.8.2
   [92;1mCompiling [mrustls-pki-types v1.14.1
   [92;1mCompiling [msmallvec v1.15.1
   [92;1mCompiling [micu_normalizer v2.2.0
   [92;1mCompiling [micu_properties v2.2.0
   [92;1mCompiling [mar_archive_writer v0.5.1
   [92;1mCompiling [mgetrandom v0.2.17
   [92;1mCompiling [mutf8parse v0.2.2
   [92;1mCompiling [mzmij v1.0.21
   [92;1mCompiling [muntrusted v0.9.0
   [92;1mCompiling [mcrc32fast v1.5.0
   [92;1mCompiling [manstyle-parse v1.0.0
   [92;1mCompiling [mpsm v0.1.31
   [92;1mCompiling [midna_adapter v1.2.2
   [92;1mCompiling [manstyle-query v1.1.5
   [92;1mCompiling [mrustls v0.23.40
   [92;1mCompiling [mcolorchoice v1.0.5
   [92;1mCompiling [mserde_json v1.0.149
   [92;1mCompiling [msimd-adler32 v0.3.9
   [92;1mCompiling [mhashbrown v0.17.1
   [92;1mCompiling [mis_terminal_polyfill v1.70.2
   [92;1mCompiling [madler2 v2.0.1
   [92;1mCompiling [mequivalent v1.0.2
   [92;1mCompiling [mpercent-encoding v2.3.2
   [92;1mCompiling [manstyle v1.0.14
   [92;1mCompiling [manstream v1.0.0
   [92;1mCompiling [mform_urlencoded v1.2.2
   [92;1mCompiling [mindexmap v2.14.0
   [92;1mCompiling [mminiz_oxide v0.8.9
   [92;1mCompiling [mrustls-webpki v0.103.13
   [92;1mCompiling [midna v1.1.0
   [92;1mCompiling [mcrypto-common v0.1.7
   [92;1mCompiling [mblock-buffer v0.10.4
   [92;1mCompiling [mwebpki-roots v1.0.7
   [92;1mCompiling [mserde_spanned v0.6.9
   [92;1mCompiling [mtoml_datetime v0.6.11
   [92;1mCompiling [mbitmaps v2.1.0
   [92;1mCompiling [mim v15.1.0
   [92;1mCompiling [mstacker v0.1.24
   [92;1mCompiling [mstrsim v0.11.1
   [92;1mCompiling [msubtle v2.6.1
   [92;1mCompiling [mheck v0.5.0
   [92;1mCompiling [mrand_core v0.6.4
   [92;1mCompiling [monce_cell v1.21.4
   [92;1mCompiling [mtoml_write v0.1.2
   [92;1mCompiling [mwinnow v0.7.15
   [92;1mCompiling [mclap_lex v1.1.0
   [92;1mCompiling [mlog v0.4.29
   [92;1mCompiling [mitoa v1.0.18
   [92;1mCompiling [mtoml_edit v0.22.27
   [92;1mCompiling [mclap_builder v4.6.0
   [92;1mCompiling [mrand_xoshiro v0.6.0
   [92;1mCompiling [mclap_derive v4.6.1
   [92;1mCompiling [msized-chunks v0.6.5
   [92;1mCompiling [mwebpki-roots v0.26.11
   [92;1mCompiling [mdigest v0.10.7
   [92;1mCompiling [mflate2 v1.1.9
   [92;1mCompiling [murl v2.5.8
   [92;1mCompiling [mcpufeatures v0.2.17
   [92;1mCompiling [mv1-compiler v0.1.0 (/root/workspace/repo-root/src/v1/stage0)
   [92;1mCompiling [mbase64 v0.22.1
   [92;1mCompiling [mureq v2.12.1
   [92;1mCompiling [msha2 v0.10.9
   [92;1mCompiling [mclap v4.6.1
   [92;1mCompiling [mtoml v0.8.23
   [92;1mCompiling [mlazy_static v1.5.0
   [92;1mCompiling [municode-properties v0.1.4
    [92;1mFinished [m`release` profile [optimized] target(s) in 5m 01s
required_floor_failure_census: writing to docs/probes/floor_cut_name_resolution_census.tsv
[floor-cgroup] when=floor-entry path=/sys/fs/cgroup
[floor-phase] phase=strict-preparation state=started
◐ started compile.frontend
✓ compile.frontend done in 29 seconds
✓ compile.normalize done in 2 seconds
[floor-heartbeat] wall_s=60 phase=strict-preparation cpu_ms=59980 rss_kb=3622016 majflt=3 cur_kb=na ev_high=na ev_max=na ev_local_high=na pswpin=0 pgmajfault=6373
[floor-heartbeat] wall_s=120 phase=strict-preparation cpu_ms=119980 rss_kb=4419016 majflt=3 cur_kb=na ev_high=na ev_max=na ev_local_high=na pswpin=0 pgmajfault=6373
[floor-heartbeat] wall_s=180 phase=strict-preparation cpu_ms=179970 rss_kb=5949424 majflt=3 cur_kb=na ev_high=na ev_max=na ev_local_high=na pswpin=0 pgmajfault=6373
[floor-heartbeat] wall_s=240 phase=strict-preparation cpu_ms=239970 rss_kb=6451024 majflt=3 cur_kb=na ev_high=na ev_max=na ev_local_high=na pswpin=0 pgmajfault=6377
[floor-heartbeat] wall_s=300 phase=strict-preparation cpu_ms=299970 rss_kb=6452872 majflt=3 cur_kb=na ev_high=na ev_max=na ev_local_high=na pswpin=0 pgmajfault=6379
[floor-heartbeat] wall_s=360 phase=strict-preparation cpu_ms=359970 rss_kb=6453400 majflt=3 cur_kb=na ev_high=na ev_max=na ev_local_high=na pswpin=0 pgmajfault=6379
[floor-heartbeat] wall_s=420 phase=strict-preparation cpu_ms=419950 rss_kb=6460000 majflt=3 cur_kb=na ev_high=na ev_max=na ev_local_high=na pswpin=0 pgmajfault=6380
[floor-heartbeat] wall_s=480 phase=strict-preparation cpu_ms=458320 rss_kb=7194452 majflt=90388 cur_kb=na ev_high=na ev_max=na ev_local_high=na pswpin=0 pgmajfault=344368
[floor-heartbeat] wall_s=540 phase=strict-preparation cpu_ms=476860 rss_kb=7194452 majflt=287611 cur_kb=na ev_high=na ev_max=na ev_local_high=na pswpin=0 pgmajfault=1032734
[floor-heartbeat] wall_s=601 phase=strict-preparation cpu_ms=493070 rss_kb=7195192 majflt=456805 cur_kb=na ev_high=na ev_max=na ev_local_high=na pswpin=0 pgmajfault=1793321
[floor-cgroup] when=beat-10 path=/sys/fs/cgroup
[floor-heartbeat] wall_s=661 phase=strict-preparation cpu_ms=512380 rss_kb=7195996 majflt=664680 cur_kb=na ev_high=na ev_max=na ev_local_high=na pswpin=0 pgmajfault=2478432
[floor-heartbeat] wall_s=722 phase=strict-preparation cpu_ms=531790 rss_kb=7196632 majflt=868123 cur_kb=na ev_high=na ev_max=na ev_local_high=na pswpin=0 pgmajfault=3191138
[floor-heartbeat] wall_s=782 phase=strict-preparation cpu_ms=549520 rss_kb=7197012 majflt=1054201 cur_kb=na ev_high=na ev_max=na ev_local_high=na pswpin=0 pgmajfault=3864577
[floor-heartbeat] wall_s=843 phase=strict-preparation cpu_ms=566250 rss_kb=7197184 majflt=1220767 cur_kb=na ev_high=na ev_max=na ev_local_high=na pswpin=0 pgmajfault=4621811
Warning: Remote run failed due to a transient error. Retrying: wait for run result: wait execution: rpc error: code = Unavailable desc = VM health check failed after guest used 7630221312/7864320000 B memory (97%); likely out of memory: rpc error: code = DeadlineExceeded desc = context deadline exceeded
Streaming remote runner logs to: https://app.buildbuddy.io/invocation/c9b74b74-e303-40e7-8e57-95f16f102b22
[90m2026-08-17 23:08:24.428 UTC [mSyncing existing repo...
[90m2026-08-17 23:08:24.429 UTC [mConfiguring repository...
[90m2026-08-17 23:08:24.550 UTC [mConfiguring remote "origin"...
[90m2026-08-17 23:08:24.558 UTC [32m$ [mgit fetch --force --progress --depth=1 origin 54a385b6ece0742b3c06d528238dbfefaa15cc5b
remote: Enumerating objects: 955, done.
remote: Counting objects: 100% (731/731), done.
remote: Compressing objects: 100% (305/305), done.
remote: Total 380 (delta 274), reused 112 (delta 70), pack-reused 0 (from 0)
Receiving objects: 100% (380/380), 556.90 KiB | 5.25 MiB/s, done.
Resolving deltas: 100% (274/274), completed with 262 local objects.
From https://github.com/gunb-ai/gunbc
 * branch            54a385b6ece0742b3c06d528238dbfefaa15cc5b -> FETCH_HEAD
warning: fetch normally indicates which branches had a forced update,
but that check has been disabled; to re-enable, use '--show-forced-updates'
flag or run 'git config fetch.showForcedUpdates true'
[90m2026-08-17 23:08:26.412 UTC [32m$ [mgit clean -x -d --force
Removing c27e70a63f1b756c796e5ed8faf3ac2801c1510d060da771bef05a8c69aa42ee
Removing src/v2/compiler/self_host/stage0_crate_layout.dag
Removing target/
[90m2026-08-17 23:08:26.541 UTC [32m$ [mgit checkout --force -B session/valiant-hawk-198 54a385b6ece0742b3c06d528238dbfefaa15cc5b
Previous HEAD position was 7cfeb6f Root D half 2: delete the Witness checkpoint-scalar rows, derive scalar arity from its single authority (#8341)
Switched to a new branch 'session/valiant-hawk-198'
[90m2026-08-17 23:08:26.719 UTC [32m$ [mgit apply --verbose 2bcb475694a5486e352a314adf9d345e2b64509023944cee93287a3f8849be59
Checking patch docs/probes/floor_cut_name_resolution_census.log...
Applied patch docs/probes/floor_cut_name_resolution_census.log cleanly.
[90m2026-08-17 23:08:26.722 UTC [32m$ [mset -euo pipefail
export CTRL_BUILD_BYPASS_SHIMS=1
export PATH="/opt/cargo/bin:/usr/local/bin:/usr/local/sbin:$PATH"
export RUSTUP_HOME=/opt/rustup
export GUNBC_V2_COMPILER=/usr/local/bin/gunbc
export GUNBC_ROOT=/opt/gunbc
cd .
echo "ctrl-build: remote cwd: $(pwd)" >&2
echo "ctrl-build: forwarded env: (none)" >&2
exec bash -lc $'\n  set -euo pipefail\n  cd "$PWD"\n  export CTRL_BUILD_BYPASS_SHIMS=1\n  export PATH=/opt/cargo/bin:$PATH\n  cargo build --release -p v1-compiler --bin required_floor_failure_census\n  ./target/release/required_floor_failure_census "docs/probes/floor_cut_name_resolution_census.tsv"\n'
ctrl-build: remote cwd: /root/workspace/repo-root
ctrl-build: forwarded env: (none)
   [92;1mCompiling [mproc-macro2 v1.0.106
   [92;1mCompiling [mquote v1.0.45
   [92;1mCompiling [municode-ident v1.0.24
   [92;1mCompiling [mfind-msvc-tools v0.1.9
   [92;1mCompiling [mshlex v1.3.0
   [92;1mCompiling [mstable_deref_trait v1.2.1
   [92;1mCompiling [mcc v1.2.62
   [92;1mCompiling [msyn v2.0.117
   [92;1mCompiling [mserde_core v1.0.228
   [92;1mCompiling [mversion_check v0.9.5
   [92;1mCompiling [mcfg-if v1.0.4
   [92;1mCompiling [msynstructure v0.13.2
   [92;1mCompiling [mserde v1.0.228
   [92;1mCompiling [mwriteable v0.6.3
   [92;1mCompiling [mlibc v0.2.186
   [92;1mCompiling [mtypenum v1.20.1
   [92;1mCompiling [mzerofrom-derive v0.1.7
   [92;1mCompiling [myoke-derive v0.8.2
   [92;1mCompiling [mzerofrom v0.1.8
   [92;1mCompiling [mzerovec-derive v0.11.3
   [92;1mCompiling [myoke v0.8.2
   [92;1mCompiling [mdisplaydoc v0.2.5
   [92;1mCompiling [mzerovec v0.11.6
   [92;1mCompiling [mlitemap v0.8.2
   [92;1mCompiling [mzerotrie v0.2.4
   [92;1mCompiling [mtinystr v0.8.3
   [92;1mCompiling [mpotential_utf v0.1.5
   [92;1mCompiling [micu_locale_core v2.2.0
   [92;1mCompiling [mserde_derive v1.0.228
   [92;1mCompiling [mobject v0.37.3
   [92;1mCompiling [micu_normalizer_data v2.2.0
   [92;1mCompiling [micu_properties_data v2.2.0
   [92;1mCompiling [mutf8_iter v1.0.4
   [92;1mCompiling [micu_collections v2.2.0
   [92;1mCompiling [micu_provider v2.2.0
   [92;1mCompiling [mgeneric-array v0.14.7
   [92;1mCompiling [mring v0.17.14
   [92;1mCompiling [mmemchr v2.8.0
   [92;1mCompiling [mzeroize v1.8.2
   [92;1mCompiling [mrustls-pki-types v1.14.1
   [92;1mCompiling [msmallvec v1.15.1
   [92;1mCompiling [micu_normalizer v2.2.0
   [92;1mCompiling [micu_properties v2.2.0
   [92;1mCompiling [mar_archive_writer v0.5.1
   [92;1mCompiling [mgetrandom v0.2.17
   [92;1mCompiling [muntrusted v0.9.0
   [92;1mCompiling [mutf8parse v0.2.2
   [92;1mCompiling [mcrc32fast v1.5.0
   [92;1mCompiling [mzmij v1.0.21
   [92;1mCompiling [mpsm v0.1.31
   [92;1mCompiling [manstyle-parse v1.0.0
   [92;1mCompiling [midna_adapter v1.2.2
   [92;1mCompiling [mhashbrown v0.17.1
   [92;1mCompiling [manstyle v1.0.14
   [92;1mCompiling [mrustls v0.23.40
   [92;1mCompiling [msimd-adler32 v0.3.9
   [92;1mCompiling [madler2 v2.0.1
   [92;1mCompiling [mserde_json v1.0.149
   [92;1mCompiling [mis_terminal_polyfill v1.70.2
   [92;1mCompiling [manstyle-query v1.1.5
   [92;1mCompiling [mpercent-encoding v2.3.2
   [92;1mCompiling [mequivalent v1.0.2
   [92;1mCompiling [mcolorchoice v1.0.5
   [92;1mCompiling [manstream v1.0.0
   [92;1mCompiling [mindexmap v2.14.0
   [92;1mCompiling [mform_urlencoded v1.2.2
   [92;1mCompiling [mminiz_oxide v0.8.9
   [92;1mCompiling [mrustls-webpki v0.103.13
   [92;1mCompiling [midna v1.1.0
   [92;1mCompiling [mblock-buffer v0.10.4
   [92;1mCompiling [mcrypto-common v0.1.7
   [92;1mCompiling [mwebpki-roots v1.0.7
   [92;1mCompiling [mtoml_datetime v0.6.11
   [92;1mCompiling [mserde_spanned v0.6.9
   [92;1mCompiling [mbitmaps v2.1.0
   [92;1mCompiling [mim v15.1.0
   [92;1mCompiling [mstacker v0.1.24
   [92;1mCompiling [mrand_core v0.6.4
   [92;1mCompiling [mclap_lex v1.1.0
   [92;1mCompiling [mlog v0.4.29
   [92;1mCompiling [monce_cell v1.21.4
   [92;1mCompiling [mitoa v1.0.18
   [92;1mCompiling [mheck v0.5.0
   [92;1mCompiling [mwinnow v0.7.15
   [92;1mCompiling [msubtle v2.6.1
   [92;1mCompiling [mstrsim v0.11.1
   [92;1mCompiling [mtoml_write v0.1.2
   [92;1mCompiling [mclap_builder v4.6.0
   [92;1mCompiling [mtoml_edit v0.22.27
   [92;1mCompiling [mclap_derive v4.6.1
   [92;1mCompiling [msized-chunks v0.6.5
   [92;1mCompiling [mrand_xoshiro v0.6.0
   [92;1mCompiling [mwebpki-roots v0.26.11
   [92;1mCompiling [mdigest v0.10.7
   [92;1mCompiling [mflate2 v1.1.9
   [92;1mCompiling [murl v2.5.8
   [92;1mCompiling [mv1-compiler v0.1.0 (/root/workspace/repo-root/src/v1/stage0)
   [92;1mCompiling [mcpufeatures v0.2.17
   [92;1mCompiling [mbase64 v0.22.1
   [92;1mCompiling [mureq v2.12.1
   [92;1mCompiling [msha2 v0.10.9
   [92;1mCompiling [mclap v4.6.1
   [92;1mCompiling [mtoml v0.8.23
   [92;1mCompiling [mlazy_static v1.5.0
   [92;1mCompiling [municode-properties v0.1.4
    [92;1mFinished [m`release` profile [optimized] target(s) in 4m 57s
required_floor_failure_census: writing to docs/probes/floor_cut_name_resolution_census.tsv
[floor-cgroup] when=floor-entry path=/sys/fs/cgroup
[floor-phase] phase=strict-preparation state=started
◐ started compile.frontend
✓ compile.frontend done in 29 seconds
✓ compile.normalize done in 2 seconds
[floor-heartbeat] wall_s=60 phase=strict-preparation cpu_ms=59970 rss_kb=3584316 majflt=0 cur_kb=na ev_high=na ev_max=na ev_local_high=na pswpin=0 pgmajfault=11423
[floor-heartbeat] wall_s=120 phase=strict-preparation cpu_ms=119970 rss_kb=4480316 majflt=0 cur_kb=na ev_high=na ev_max=na ev_local_high=na pswpin=0 pgmajfault=11423
[floor-heartbeat] wall_s=180 phase=strict-preparation cpu_ms=179960 rss_kb=6019172 majflt=0 cur_kb=na ev_high=na ev_max=na ev_local_high=na pswpin=0 pgmajfault=11423
[floor-heartbeat] wall_s=240 phase=strict-preparation cpu_ms=239950 rss_kb=6429164 majflt=0 cur_kb=na ev_high=na ev_max=na ev_local_high=na pswpin=0 pgmajfault=11424
[floor-heartbeat] wall_s=300 phase=strict-preparation cpu_ms=299930 rss_kb=6431012 majflt=0 cur_kb=na ev_high=na ev_max=na ev_local_high=na pswpin=0 pgmajfault=11425
[floor-heartbeat] wall_s=360 phase=strict-preparation cpu_ms=359920 rss_kb=6431540 majflt=0 cur_kb=na ev_high=na ev_max=na ev_local_high=na pswpin=0 pgmajfault=11425
[floor-heartbeat] wall_s=420 phase=strict-preparation cpu_ms=419900 rss_kb=6496220 majflt=0 cur_kb=na ev_high=na ev_max=na ev_local_high=na pswpin=0 pgmajfault=11427
[floor-heartbeat] wall_s=480 phase=strict-preparation cpu_ms=452900 rss_kb=7192856 majflt=167292 cur_kb=na ev_high=na ev_max=na ev_local_high=na pswpin=0 pgmajfault=457121
[floor-heartbeat] wall_s=540 phase=strict-preparation cpu_ms=479100 rss_kb=7193900 majflt=363535 cur_kb=na ev_high=na ev_max=na ev_local_high=na pswpin=0 pgmajfault=1044750
[floor-heartbeat] wall_s=600 phase=strict-preparation cpu_ms=504300 rss_kb=7193900 majflt=561241 cur_kb=na ev_high=na ev_max=na ev_local_high=na pswpin=0 pgmajfault=1609772
[floor-cgroup] when=beat-10 path=/sys/fs/cgroup
[floor-heartbeat] wall_s=660 phase=strict-preparation cpu_ms=530400 rss_kb=7194340 majflt=758294 cur_kb=na ev_high=na ev_max=na ev_local_high=na pswpin=0 pgmajfault=2161674
[floor-heartbeat] wall_s=720 phase=strict-preparation cpu_ms=557030 rss_kb=7195488 majflt=952593 cur_kb=na ev_high=na ev_max=na ev_local_high=na pswpin=0 pgmajfault=2698066
[floor-heartbeat] wall_s=781 phase=strict-preparation cpu_ms=581550 rss_kb=7195488 majflt=1141575 cur_kb=na ev_high=na ev_max=na ev_local_high=na pswpin=0 pgmajfault=3271498
[floor-heartbeat] wall_s=841 phase=strict-preparation cpu_ms=606770 rss_kb=7195488 majflt=1326346 cur_kb=na ev_high=na ev_max=na ev_local_high=na pswpin=0 pgmajfault=3832742
[floor-heartbeat] wall_s=901 phase=strict-preparation cpu_ms=631420 rss_kb=7196408 majflt=1517912 cur_kb=na ev_high=na ev_max=na ev_local_high=na pswpin=0 pgmajfault=4408230
[floor-heartbeat] wall_s=962 phase=strict-preparation cpu_ms=657350 rss_kb=7197316 majflt=1715917 cur_kb=na ev_high=na ev_max=na ev_local_high=na pswpin=0 pgmajfault=4955783
[floor-heartbeat] wall_s=1022 phase=strict-preparation cpu_ms=682380 rss_kb=7197316 majflt=1902187 cur_kb=na ev_high=na ev_max=na ev_local_high=na pswpin=0 pgmajfault=5524930
[floor-heartbeat] wall_s=1083 phase=strict-preparation cpu_ms=706770 rss_kb=7198024 majflt=2094185 cur_kb=na ev_high=na ev_max=na ev_local_high=na pswpin=0 pgmajfault=6111712
[floor-heartbeat] wall_s=1143 phase=strict-preparation cpu_ms=731600 rss_kb=7198024 majflt=2284182 cur_kb=na ev_high=na ev_max=na ev_local_high=na pswpin=0 pgmajfault=6647977
[31mCommand failed: signal: killed
[90m2026-08-17 23:33:05.274 UTC [mUploading artifacts from /root/workspace/artifacts/command-0
[90m2026-08-17 23:33:05.284 UTC [mUploaded 0 artifacts

[31mAction failed: signal: killed
[90m2026-08-17 23:33:05.284 UTC [mStarting cleanup
[90m2026-08-17 23:33:05.286 UTC [32m$ [mgit gc --auto
[90mGit maintenance cleaned 0MB

Remote run completed at 2026-08-17 23:33:05.319 UTC