[workspace-root] discovered /home/briansrls/scratch-wt/allocation-vertical-resume
[pre-entry] phase=workspace_discovery ms=2 scale=closure
[pre-entry] phase=source_root_walk_and_read ms=1 scale=tree
[pre-entry] phase=graph_facts_import_edges ms=135 scale=tree
[pre-entry] phase=graph_facts_module_declarations ms=0 scale=tree
[pre-entry] phase=pool_census_parse ms=55 scale=tree
[pre-entry] phase=closure_name_census_build ms=54 scale=tree
[pre-entry] phase=reference_pool_names_from_census ms=1 scale=tree
[pre-entry] phase=selection_tier_closure_files ms=1 scale=closure
[pre-entry] phase=closure_load ms=57 scale=closure
[pre-entry] phase=closure_parse ms=118 scale=closure
[pre-entry] phase=closure_resolve ms=3 scale=closure
[pre-entry] phase=closure_normalize ms=16 scale=closure
[pre-entry] phase=closure_typecheck ms=279 scale=closure
[pre-entry] phase=closure_parent_envs ms=0 scale=closure
[pre-entry] phase=closure_reconcile_assembly ms=2 scale=closure
[pre-entry] phase=closure_ownership ms=11 scale=closure
[pre-entry] phase=resolve_entry_graph_inclusive ms=991 scale=closure
[pre-entry] population pool_modules=30 closure_files=16
[pre-entry] process_cpu user_ms=931 sys_ms=67 max_rss_kib=86380
PASS witness_clean_and_blocked_are_distinct_variants
