[workspace-root] discovered /home/briansrls/scratch-wt/allocation-vertical-resume
✓ typecheck v2.std.compilers.target_model done in 22 seconds
[pre-entry] phase=workspace_discovery ms=3 scale=closure
[pre-entry] phase=source_root_walk_and_read ms=16 scale=tree
[pre-entry] phase=graph_facts_import_edges ms=3794 scale=tree
[pre-entry] phase=graph_facts_module_declarations ms=0 scale=tree
[pre-entry] phase=pool_census_parse ms=1394 scale=tree
[pre-entry] phase=closure_name_census_build ms=1531 scale=tree
[pre-entry] phase=reference_pool_names_from_census ms=26 scale=tree
[pre-entry] phase=selection_tier_closure_files ms=40 scale=closure
[pre-entry] phase=closure_load ms=1733 scale=closure
[pre-entry] phase=closure_parse ms=7091 scale=closure
[pre-entry] phase=closure_resolve ms=238 scale=closure
[pre-entry] phase=closure_normalize ms=779 scale=closure
[pre-entry] phase=closure_typecheck ms=59262 scale=closure
[pre-entry] phase=closure_parent_envs ms=6 scale=closure
[pre-entry] phase=closure_reconcile_assembly ms=125 scale=closure
[pre-entry] phase=closure_ownership ms=908 scale=closure
[pre-entry] phase=resolve_entry_graph_inclusive ms=90881 scale=closure
[pre-entry] population pool_modules=552 closure_files=552
[pre-entry] process_cpu user_ms=88744 sys_ms=1809 max_rss_kib=3567276
PASS witness_specimen_summary_states_consequence_and_next_obligation
PASS witness_specimen_evidence_rows_carry_raw_facts_as_evidence
PASS witness_agent_running_reads_as_working_not_completed
PASS witness_refused_segment_projects_located_reason
PASS witness_failed_segment_is_anomalous_active_work
PASS witness_ticket_headline_survives_own_punctuation
PASS witness_legacy_line_keeps_lead_residue
PASS witness_summary_is_absent_until_typed_source_exists
PASS witness_no_attempt_projects_zero_furniture
PASS witness_unobservable_preserves_located_reason
PASS witness_all_complete_ledger_is_terminal_not_active
PASS witness_admitted_dispatch_is_primary_refused_is_unavailable
PASS witness_done_and_superseded_rows_offer_no_dispatch
PASS witness_session_action_derives_from_observed_admission
PASS witness_action_view_never_fabricates_cleanup
PASS witness_session_facts_line_and_detail_are_decided
PASS witness_lifecycle_axes_discriminate
PASS witness_work_row_view_composes_from_fixture
PASS witness_scheduling_projects_typed_positions
PASS witness_daily_workspace_surfaces_active_above_ready
PASS witness_family_claim_stated_once_rows_carry_subject
PASS witness_family_membership_is_typed_not_parsed
PASS witness_active_family_member_leaves_group
PASS witness_undeclared_family_member_stays_ungrouped_row
PASS witness_lifecycle_chip_only_when_discriminating
PASS witness_workspace_impact_narrates_once
