[workspace-root] discovered /home/briansrls/scratch-wt/allocation-vertical-resume
[pre-entry] phase=workspace_discovery ms=3 scale=closure
[pre-entry] phase=source_root_walk_and_read ms=2 scale=tree
[pre-entry] phase=graph_facts_import_edges ms=327 scale=tree
[pre-entry] phase=graph_facts_module_declarations ms=0 scale=tree
[pre-entry] phase=pool_census_parse ms=134 scale=tree
[pre-entry] phase=closure_name_census_build ms=131 scale=tree
[pre-entry] phase=reference_pool_names_from_census ms=2 scale=tree
[pre-entry] phase=selection_tier_closure_files ms=11 scale=closure
[pre-entry] phase=closure_load ms=139 scale=closure
[pre-entry] phase=closure_parse ms=565 scale=closure
[pre-entry] phase=closure_resolve ms=19 scale=closure
[pre-entry] phase=closure_normalize ms=70 scale=closure
[pre-entry] phase=closure_typecheck ms=1933 scale=closure
[pre-entry] phase=closure_parent_envs ms=0 scale=closure
[pre-entry] phase=closure_reconcile_assembly ms=11 scale=closure
[pre-entry] phase=closure_ownership ms=57 scale=closure
[pre-entry] phase=resolve_entry_graph_inclusive ms=4273 scale=closure
[pre-entry] population pool_modules=64 closure_files=64
[pre-entry] process_cpu user_ms=4132 sys_ms=136 max_rss_kib=290608
PASS workflow_recursive_witnesses
