[workspace-root] discovered /home/briansrls/scratch-wt/workspace-store-effects-review
✓ typecheck v2.std.compilers.target_model done in 24 seconds
[pre-entry] phase=workspace_discovery ms=12 scale=closure
[pre-entry] phase=source_root_walk_and_read ms=6 scale=tree
[pre-entry] phase=graph_facts_import_edges ms=1246 scale=tree
[pre-entry] phase=graph_facts_module_declarations ms=0 scale=tree
[pre-entry] phase=pool_census_parse ms=479 scale=tree
[pre-entry] phase=closure_name_census_build ms=461 scale=tree
[pre-entry] phase=reference_pool_names_from_census ms=8 scale=tree
[pre-entry] phase=selection_tier_closure_files ms=22 scale=closure
[pre-entry] phase=closure_load ms=544 scale=closure
[pre-entry] phase=closure_parse ms=2264 scale=closure
[pre-entry] phase=closure_resolve ms=80 scale=closure
[pre-entry] phase=closure_normalize ms=260 scale=closure
[pre-entry] phase=closure_typecheck ms=32090 scale=closure
[pre-entry] phase=closure_parent_envs ms=2 scale=closure
[pre-entry] phase=closure_reconcile_assembly ms=42 scale=closure
[pre-entry] phase=closure_ownership ms=275 scale=closure
[pre-entry] phase=resolve_entry_graph_inclusive ms=41789 scale=closure
[pre-entry] population pool_modules=213 closure_files=213
[pre-entry] process_cpu user_ms=41033 sys_ms=604 max_rss_kib=1081644
PASS root_only_directory_is_observed_without_changing_permissions
PASS denied_administrator_listing_is_not_an_empty_directory
PASS a_symlink_cannot_stand_for_the_protected_directory
PASS stat_formats_cross_the_existing_ssh_word_boundary
PASS admitting_stat_formats_does_not_admit_shell_expansion
