[workspace-root] discovered /home/briansrls/scratch-wt/gcp-iam-bootstrap
✓ typecheck v2.std.compilers.target_model done in 23 seconds
✓ typecheck v2.compiler.target_serialize done in 2 seconds
✓ typecheck v2.compiler.translate done in 3 seconds
[file] read <private-temporary-token-file>
[file] write_create_new target/gcp-iam-bootstrap-20260929-probe-authority-2-started.txt (54 bytes)
[rest] GET https://iam.googleapis.com/v1/projects/gunbai-secrets/locations/global/workloadIdentityPools/github-gcp-iam-converge
[rest] GET https://iam.googleapis.com/v1/projects/gunbai-secrets/locations/global/workloadIdentityPools/github-gcp-iam-converge/providers
[rest] GET https://iam.googleapis.com/v1/projects/gunbai-secrets/serviceAccounts/iam-observe@gunbai-secrets.iam.gserviceaccount.com
[rest] GET https://iam.googleapis.com/v1/projects/gunbai-secrets/locations/global/workloadIdentityPools/github-gcp-iam-converge
[rest] GET https://iam.googleapis.com/v1/projects/gunbai-secrets/locations/global/workloadIdentityPools/github-gcp-iam-converge/providers
[rest] GET https://iam.googleapis.com/v1/projects/gunbai-secrets/serviceAccounts/iam-observe@gunbai-secrets.iam.gserviceaccount.com
[rest] GET https://iam.googleapis.com/v1/projects/gunbai-secrets/locations/global/workloadIdentityPools/github-gcp-iam-converge
[rest] GET https://iam.googleapis.com/v1/projects/gunbai-secrets/locations/global/workloadIdentityPools/github-gcp-iam-converge/providers
[rest] GET https://iam.googleapis.com/v1/projects/gunbai-secrets/serviceAccounts/iam-converge@gunbai-secrets.iam.gserviceaccount.com
[rest] GET https://iam.googleapis.com/v1/projects/gunbai-secrets/locations/global/workloadIdentityPools/github-gcp-iam-converge
[rest] GET https://iam.googleapis.com/v1/projects/gunbai-secrets/locations/global/workloadIdentityPools/github-gcp-iam-converge/providers
[rest] GET https://iam.googleapis.com/v1/projects/gunbai-secrets/serviceAccounts/iam-converge@gunbai-secrets.iam.gserviceaccount.com
[rest] GET https://iam.googleapis.com/v1/projects/gunbai-secrets/locations/global/workloadIdentityPools/github-heal-publisher
[rest] GET https://iam.googleapis.com/v1/projects/gunbai-secrets/locations/global/workloadIdentityPools/github-heal-publisher/providers
[rest] GET https://iam.googleapis.com/v1/projects/gunbai-secrets/serviceAccounts/heal-publisher@gunbai-secrets.iam.gserviceaccount.com
[rest] GET https://iam.googleapis.com/v1/projects/gunbai-secrets/locations/global/workloadIdentityPools/github-heal-publisher
[rest] GET https://iam.googleapis.com/v1/projects/gunbai-secrets/locations/global/workloadIdentityPools/github-heal-publisher/providers
[rest] GET https://iam.googleapis.com/v1/projects/gunbai-secrets/serviceAccounts/heal-publisher@gunbai-secrets.iam.gserviceaccount.com
[rest] GET https://iam.googleapis.com/v1/projects/gunbai-secrets/locations/global/workloadIdentityPools/github-heal-publisher-private
[rest] GET https://iam.googleapis.com/v1/projects/gunbai-secrets/locations/global/workloadIdentityPools/github-heal-publisher-private/providers
[rest] GET https://iam.googleapis.com/v1/projects/gunbai-secrets/serviceAccounts/heal-publisher-private@gunbai-secrets.iam.gserviceaccount.com
[rest] GET https://iam.googleapis.com/v1/projects/gunbai-secrets/locations/global/workloadIdentityPools/github-heal-publisher-private
[rest] GET https://iam.googleapis.com/v1/projects/gunbai-secrets/locations/global/workloadIdentityPools/github-heal-publisher-private/providers
[rest] GET https://iam.googleapis.com/v1/projects/gunbai-secrets/serviceAccounts/heal-publisher-private@gunbai-secrets.iam.gserviceaccount.com
[rest] GET https://iam.googleapis.com/v1/projects/gunbai-secrets/locations/global/workloadIdentityPools/github-mtcollins1-boot
[rest] GET https://iam.googleapis.com/v1/projects/gunbai-secrets/locations/global/workloadIdentityPools/github-mtcollins1-boot/providers
[rest] GET https://iam.googleapis.com/v1/projects/gunbai-secrets/serviceAccounts/mtcollins1-boot@gunbai-secrets.iam.gserviceaccount.com
[rest] GET https://iam.googleapis.com/v1/projects/gunbai-secrets/locations/global/workloadIdentityPools/github-mtcollins1-boot
[rest] GET https://iam.googleapis.com/v1/projects/gunbai-secrets/locations/global/workloadIdentityPools/github-mtcollins1-boot/providers
[rest] GET https://iam.googleapis.com/v1/projects/gunbai-secrets/serviceAccounts/mtcollins1-boot@gunbai-secrets.iam.gserviceaccount.com
[rest] GET https://iam.googleapis.com/v1/projects/gunbai-secrets/locations/global/workloadIdentityPools/github-namecheap-dns
[rest] GET https://iam.googleapis.com/v1/projects/gunbai-secrets/locations/global/workloadIdentityPools/github-namecheap-dns/providers
[rest] GET https://iam.googleapis.com/v1/projects/gunbai-secrets/serviceAccounts/namecheap-dns@gunbai-secrets.iam.gserviceaccount.com
[rest] GET https://iam.googleapis.com/v1/projects/gunbai-secrets/locations/global/workloadIdentityPools/github-namecheap-dns
[rest] GET https://iam.googleapis.com/v1/projects/gunbai-secrets/locations/global/workloadIdentityPools/github-namecheap-dns/providers
[rest] GET https://iam.googleapis.com/v1/projects/gunbai-secrets/serviceAccounts/namecheap-dns@gunbai-secrets.iam.gserviceaccount.com
[file] write_create_new target/gcp-iam-bootstrap-20260929-probe-authority-2-identities.txt (78 bytes)
[rest] GET https://iam.googleapis.com/v1/projects/gunbai-secrets/roles/gunbcIamConvergeCreate
[rest] GET https://iam.googleapis.com/v1/projects/gunbai-secrets/roles/gunbcIamConvergeProvider
[rest] GET https://iam.googleapis.com/v1/projects/gunbai-secrets/roles/gunbcIamConvergeAccountPolicy
[rest] GET https://iam.googleapis.com/v1/projects/gunbai-secrets/roles/gunbcIamConvergeSecretPolicy
[rest] GET https://iam.googleapis.com/v1/projects/gunbai-secrets/roles/gunbcIamObservePool
[rest] GET https://iam.googleapis.com/v1/projects/gunbai-secrets/roles/gunbcIamObserveAccount
[rest] GET https://iam.googleapis.com/v1/projects/gunbai-secrets/roles/gunbcIamObserveSecret
[rest] GET https://iam.googleapis.com/v1/projects/gunbai-secrets/roles/gunbcIamBootstrapProbeToken
[file] write_create_new target/gcp-iam-bootstrap-20260929-probe-authority-2-roles.txt (78 bytes)
[rest] GET https://iam.googleapis.com/v2/policies/cloudresourcemanager.googleapis.com%2Fprojects%2F582015116396/denypolicies/gunbc-iam-converge-boundary
[file] write_create_new target/gcp-iam-bootstrap-20260929-probe-authority-2-deny.txt (78 bytes)
[file] list target
[file] read target/gcp-iam-authority-deny-bootstrap-org-20260928-1-intent.txt
[file] list target
[file] read target/gcp-iam-authority-deny-bootstrap-org-20260928-1-publication-elected.txt
[file] list target
[file] read target/gcp-iam-authority-deny-bootstrap-org-20260928-1-publication-closed.txt
[file] list target
[file] read target/gcp-iam-authority-deny-bootstrap-org-20260928-1-retired.txt
[rest] POST https://cloudresourcemanager.googleapis.com/v3/organizations/266638272282:getIamPolicy
◐ started Clock.Now
✓ Clock.Now done in 1ms
[file] write_create_new target/gcp-iam-authority-deny-bootstrap-org-20260928-1-retired.txt (397 bytes)
[file] list target
[file] read target/gcp-iam-authority-deny-bootstrap-org-20260928-1-retired.txt
[file] write_create_new target/gcp-iam-bootstrap-20260929-probe-authority-2-authority-cleanup.txt (78 bytes)
[rest] POST https://cloudresourcemanager.googleapis.com/v1/projects/gunbai-secrets:getIamPolicy
[file] list target
[file] read target/gcp-iam-pool-initialization-github-heal-publisher-elected.txt
[file] list target
[file] read target/gcp-iam-pool-initialization-github-heal-publisher-closed.txt
[rest] POST https://iam.googleapis.com/v1/projects/gunbai-secrets/locations/global/workloadIdentityPools/github-heal-publisher:getIamPolicy
[rest] POST https://iam.googleapis.com/v1/projects/gunbai-secrets/locations/global/workloadIdentityPools/github-heal-publisher:getIamPolicy
[rest] POST https://iam.googleapis.com/v1/projects/gunbai-secrets/serviceAccounts/heal-publisher@gunbai-secrets.iam.gserviceaccount.com:getIamPolicy
[rest] GET https://secretmanager.googleapis.com/v1/projects/gunbai-secrets/secrets/agent-github-app-private-key:getIamPolicy
[file] list target
[file] read target/gcp-iam-pool-initialization-github-heal-publisher-private-elected.txt
[file] list target
[file] read target/gcp-iam-pool-initialization-github-heal-publisher-private-closed.txt
[rest] POST https://iam.googleapis.com/v1/projects/gunbai-secrets/locations/global/workloadIdentityPools/github-heal-publisher-private:getIamPolicy
[rest] POST https://iam.googleapis.com/v1/projects/gunbai-secrets/locations/global/workloadIdentityPools/github-heal-publisher-private:getIamPolicy
[rest] POST https://iam.googleapis.com/v1/projects/gunbai-secrets/serviceAccounts/heal-publisher-private@gunbai-secrets.iam.gserviceaccount.com:getIamPolicy
[file] list target
[file] read target/gcp-iam-pool-initialization-github-mtcollins1-boot-elected.txt
[file] list target
[file] read target/gcp-iam-pool-initialization-github-mtcollins1-boot-closed.txt
[rest] POST https://iam.googleapis.com/v1/projects/gunbai-secrets/locations/global/workloadIdentityPools/github-mtcollins1-boot:getIamPolicy
[rest] POST https://iam.googleapis.com/v1/projects/gunbai-secrets/locations/global/workloadIdentityPools/github-mtcollins1-boot:getIamPolicy
[rest] POST https://iam.googleapis.com/v1/projects/gunbai-secrets/serviceAccounts/mtcollins1-boot@gunbai-secrets.iam.gserviceaccount.com:getIamPolicy
[rest] GET https://secretmanager.googleapis.com/v1/projects/gunbai-secrets/secrets/bmc-mtcollins1-gunbc:getIamPolicy
[rest] GET https://secretmanager.googleapis.com/v1/projects/gunbai-secrets/secrets/fleet-automation-ssh-key:getIamPolicy
[file] list target
[file] read target/gcp-iam-pool-initialization-github-namecheap-dns-elected.txt
[file] list target
[file] read target/gcp-iam-pool-initialization-github-namecheap-dns-closed.txt
[rest] POST https://iam.googleapis.com/v1/projects/gunbai-secrets/locations/global/workloadIdentityPools/github-namecheap-dns:getIamPolicy
[rest] POST https://iam.googleapis.com/v1/projects/gunbai-secrets/locations/global/workloadIdentityPools/github-namecheap-dns:getIamPolicy
[rest] POST https://iam.googleapis.com/v1/projects/gunbai-secrets/serviceAccounts/namecheap-dns@gunbai-secrets.iam.gserviceaccount.com:getIamPolicy
[rest] GET https://secretmanager.googleapis.com/v1/projects/gunbai-secrets/secrets/namecheap-api-key:getIamPolicy
[file] list target
[file] read target/gcp-iam-pool-initialization-github-heal-publisher-elected.txt
[file] list target
[file] read target/gcp-iam-pool-initialization-github-heal-publisher-closed.txt
[rest] POST https://iam.googleapis.com/v1/projects/gunbai-secrets/locations/global/workloadIdentityPools/github-heal-publisher:getIamPolicy
[rest] POST https://iam.googleapis.com/v1/projects/gunbai-secrets/locations/global/workloadIdentityPools/github-heal-publisher:getIamPolicy
[rest] POST https://iam.googleapis.com/v1/projects/gunbai-secrets/serviceAccounts/heal-publisher@gunbai-secrets.iam.gserviceaccount.com:getIamPolicy
[rest] GET https://secretmanager.googleapis.com/v1/projects/gunbai-secrets/secrets/agent-github-app-private-key:getIamPolicy
[file] list target
[file] read target/gcp-iam-pool-initialization-github-heal-publisher-private-elected.txt
[file] list target
[file] read target/gcp-iam-pool-initialization-github-heal-publisher-private-closed.txt
[rest] POST https://iam.googleapis.com/v1/projects/gunbai-secrets/locations/global/workloadIdentityPools/github-heal-publisher-private:getIamPolicy
[rest] POST https://iam.googleapis.com/v1/projects/gunbai-secrets/locations/global/workloadIdentityPools/github-heal-publisher-private:getIamPolicy
[rest] POST https://iam.googleapis.com/v1/projects/gunbai-secrets/serviceAccounts/heal-publisher-private@gunbai-secrets.iam.gserviceaccount.com:getIamPolicy
[file] list target
[file] read target/gcp-iam-pool-initialization-github-mtcollins1-boot-elected.txt
[file] list target
[file] read target/gcp-iam-pool-initialization-github-mtcollins1-boot-closed.txt
[rest] POST https://iam.googleapis.com/v1/projects/gunbai-secrets/locations/global/workloadIdentityPools/github-mtcollins1-boot:getIamPolicy
[rest] POST https://iam.googleapis.com/v1/projects/gunbai-secrets/locations/global/workloadIdentityPools/github-mtcollins1-boot:getIamPolicy
[rest] POST https://iam.googleapis.com/v1/projects/gunbai-secrets/serviceAccounts/mtcollins1-boot@gunbai-secrets.iam.gserviceaccount.com:getIamPolicy
[rest] GET https://secretmanager.googleapis.com/v1/projects/gunbai-secrets/secrets/bmc-mtcollins1-gunbc:getIamPolicy
[rest] GET https://secretmanager.googleapis.com/v1/projects/gunbai-secrets/secrets/fleet-automation-ssh-key:getIamPolicy
[file] list target
[file] read target/gcp-iam-pool-initialization-github-namecheap-dns-elected.txt
[file] list target
[file] read target/gcp-iam-pool-initialization-github-namecheap-dns-closed.txt
[rest] POST https://iam.googleapis.com/v1/projects/gunbai-secrets/locations/global/workloadIdentityPools/github-namecheap-dns:getIamPolicy
[rest] POST https://iam.googleapis.com/v1/projects/gunbai-secrets/locations/global/workloadIdentityPools/github-namecheap-dns:getIamPolicy
[rest] POST https://iam.googleapis.com/v1/projects/gunbai-secrets/serviceAccounts/namecheap-dns@gunbai-secrets.iam.gserviceaccount.com:getIamPolicy
[rest] GET https://secretmanager.googleapis.com/v1/projects/gunbai-secrets/secrets/namecheap-api-key:getIamPolicy
[file] list target
[file] read target/gcp-iam-pool-initialization-github-gcp-iam-converge-elected.txt
[file] list target
[file] read target/gcp-iam-pool-initialization-github-gcp-iam-converge-closed.txt
[rest] POST https://iam.googleapis.com/v1/projects/gunbai-secrets/locations/global/workloadIdentityPools/github-gcp-iam-converge:getIamPolicy
[rest] POST https://iam.googleapis.com/v1/projects/gunbai-secrets/locations/global/workloadIdentityPools/github-gcp-iam-converge:getIamPolicy
[rest] POST https://iam.googleapis.com/v1/projects/gunbai-secrets/serviceAccounts/iam-observe@gunbai-secrets.iam.gserviceaccount.com:getIamPolicy
[rest] GET https://secretmanager.googleapis.com/v1/projects/gunbai-secrets/secrets/approval-submission-mac-key:getIamPolicy
[rest] POST https://iam.googleapis.com/v1/projects/gunbai-secrets/serviceAccounts/iam-converge@gunbai-secrets.iam.gserviceaccount.com:getIamPolicy
[rest] GET https://secretmanager.googleapis.com/v1/projects/gunbai-secrets/secrets/approval-submission-mac-key:getIamPolicy
[file] write_create_new target/gcp-iam-bootstrap-20260929-probe-authority-2-capabilities.txt (78 bytes)
[rest] GET https://openidconnect.googleapis.com/v1/userinfo
[file] list target
[file] read target/gcp-iam-probe-probe-20260929-2-iam-converge@gunbai-secrets.iam.gserviceaccount.com-intent.txt
[file] list target
[file] read target/gcp-iam-probe-probe-20260929-2-iam-converge@gunbai-secrets.iam.gserviceaccount.com-publication-elected.txt
[file] list target
[file] read target/gcp-iam-probe-probe-20260929-2-iam-converge@gunbai-secrets.iam.gserviceaccount.com-publication-closed.txt
[file] list target
[file] read target/gcp-iam-probe-probe-20260929-2-iam-converge@gunbai-secrets.iam.gserviceaccount.com-retired.txt
[rest] POST https://iam.googleapis.com/v1/projects/gunbai-secrets/serviceAccounts/iam-converge@gunbai-secrets.iam.gserviceaccount.com:getIamPolicy
[file] write_create_new target/gcp-iam-probe-probe-20260929-2-iam-converge@gunbai-secrets.iam.gserviceaccount.com-intent.txt (427 bytes)
◐ started Clock.Now
✓ Clock.Now done in 2ms
[file] write_create_new target/gcp-iam-probe-probe-20260929-2-iam-converge@gunbai-secrets.iam.gserviceaccount.com-publication-elected.txt (427 bytes)
[rest] POST https://iam.googleapis.com/v1/projects/gunbai-secrets/serviceAccounts/iam-converge@gunbai-secrets.iam.gserviceaccount.com:setIamPolicy
[file] write_create_new target/gcp-iam-probe-probe-20260929-2-iam-converge@gunbai-secrets.iam.gserviceaccount.com-publication-closed.txt (427 bytes)
[rest] POST https://iam.googleapis.com/v1/projects/gunbai-secrets/serviceAccounts/iam-converge@gunbai-secrets.iam.gserviceaccount.com:getIamPolicy
[file] write_create_new target/gcp-iam-probe-probe-20260929-2-iam-converge@gunbai-secrets.iam.gserviceaccount.com-publication-closed.txt (427 bytes)
[file] list target
[file] read target/gcp-iam-probe-probe-20260929-2-iam-converge@gunbai-secrets.iam.gserviceaccount.com-publication-closed.txt
[file] list target
[file] read target/gcp-iam-probe-probe-20260929-2-iam-observe@gunbai-secrets.iam.gserviceaccount.com-intent.txt
[file] list target
[file] read target/gcp-iam-probe-probe-20260929-2-iam-observe@gunbai-secrets.iam.gserviceaccount.com-publication-elected.txt
[file] list target
[file] read target/gcp-iam-probe-probe-20260929-2-iam-observe@gunbai-secrets.iam.gserviceaccount.com-publication-closed.txt
[file] list target
[file] read target/gcp-iam-probe-probe-20260929-2-iam-observe@gunbai-secrets.iam.gserviceaccount.com-retired.txt
[rest] POST https://iam.googleapis.com/v1/projects/gunbai-secrets/serviceAccounts/iam-observe@gunbai-secrets.iam.gserviceaccount.com:getIamPolicy
[file] write_create_new target/gcp-iam-probe-probe-20260929-2-iam-observe@gunbai-secrets.iam.gserviceaccount.com-intent.txt (426 bytes)
◐ started Clock.Now
✓ Clock.Now done in 2ms
[file] write_create_new target/gcp-iam-probe-probe-20260929-2-iam-observe@gunbai-secrets.iam.gserviceaccount.com-publication-elected.txt (426 bytes)
[rest] POST https://iam.googleapis.com/v1/projects/gunbai-secrets/serviceAccounts/iam-observe@gunbai-secrets.iam.gserviceaccount.com:setIamPolicy
[file] write_create_new target/gcp-iam-probe-probe-20260929-2-iam-observe@gunbai-secrets.iam.gserviceaccount.com-publication-closed.txt (426 bytes)
[rest] POST https://iam.googleapis.com/v1/projects/gunbai-secrets/serviceAccounts/iam-observe@gunbai-secrets.iam.gserviceaccount.com:getIamPolicy
[file] write_create_new target/gcp-iam-probe-probe-20260929-2-iam-observe@gunbai-secrets.iam.gserviceaccount.com-publication-closed.txt (426 bytes)
[file] list target
[file] read target/gcp-iam-probe-probe-20260929-2-iam-observe@gunbai-secrets.iam.gserviceaccount.com-publication-closed.txt
[file] write_create_new target/gcp-iam-bootstrap-20260929-probe-authority-2-probe-authority.txt (78 bytes)
[rest] POST https://iamcredentials.googleapis.com/v1/projects/-/serviceAccounts/iam-converge@gunbai-secrets.iam.gserviceaccount.com:generateAccessToken
◐ started Clock.Now
✓ Clock.Now done in 2ms
◐ started sleep.Delay.Seconds
✓ sleep.Delay.Seconds done in 5 seconds
[rest] POST https://iamcredentials.googleapis.com/v1/projects/-/serviceAccounts/iam-converge@gunbai-secrets.iam.gserviceaccount.com:generateAccessToken
◐ started Clock.Now
✓ Clock.Now done in 2ms
◐ started sleep.Delay.Seconds
✓ sleep.Delay.Seconds done in 5 seconds
[rest] POST https://iamcredentials.googleapis.com/v1/projects/-/serviceAccounts/iam-converge@gunbai-secrets.iam.gserviceaccount.com:generateAccessToken
◐ started Clock.Now
✓ Clock.Now done in 2ms
◐ started sleep.Delay.Seconds
✓ sleep.Delay.Seconds done in 5 seconds
[rest] POST https://iamcredentials.googleapis.com/v1/projects/-/serviceAccounts/iam-converge@gunbai-secrets.iam.gserviceaccount.com:generateAccessToken
◐ started Clock.Now
✓ Clock.Now done in 2ms
◐ started sleep.Delay.Seconds
✓ sleep.Delay.Seconds done in 5 seconds
[rest] POST https://iamcredentials.googleapis.com/v1/projects/-/serviceAccounts/iam-converge@gunbai-secrets.iam.gserviceaccount.com:generateAccessToken
◐ started Clock.Now
✓ Clock.Now done in 2ms
◐ started sleep.Delay.Seconds
✓ sleep.Delay.Seconds done in 5 seconds
[rest] POST https://iamcredentials.googleapis.com/v1/projects/-/serviceAccounts/iam-converge@gunbai-secrets.iam.gserviceaccount.com:generateAccessToken
◐ started Clock.Now
✓ Clock.Now done in 2ms
◐ started sleep.Delay.Seconds
✓ sleep.Delay.Seconds done in 5 seconds
[rest] POST https://iamcredentials.googleapis.com/v1/projects/-/serviceAccounts/iam-converge@gunbai-secrets.iam.gserviceaccount.com:generateAccessToken
◐ started Clock.Now
✓ Clock.Now done in 2ms
◐ started sleep.Delay.Seconds
✓ sleep.Delay.Seconds done in 5 seconds
[rest] POST https://iamcredentials.googleapis.com/v1/projects/-/serviceAccounts/iam-converge@gunbai-secrets.iam.gserviceaccount.com:generateAccessToken
◐ started Clock.Now
✓ Clock.Now done in 2ms
◐ started sleep.Delay.Seconds
✓ sleep.Delay.Seconds done in 5 seconds
[rest] POST https://iamcredentials.googleapis.com/v1/projects/-/serviceAccounts/iam-converge@gunbai-secrets.iam.gserviceaccount.com:generateAccessToken
◐ started Clock.Now
✓ Clock.Now done in 2ms
◐ started sleep.Delay.Seconds
✓ sleep.Delay.Seconds done in 5 seconds
[rest] POST https://iamcredentials.googleapis.com/v1/projects/-/serviceAccounts/iam-converge@gunbai-secrets.iam.gserviceaccount.com:generateAccessToken
◐ started Clock.Now
✓ Clock.Now done in 2ms
◐ started sleep.Delay.Seconds
✓ sleep.Delay.Seconds done in 5 seconds
[rest] POST https://iamcredentials.googleapis.com/v1/projects/-/serviceAccounts/iam-converge@gunbai-secrets.iam.gserviceaccount.com:generateAccessToken
◐ started Clock.Now
✓ Clock.Now done in 2ms
◐ started sleep.Delay.Seconds
✓ sleep.Delay.Seconds done in 5 seconds
[rest] POST https://iamcredentials.googleapis.com/v1/projects/-/serviceAccounts/iam-converge@gunbai-secrets.iam.gserviceaccount.com:generateAccessToken
◐ started Clock.Now
✓ Clock.Now done in 2ms
◐ started sleep.Delay.Seconds
✓ sleep.Delay.Seconds done in 5 seconds
[rest] POST https://iamcredentials.googleapis.com/v1/projects/-/serviceAccounts/iam-converge@gunbai-secrets.iam.gserviceaccount.com:generateAccessToken
◐ started Clock.Now
✓ Clock.Now done in 2ms
◐ started sleep.Delay.Seconds
✓ sleep.Delay.Seconds done in 5 seconds
[rest] POST https://iamcredentials.googleapis.com/v1/projects/-/serviceAccounts/iam-converge@gunbai-secrets.iam.gserviceaccount.com:generateAccessToken
◐ started Clock.Now
✓ Clock.Now done in 2ms
◐ started sleep.Delay.Seconds
✓ sleep.Delay.Seconds done in 5 seconds
[rest] POST https://iamcredentials.googleapis.com/v1/projects/-/serviceAccounts/iam-converge@gunbai-secrets.iam.gserviceaccount.com:generateAccessToken
◐ started Clock.Now
✓ Clock.Now done in 2ms
◐ started sleep.Delay.Seconds
✓ sleep.Delay.Seconds done in 5 seconds
[rest] POST https://iamcredentials.googleapis.com/v1/projects/-/serviceAccounts/iam-converge@gunbai-secrets.iam.gserviceaccount.com:generateAccessToken
◐ started Clock.Now
✓ Clock.Now done in 2ms
◐ started sleep.Delay.Seconds
✓ sleep.Delay.Seconds done in 5 seconds
[rest] POST https://iamcredentials.googleapis.com/v1/projects/-/serviceAccounts/iam-converge@gunbai-secrets.iam.gserviceaccount.com:generateAccessToken
[rest] POST https://cloudresourcemanager.googleapis.com/v1/projects/gunbai-secrets:testIamPermissions
[file] write_create_new target/gcp-iam-bootstrap-20260929-probe-authority-2-privilege-readback.txt (1828 bytes)
[file] list target
[file] read target/gcp-iam-probe-probe-20260929-2-iam-converge@gunbai-secrets.iam.gserviceaccount.com-intent.txt
[file] list target
[file] read target/gcp-iam-probe-probe-20260929-2-iam-converge@gunbai-secrets.iam.gserviceaccount.com-publication-elected.txt
[file] list target
[file] read target/gcp-iam-probe-probe-20260929-2-iam-converge@gunbai-secrets.iam.gserviceaccount.com-publication-closed.txt
[file] list target
[file] read target/gcp-iam-probe-probe-20260929-2-iam-converge@gunbai-secrets.iam.gserviceaccount.com-retired.txt
[rest] POST https://iam.googleapis.com/v1/projects/gunbai-secrets/serviceAccounts/iam-converge@gunbai-secrets.iam.gserviceaccount.com:getIamPolicy
◐ started Clock.Now
✓ Clock.Now done in 2ms
[file] write_create_new target/gcp-iam-probe-probe-20260929-2-iam-converge@gunbai-secrets.iam.gserviceaccount.com-publication-closed.txt (427 bytes)
[file] list target
[file] read target/gcp-iam-probe-probe-20260929-2-iam-converge@gunbai-secrets.iam.gserviceaccount.com-publication-closed.txt
[rest] POST https://iam.googleapis.com/v1/projects/gunbai-secrets/serviceAccounts/iam-converge@gunbai-secrets.iam.gserviceaccount.com:setIamPolicy
[rest] POST https://iam.googleapis.com/v1/projects/gunbai-secrets/serviceAccounts/iam-converge@gunbai-secrets.iam.gserviceaccount.com:getIamPolicy
[file] write_create_new target/gcp-iam-probe-probe-20260929-2-iam-converge@gunbai-secrets.iam.gserviceaccount.com-retired.txt (427 bytes)
[file] list target
[file] read target/gcp-iam-probe-probe-20260929-2-iam-observe@gunbai-secrets.iam.gserviceaccount.com-intent.txt
[file] list target
[file] read target/gcp-iam-probe-probe-20260929-2-iam-observe@gunbai-secrets.iam.gserviceaccount.com-publication-elected.txt
[file] list target
[file] read target/gcp-iam-probe-probe-20260929-2-iam-observe@gunbai-secrets.iam.gserviceaccount.com-publication-closed.txt
[file] list target
[file] read target/gcp-iam-probe-probe-20260929-2-iam-observe@gunbai-secrets.iam.gserviceaccount.com-retired.txt
[rest] POST https://iam.googleapis.com/v1/projects/gunbai-secrets/serviceAccounts/iam-observe@gunbai-secrets.iam.gserviceaccount.com:getIamPolicy
◐ started Clock.Now
✓ Clock.Now done in 2ms
[file] write_create_new target/gcp-iam-probe-probe-20260929-2-iam-observe@gunbai-secrets.iam.gserviceaccount.com-publication-closed.txt (426 bytes)
[file] list target
[file] read target/gcp-iam-probe-probe-20260929-2-iam-observe@gunbai-secrets.iam.gserviceaccount.com-publication-closed.txt
[rest] POST https://iam.googleapis.com/v1/projects/gunbai-secrets/serviceAccounts/iam-observe@gunbai-secrets.iam.gserviceaccount.com:setIamPolicy
[rest] POST https://iam.googleapis.com/v1/projects/gunbai-secrets/serviceAccounts/iam-observe@gunbai-secrets.iam.gserviceaccount.com:getIamPolicy
[file] write_create_new target/gcp-iam-probe-probe-20260929-2-iam-observe@gunbai-secrets.iam.gserviceaccount.com-retired.txt (426 bytes)
[file] list target
[file] read target/gcp-iam-authority-deny-bootstrap-org-20260928-1-intent.txt
[file] list target
[file] read target/gcp-iam-authority-deny-bootstrap-org-20260928-1-publication-elected.txt
[file] list target
[file] read target/gcp-iam-authority-deny-bootstrap-org-20260928-1-publication-closed.txt
[file] list target
[file] read target/gcp-iam-authority-deny-bootstrap-org-20260928-1-retired.txt
[rest] POST https://cloudresourcemanager.googleapis.com/v3/organizations/266638272282:getIamPolicy
◐ started Clock.Now
✓ Clock.Now done in 2ms
[file] write_create_new target/gcp-iam-authority-deny-bootstrap-org-20260928-1-retired.txt (397 bytes)
[file] list target
[file] read target/gcp-iam-authority-deny-bootstrap-org-20260928-1-retired.txt
status 403: {
  "error": {
    "code": 403,
    "message": "Cloud Resource Manager API has not been used in project 582015116396 before or it is disabled. Enable it by visiting https://console.developers.google.com/apis/api/cloudresourcemanager.googleapis.com/overview?project=582015116396 then retry. If you enabled this API recently, wait a few minutes for the action to propagate to our systems and retry.",
    "status": "PERMISSION_DENIED",
    "details": [
      {
        "@type": "type.googleapis.com/google.rpc.ErrorInfo",
        "reason": "SERVICE_DISABLED",
        "domain": "googleapis.com",
        "metadata": {
          "containerInfo": "582015116396",
          "service": "cloudresourcemanager.googleapis.com",
          "consumer": "projects/582015116396",
          "serviceTitle": "Cloud Resource Manager API",
          "activationUrl": "https://console.developers.google.com/apis/api/cloudresourcemanager.googleapis.com/overview?project=582015116396"
        }
      },
      {
        "@type": "type.googleapis.com/google.rpc.LocalizedMessage",
        "locale": "en-US",
        "message": "Cloud Resource Manager API has not been used in project 582015116396 before or it is disabled. Enable it by visiting https://console.developers.google.com/apis/api/cloudresourcemanager.googleapis.com/overview?project=582015116396 then retry. If you enabled this API recently, wait a few minutes for the action to propagate to our systems and retry."
      },
      {
        "@type": "type.googleapis.com/google.rpc.Help",
        "links": [
          {
            "description": "Google developers console API activation",
            "url": "https://console.developers.google.com/apis/api/cloudresourcemanager.googleapis.com/overview?project=582015116396"
          }
        ]
      }
    ]
  }
}

