[workspace-root] discovered /home/briansrls/scratch-wt/workspace-executor-isolated
✓ typecheck v2.std.compilers.target_model done in 27 seconds
[pre-entry] phase=workspace_discovery ms=3 scale=closure
[pre-entry] phase=source_root_walk_and_read ms=6 scale=tree
[pre-entry] phase=graph_facts_import_edges ms=1365 scale=tree
[pre-entry] phase=graph_facts_module_declarations ms=0 scale=tree
[pre-entry] phase=pool_census_parse ms=142 scale=tree
[pre-entry] phase=closure_name_census_build ms=182 scale=tree
[pre-entry] phase=reference_pool_names_from_census ms=4 scale=tree
[pre-entry] phase=selection_tier_closure_files ms=17 scale=closure
[pre-entry] phase=closure_load ms=1856 scale=closure
[pre-entry] phase=closure_parse ms=1594 scale=closure
[pre-entry] phase=closure_resolve ms=55 scale=closure
[pre-entry] phase=closure_normalize ms=302 scale=closure
[pre-entry] phase=closure_typecheck ms=35791 scale=closure
[pre-entry] phase=closure_parent_envs ms=1 scale=closure
[pre-entry] phase=closure_reconcile_assembly ms=24 scale=closure
[pre-entry] phase=closure_ownership ms=253 scale=closure
[pre-entry] phase=reconcile_pool_qualified_fill ms=197 scale=tree
[pre-entry] phase=reconcile_root_bare_underlay ms=169 scale=tree
[pre-entry] phase=reconcile_root_variant_base ms=20 scale=tree
[pre-entry] phase=resolve_entry_graph_inclusive ms=43714 scale=closure
[pre-entry] population pool_modules=119 closure_files=119
[pre-entry] process_cpu user_ms=43111 sys_ms=466 max_rss_kib=876072
◐ started git.Core.Show
✓ git.Core.Show done in 18ms
