[workspace-root] discovered /home/briansrls/scratch-wt/workspace-executor-isolated
✓ typecheck v2.std.compilers.target_model done in 25 seconds
[pre-entry] phase=workspace_discovery ms=3 scale=closure
[pre-entry] phase=source_root_walk_and_read ms=4 scale=tree
[pre-entry] phase=graph_facts_import_edges ms=1334 scale=tree
[pre-entry] phase=graph_facts_module_declarations ms=0 scale=tree
[pre-entry] phase=pool_census_parse ms=149 scale=tree
[pre-entry] phase=closure_name_census_build ms=389 scale=tree
[pre-entry] phase=reference_pool_names_from_census ms=5 scale=tree
[pre-entry] phase=selection_tier_closure_files ms=18 scale=closure
[pre-entry] phase=closure_load ms=2125 scale=closure
[pre-entry] phase=closure_parse ms=1595 scale=closure
[pre-entry] phase=closure_resolve ms=55 scale=closure
[pre-entry] phase=closure_normalize ms=313 scale=closure
[pre-entry] phase=closure_typecheck ms=32372 scale=closure
[pre-entry] phase=closure_parent_envs ms=1 scale=closure
[pre-entry] phase=closure_reconcile_assembly ms=28 scale=closure
[pre-entry] phase=closure_ownership ms=294 scale=closure
[pre-entry] phase=resolve_entry_graph_inclusive ms=40845 scale=closure
[pre-entry] population pool_modules=113 closure_files=113
[pre-entry] process_cpu user_ms=40233 sys_ms=460 max_rss_kib=885900
PASS cost_debt_edit_trailing_conjunct_removal_keeps_the_grandfathered_budget
PASS cost_debt_edit_leading_conjunct_removal_keeps_the_grandfathered_budget
PASS cost_debt_edit_imported_test_fn_removal_keeps_the_grandfathered_budget
PASS cost_debt_edit_the_11593_chain_status_removal_keeps_the_grandfathered_budget
PASS cost_debt_edit_removed_conjunct_plus_added_call_is_rejudged_at_the_new_witness_budget
PASS cost_debt_edit_changed_literal_is_rejudged_at_the_new_witness_budget
PASS cost_debt_edit_removal_that_rebinds_precedence_is_rejudged
PASS cost_debt_edit_removal_under_a_negation_is_rejudged
PASS cost_debt_edit_signature_change_with_a_removal_is_rejudged
PASS cost_debt_edit_with_no_token_change_is_not_a_removal
PASS cost_debt_edit_renamed_witness_is_rejudged
PASS cost_debt_edit_removing_a_non_test_fn_call_is_rejudged
PASS cost_debt_edit_removing_a_call_through_an_alias_is_rejudged
PASS cost_debt_edit_untokenizable_base_is_rejudged
PASS cost_debt_edit_witness_absent_at_base_is_rejudged
PASS a_file_batch_keeps_each_declarations_own_ceiling
PASS a_file_batch_preserves_untokenizable_and_missing_head_refusals
	Command being timed: "/home/briansrls/gunbc/target/release/gunbc run --source-root target/cost-debt-batch-controls --entry target/cost-debt-batch-controls/v2.test.floor_cost_debt_edit.dag --claim-run"
	User time (seconds): 42.90
	System time (seconds): 0.57
	Percent of CPU this job got: 99%
	Elapsed (wall clock) time (h:mm:ss or m:ss): 0:43.64
	Average shared text size (kbytes): 0
	Average unshared data size (kbytes): 0
	Average stack size (kbytes): 0
	Average total size (kbytes): 0
	Maximum resident set size (kbytes): 925836
	Average resident set size (kbytes): 0
	Major (requiring I/O) page faults: 0
	Minor (reclaiming a frame) page faults: 237708
	Voluntary context switches: 128
	Involuntary context switches: 17587
	Swaps: 0
	File system inputs: 0
	File system outputs: 24
	Socket messages sent: 0
	Socket messages received: 0
	Signals delivered: 0
	Page size (bytes): 4096
	Exit status: 0
