[workspace-root] discovered /home/briansrls/scratch-wt/workspace-executor-bounds
✓ typecheck v2.std.compilers.target_model done in 24 seconds
✓ typecheck v2.compiler.body_lowering_fold done in 2 seconds
✓ typecheck v2.compiler.translate done in 4 seconds
[pre-entry] phase=workspace_discovery ms=14 scale=closure
[pre-entry] phase=source_root_walk_and_read ms=16 scale=tree
[pre-entry] phase=graph_facts_import_edges ms=3412 scale=tree
[pre-entry] phase=graph_facts_module_declarations ms=0 scale=tree
[pre-entry] phase=pool_census_parse ms=492 scale=tree
[pre-entry] phase=closure_name_census_build ms=1268 scale=tree
[pre-entry] phase=reference_pool_names_from_census ms=15 scale=tree
[pre-entry] phase=selection_tier_closure_files ms=34 scale=closure
[pre-entry] phase=closure_load ms=5103 scale=closure
[pre-entry] phase=closure_parse ms=3448 scale=closure
[pre-entry] phase=closure_resolve ms=200 scale=closure
[pre-entry] phase=closure_normalize ms=676 scale=closure
[pre-entry] phase=closure_typecheck ms=68882 scale=closure
[pre-entry] phase=closure_parent_envs ms=5 scale=closure
[pre-entry] phase=closure_reconcile_assembly ms=115 scale=closure
[pre-entry] phase=closure_ownership ms=923 scale=closure
[pre-entry] phase=resolve_entry_graph_inclusive ms=96194 scale=closure
[pre-entry] population pool_modules=507 closure_files=507
[pre-entry] process_cpu user_ms=94271 sys_ms=1566 max_rss_kib=3042816
◐ started Filesystem.Write target/workspace-commissioning-executor.sh (3777 bytes)
