[workspace-root] discovered /home/briansrls/scratch-wt/workspace-executor-isolated
✓ typecheck v2.std.compilers.target_model done in 28 seconds
✓ typecheck v2.compiler.target_serialize done in 2 seconds
✓ typecheck v2.compiler.body_lowering_fold done in 2 seconds
✓ typecheck v2.compiler.source_authority done in 2 seconds
✓ typecheck v2.compiler.translate done in 4 seconds
✓ typecheck gunbc.roadmap_belt_actuate done in 3 seconds
✓ typecheck gunbc.roadmap_component done in 3 seconds
✓ typecheck gunbc.roadmap_page done in 2 seconds
✓ typecheck gunbc.live_deploy.emit done in 3 seconds
✓ typecheck gunbc.host_effect_realize done in 23 seconds
✓ typecheck gunbc.runner_microvm_slot_controller done in 5 seconds
✓ typecheck gunbc.live_deploy.apply done in 3 seconds
✓ typecheck gunbc.fleet_converge_plan done in 2 seconds
✓ typecheck gunbc.fleet_converge_plan_cli done in 2 seconds
[pre-entry] phase=workspace_discovery ms=3 scale=closure
[pre-entry] phase=source_root_walk_and_read ms=47 scale=tree
[pre-entry] phase=graph_facts_import_edges ms=11506 scale=tree
[pre-entry] phase=graph_facts_module_declarations ms=2 scale=tree
[pre-entry] phase=pool_census_parse ms=1641 scale=tree
[pre-entry] phase=closure_name_census_build ms=4784 scale=tree
[pre-entry] phase=reference_pool_names_from_census ms=59 scale=tree
[pre-entry] phase=selection_tier_closure_files ms=68 scale=closure
[pre-entry] phase=closure_load ms=15747 scale=closure
[pre-entry] phase=closure_parse ms=8991 scale=closure
[pre-entry] phase=closure_resolve ms=520 scale=closure
[pre-entry] phase=closure_normalize ms=1738 scale=closure
[pre-entry] phase=closure_typecheck ms=204308 scale=closure
[pre-entry] phase=closure_parent_envs ms=17 scale=closure
[pre-entry] phase=closure_reconcile_assembly ms=294 scale=closure
[pre-entry] phase=closure_ownership ms=2373 scale=closure
[pre-entry] phase=resolve_entry_graph_inclusive ms=303080 scale=closure
[pre-entry] population pool_modules=2022 closure_files=1158
[pre-entry] process_cpu user_ms=297510 sys_ms=4407 max_rss_kib=8935892
PASS commissioning_scope_roundtrips_through_fleet_authority
PASS installed_grants_name_only_exact_argument_free_entries
PASS commissioning_input_and_installer_boundaries_hold_together
PASS dispatch_uses_fleet_lock_owner_without_reopening_artifacts
