[workspace-root] discovered /home/briansrls/scratch-wt/workspace-executor-isolated
✓ typecheck v2.std.compilers.target_model done in 24 seconds
✓ typecheck v2.compiler.body_lowering_fold done in 2 seconds
✓ typecheck v2.compiler.translate done in 4 seconds
✓ typecheck gunbc.runner_microvm_slot_controller done in 4 seconds
✓ typecheck gunbc.fleet_converge_plan done in 2 seconds
[pre-entry] phase=workspace_discovery ms=3 scale=closure
[pre-entry] phase=source_root_walk_and_read ms=45 scale=tree
[pre-entry] phase=graph_facts_import_edges ms=10765 scale=tree
[pre-entry] phase=graph_facts_module_declarations ms=1 scale=tree
[pre-entry] phase=pool_census_parse ms=1482 scale=tree
[pre-entry] phase=closure_name_census_build ms=4322 scale=tree
[pre-entry] phase=reference_pool_names_from_census ms=57 scale=tree
[pre-entry] phase=selection_tier_closure_files ms=48 scale=closure
[pre-entry] phase=closure_load ms=11186 scale=closure
[pre-entry] phase=closure_parse ms=5529 scale=closure
[pre-entry] phase=closure_resolve ms=351 scale=closure
[pre-entry] phase=closure_normalize ms=1102 scale=closure
[pre-entry] phase=closure_typecheck ms=115794 scale=closure
[pre-entry] phase=closure_parent_envs ms=11 scale=closure
[pre-entry] phase=closure_reconcile_assembly ms=201 scale=closure
[pre-entry] phase=closure_ownership ms=1415 scale=closure
[pre-entry] phase=resolve_entry_graph_inclusive ms=183147 scale=closure
[pre-entry] population pool_modules=2022 closure_files=858
[pre-entry] process_cpu user_ms=179042 sys_ms=3422 max_rss_kib=6932544
PASS the_launch_environment_scope_is_fully_applied_where_the_host_scope_is_not
PASS the_launch_environment_terminal_wire_is_the_token_the_rlm_join_requires
PASS the_host_scope_detail_still_attributes_its_refusal_to_the_slot_axis
PASS the_launch_environment_scope_carries_a_real_timer_obligation
PASS the_launch_environment_apply_script_emits_no_foreign_axis_work
PASS the_launch_environment_plan_body_carries_only_its_own_axis_counter
PASS the_full_host_plan_body_still_carries_the_slot_and_activation_counters
PASS cap_drift_is_visible_under_full_host_and_unconstructible_under_launch
PASS the_cap_axis_lives_under_the_actions_runner_unit_template
PASS a_refusing_fabric_observation_moves_full_host_and_cannot_enter_launch
PASS a_launch_environment_plan_cannot_be_applied_against_a_full_host_reobservation
PASS a_full_host_plan_cannot_be_applied_against_a_launch_environment_reobservation
PASS a_mutated_persisted_scope_wire_refuses_rather_than_choosing_a_scope
PASS an_identical_looking_population_under_the_other_scope_still_refuses
PASS the_launch_environment_wire_round_trips_through_the_decode
PASS every_scope_wire_is_distinct
PASS the_two_scopes_fingerprint_the_same_host_differently
PASS the_production_shaped_srv1_observation_splits_on_the_scope_alone
PASS the_excluded_families_still_refuse_loudly_under_the_scope_that_owns_them
PASS the_launch_environment_owns_no_runner_unit_and_no_runner_unit_owns_it
