[workspace-root] discovered /home/briansrls/scratch-wt/workspace-executor-isolated
✓ typecheck v2.std.compilers.target_model done in 25 seconds
✓ typecheck v2.compiler.target_serialize done in 2 seconds
✓ typecheck v2.compiler.body_lowering_fold done in 2 seconds
✓ typecheck v2.compiler.translate done in 4 seconds
✓ typecheck gunbc.spark.pair_serving_authority_log done in 2 seconds
✓ typecheck gunbc.roadmap_belt_actuate done in 2 seconds
✓ typecheck gunbc.roadmap_component done in 2 seconds
✓ typecheck gunbc.live_deploy.emit done in 3 seconds
✓ typecheck gunbc.host_effect_realize done in 20 seconds
✓ typecheck gunbc.runner_microvm_slot_controller done in 5 seconds
✓ typecheck gunbc.live_deploy.apply done in 3 seconds
✓ typecheck gunbc.fleet_converge_plan done in 2 seconds
✓ typecheck gunbc.ci_spec done in 2 seconds
✓ typecheck gunbc.fleet_converge_plan_cli done in 2 seconds
✓ typecheck gunbc.fleet_converge_workflow done in 2 seconds
[pre-entry] phase=workspace_discovery ms=3 scale=closure
[pre-entry] phase=source_root_walk_and_read ms=44 scale=tree
[pre-entry] phase=graph_facts_import_edges ms=10943 scale=tree
[pre-entry] phase=graph_facts_module_declarations ms=2 scale=tree
[pre-entry] phase=pool_census_parse ms=1589 scale=tree
[pre-entry] phase=closure_name_census_build ms=4593 scale=tree
[pre-entry] phase=reference_pool_names_from_census ms=67 scale=tree
[pre-entry] phase=selection_tier_closure_files ms=106 scale=closure
[pre-entry] phase=closure_load ms=18902 scale=closure
[pre-entry] phase=closure_parse ms=11453 scale=closure
[pre-entry] phase=closure_resolve ms=745 scale=closure
[pre-entry] phase=closure_normalize ms=2180 scale=closure
[pre-entry] phase=closure_typecheck ms=241958 scale=closure
[pre-entry] phase=closure_parent_envs ms=29 scale=closure
[pre-entry] phase=closure_reconcile_assembly ms=423 scale=closure
[pre-entry] phase=closure_ownership ms=2830 scale=closure
[pre-entry] phase=resolve_entry_graph_inclusive ms=372854 scale=closure
[pre-entry] population pool_modules=2022 closure_files=2012
[pre-entry] process_cpu user_ms=365737 sys_ms=5706 max_rss_kib=11947192
PASS workflow_dispatch_nonempty_inputs_are_realized_not_dropped
PASS workflow_dispatch_empty_inputs_preserve_null_projection
PASS workflow_dispatch_choice_input_projects_options_list
PASS fleet_converge_workflow_has_build_job_needs_release_bins
PASS fleet_converge_job_roster_red_names_a_job_with_no_rostered_mode
PASS fleet_converge_job_roster_red_names_a_rostered_mode_job_with_no_edge
PASS fleet_converge_job_roster_red_names_a_duplicated_edge_row
PASS fleet_converge_job_roster_red_on_an_edge_that_skips_build
