[workspace-root] discovered /home/briansrls/scratch-wt/workspace-executor-isolated
✓ typecheck v2.std.compilers.target_model done in 28 seconds
✓ typecheck v2.compiler.target_serialize done in 2 seconds
✓ typecheck v2.compiler.body_lowering_fold done in 2 seconds
✓ typecheck v2.compiler.source_authority done in 2 seconds
✓ typecheck v2.compiler.translate done in 4 seconds
✓ typecheck gunbc.spark.pair_serving_authority_log done in 2 seconds
✓ typecheck gunbc.roadmap_belt_actuate done in 3 seconds
✓ typecheck gunbc.roadmap_component done in 3 seconds
✓ typecheck gunbc.roadmap_page done in 2 seconds
✓ typecheck gunbc.live_deploy.emit done in 3 seconds
✓ typecheck gunbc.host_effect_realize done in 23 seconds
✓ typecheck gunbc.runner_microvm_slot_controller done in 5 seconds
✓ typecheck gunbc.machine_intake_mtcollins1_boot_run done in 2 seconds
✓ typecheck gunbc.live_deploy.apply done in 4 seconds
✓ typecheck gunbc.fleet_converge_plan done in 2 seconds
✓ typecheck gunbc.ci_spec done in 3 seconds
✓ typecheck gunbc.fleet_converge_plan_cli done in 2 seconds
✓ typecheck gunbc.fleet_converge_workflow done in 2 seconds
[pre-entry] phase=workspace_discovery ms=3 scale=closure
[pre-entry] phase=source_root_walk_and_read ms=47 scale=tree
[pre-entry] phase=graph_facts_import_edges ms=11856 scale=tree
[pre-entry] phase=graph_facts_module_declarations ms=2 scale=tree
[pre-entry] phase=pool_census_parse ms=1549 scale=tree
[pre-entry] phase=closure_name_census_build ms=4569 scale=tree
[pre-entry] phase=reference_pool_names_from_census ms=59 scale=tree
[pre-entry] phase=selection_tier_closure_files ms=107 scale=closure
[pre-entry] phase=closure_load ms=18994 scale=closure
[pre-entry] phase=closure_parse ms=11675 scale=closure
[pre-entry] phase=closure_resolve ms=756 scale=closure
[pre-entry] phase=closure_normalize ms=2226 scale=closure
[pre-entry] phase=closure_typecheck ms=270335 scale=closure
[pre-entry] phase=closure_parent_envs ms=29 scale=closure
[pre-entry] phase=closure_reconcile_assembly ms=447 scale=closure
[pre-entry] phase=closure_ownership ms=3093 scale=closure
[pre-entry] phase=resolve_entry_graph_inclusive ms=408358 scale=closure
[pre-entry] population pool_modules=2022 closure_files=2012
[pre-entry] process_cpu user_ms=400999 sys_ms=5880 max_rss_kib=11954560
