PASS test.claim.roadmap.roadmap_planning_candidate_witness_test.review_preserves_old_value_and_does_not_apply
PASS test.claim.roadmap.roadmap_planning_candidate_witness_test.repository_contract_change_conflicts_even_without_event_change
PASS test.claim.roadmap.roadmap_planning_candidate_witness_test.intervening_event_conflicts_at_acceptance
PASS test.claim.roadmap.roadmap_planning_candidate_witness_test.only_accountable_human_can_accept
PASS test.claim.roadmap.roadmap_planning_candidate_witness_test.duplicate_field_edits_refuse
PASS test.claim.roadmap.roadmap_planning_candidate_witness_test.verification_is_evidence_not_an_editable_planning_field
PASS test.claim.roadmap.roadmap_planning_candidate_witness_test.parent_and_blocker_proposals_remain_separate
PASS test.claim.roadmap.roadmap_planning_candidate_witness_test.absent_accountable_human_refuses_acceptance
PASS test.claim.roadmap.roadmap_planning_candidate_witness_test.another_issue_cannot_reuse_the_revision
PASS test.claim.roadmap.roadmap_planning_candidate_witness_test.self_blocker_refuses_review
PASS test.claim.roadmap.roadmap_planning_candidate_storage_witness_test.candidate_publication_readback_retry_and_identity_conflict
PASS test.claim.roadmap.roadmap_planning_candidate_storage_witness_test.unplaced_store_refuses_publication
PASS test.claim.roadmap.roadmap_planning_apply_witness_test.stored_candidate_apply_child_readback_and_retry_after_intervening_event
PASS test.claim.roadmap.roadmap_planning_apply_witness_test.wrong_acceptor_and_stale_candidate_cannot_publish
PASS test.claim.roadmap.roadmap_planning_apply_witness_test.invalid_relation_publishes_neither_parent_revision_nor_draft_child
PASS test.claim.roadmap.roadmap_planning_http_witness_test.http_propose_review_accept_and_csrf_refusal
PASS test.claim.roadmap.roadmap_planning_http_witness_test.anonymous_editor_and_accept_refuse_before_storage
PASS test.claim.roadmap.roadmap_planning_projection_witness_test.accepted_ticket_is_the_shared_dashboard_and_worker_input
PASS test.claim.roadmap.roadmap_planning_projection_witness_test.accepted_text_preserves_source_status_authority
PASS test.claim.roadmap.roadmap_task_projection_witness_test.editorial_v4_roundtrip_preserves_identity_and_empty_body
PASS test.claim.roadmap.roadmap_task_projection_witness_test.editorial_revision_and_progress_share_one_expected_head
PASS test.claim.roadmap.roadmap_task_projection_witness_test.editorial_edit_cannot_replace_minted_identity_or_code_binding
PASS test.claim.roadmap.roadmap_task_projection_witness_test.editorial_creation_is_once_and_dependency_cannot_be_self
PASS test.claim.roadmap.roadmap_task_projection_witness_test.editorial_v4_reader_preserves_v3_authenticated_history_ids
PASS test.claim.roadmap.roadmap_task_projection_witness_test.editorial_unknown_prerequisite_only_allowed_during_incremental_import
PASS test.claim.roadmap.roadmap_task_projection_witness_test.editorial_two_node_cycle_refuses_in_production_and_import
PASS test.claim.roadmap_task_wire_witness_test.witness_editorial_edit_preserves_identity_and_contract
PASS test.claim.roadmap_task_wire_witness_test.witness_editorial_wire_refuses_identity_authority_and_duplicates
PASS test.claim.roadmap.roadmap_event_log_witness_test.the_event_id_is_content_addressed
PASS test.claim.roadmap.roadmap_event_log_witness_test.the_wire_form_round_trips_and_a_mismatched_id_refuses
PASS test.claim.roadmap.roadmap_event_log_witness_test.a_linear_history_folds_in_causal_order
PASS test.claim.roadmap.roadmap_event_log_witness_test.a_fork_and_a_missing_parent_are_their_own_standings
PASS test.claim.roadmap.roadmap_event_carrier_witness_test.roadmap_fabric_manifest_preserves_original_event_identity_and_bytes
PASS test.claim.roadmap.roadmap_event_carrier_witness_test.roadmap_fabric_missing_link_refuses_instead_of_returning_partial_history
PASS test.claim.roadmap.roadmap_event_carrier_witness_test.roadmap_empty_head_and_unreadable_history_are_distinct
PASS test.claim.roadmap.roadmap_event_carrier_witness_test.an_empty_node_reads_as_no_events_and_a_bad_file_refuses_the_read
PASS test.claim.roadmap.roadmap_event_carrier_witness_test.roadmap_current_write_requires_readable_authenticated_event_bytes
PASS test.claim.roadmap.roadmap_event_carrier_witness_test.roadmap_production_empty_history_requires_completed_migration
PASS test.claim.roadmap.roadmap_event_carrier_witness_test.roadmap_migration_gate_refuses_lost_baseline_history
PASS test.claim.roadmap.roadmap_event_carrier_witness_test.production_append_refuses_unknown_prerequisite_before_storage_effects
