[workspace-root] discovered /home/briansrls/scratch-wt/workspace-commissioning-production
✓ typecheck v2.std.compilers.target_model done in 24 seconds
✓ typecheck v2.compiler.target_serialize done in 2 seconds
✓ typecheck v2.compiler.body_lowering_fold done in 2 seconds
✓ typecheck v2.compiler.translate done in 3 seconds
✓ typecheck gunbc.spark.pair_serving_authority_log done in 2 seconds
✓ typecheck gunbc.fleet_converge_plan done in 2 seconds
✓ typecheck gunbc.roadmap_belt_actuate done in 3 seconds
✓ typecheck gunbc.roadmap_component done in 3 seconds
✓ typecheck gunbc.roadmap_page done in 2 seconds
✓ typecheck gunbc.live_deploy.emit done in 3 seconds
✓ typecheck gunbc.host_effect_realize done in 21 seconds
✓ typecheck gunbc.live_deploy.apply done in 3 seconds
✓ typecheck gunbc.ci_spec done in 2 seconds
✓ typecheck gunbc.fleet_converge_workflow done in 2 seconds
✓ typecheck test.claim.fleet_converge_plan_witness done in 2 seconds
[pre-entry] phase=workspace_discovery ms=10 scale=closure
[pre-entry] phase=source_root_walk_and_read ms=48 scale=tree
[pre-entry] phase=graph_facts_import_edges ms=11032 scale=tree
[pre-entry] phase=graph_facts_module_declarations ms=2 scale=tree
[pre-entry] phase=pool_census_parse ms=3785 scale=tree
[pre-entry] phase=closure_name_census_build ms=4224 scale=tree
[pre-entry] phase=reference_pool_names_from_census ms=71 scale=tree
[pre-entry] phase=selection_tier_closure_files ms=107 scale=closure
[pre-entry] phase=closure_load ms=5705 scale=closure
[pre-entry] phase=closure_parse ms=21062 scale=closure
[pre-entry] phase=closure_resolve ms=714 scale=closure
[pre-entry] phase=closure_normalize ms=2216 scale=closure
[pre-entry] phase=closure_typecheck ms=225288 scale=closure
[pre-entry] phase=closure_parent_envs ms=25 scale=closure
[pre-entry] phase=closure_reconcile_assembly ms=410 scale=closure
[pre-entry] phase=closure_ownership ms=0 scale=closure
[pre-entry] phase=resolve_entry_graph_inclusive ms=353913 scale=closure
[pre-entry] population pool_modules=1908 closure_files=refused
[pre-entry] process_cpu user_ms=346989 sys_ms=5622 max_rss_kib=11473364
error: resolve failed for target/fleet-generation-integration-repaired/test.claim.fleet_converge_plan_witness.dag
  cause: target/fleet-generation-integration-repaired/gunbc.host_standup_assimilation_deduction.dag:46:10: error: undefined variable 'srv3_pre_install_lease_table'
target/fleet-generation-integration-repaired/gunbc.host_standup_assimilation_deduction.dag:50:10: error: undefined variable 'srv3_post_install_lease_table_fixture'
target/fleet-generation-integration-repaired/gunbc.host_standup_assimilation_deduction.dag:66:43: error: undefined variable 'srv3_install_hang_no_router_lease_ms'
target/fleet-generation-integration-repaired/gunbc.host_standup_assimilation_deduction.dag:105:10: error: function 'lease_table_has_os_up_subsumption' not found in scope
<synthetic>: error: effect summary incomplete: call to 'lease_table_has_os_up_subsumption' in gunbc.host_standup_assimilation_deduction.deduce_os_install_actuation_verdict has no established callee identity, so its effects cannot be joined
