[workspace-root] discovered /home/briansrls/scratch-wt/workspace-commissioning-production
✓ typecheck v2.std.compilers.target_model done in 24 seconds
✓ typecheck v2.compiler.target_serialize done in 2 seconds
✓ typecheck v2.compiler.body_lowering_fold done in 2 seconds
✓ typecheck gunbc.runner_microvm_slot_controller done in 4 seconds
[pre-entry] phase=workspace_discovery ms=14 scale=closure
[pre-entry] phase=source_root_walk_and_read ms=23 scale=tree
[pre-entry] phase=graph_facts_import_edges ms=5333 scale=tree
[pre-entry] phase=graph_facts_module_declarations ms=0 scale=tree
[pre-entry] phase=pool_census_parse ms=1960 scale=tree
[pre-entry] phase=closure_name_census_build ms=2220 scale=tree
[pre-entry] phase=reference_pool_names_from_census ms=35 scale=tree
[pre-entry] phase=selection_tier_closure_files ms=50 scale=closure
[pre-entry] phase=closure_load ms=2738 scale=closure
[pre-entry] phase=closure_parse ms=9731 scale=closure
[pre-entry] phase=closure_resolve ms=347 scale=closure
[pre-entry] phase=closure_normalize ms=1103 scale=closure
[pre-entry] phase=closure_typecheck ms=94655 scale=closure
[pre-entry] phase=closure_parent_envs ms=10 scale=closure
[pre-entry] phase=closure_reconcile_assembly ms=177 scale=closure
[pre-entry] phase=closure_ownership ms=1355 scale=closure
[pre-entry] phase=resolve_entry_graph_inclusive ms=149104 scale=closure
[pre-entry] population pool_modules=783 closure_files=783
[pre-entry] process_cpu user_ms=145880 sys_ms=2652 max_rss_kib=5235520
