[workspace-root] discovered /home/briansrls/scratch-wt/workspace-commissioning-production
✓ typecheck v2.std.compilers.target_model done in 25 seconds
✓ typecheck v2.compiler.target_serialize done in 2 seconds
✓ typecheck v2.compiler.body_lowering_fold done in 2 seconds
✓ typecheck gunbc.fleet_converge_plan done in 2 seconds
[pre-entry] phase=workspace_discovery ms=12 scale=closure
[pre-entry] phase=source_root_walk_and_read ms=20 scale=tree
[pre-entry] phase=graph_facts_import_edges ms=4930 scale=tree
[pre-entry] phase=graph_facts_module_declarations ms=0 scale=tree
[pre-entry] phase=pool_census_parse ms=1834 scale=tree
[pre-entry] phase=closure_name_census_build ms=2043 scale=tree
[pre-entry] phase=reference_pool_names_from_census ms=34 scale=tree
[pre-entry] phase=selection_tier_closure_files ms=46 scale=closure
[pre-entry] phase=closure_load ms=2427 scale=closure
[pre-entry] phase=closure_parse ms=9522 scale=closure
[pre-entry] phase=closure_resolve ms=332 scale=closure
[pre-entry] phase=closure_normalize ms=1057 scale=closure
[pre-entry] phase=closure_typecheck ms=85916 scale=closure
[pre-entry] phase=closure_parent_envs ms=9 scale=closure
[pre-entry] phase=closure_reconcile_assembly ms=174 scale=closure
[pre-entry] phase=closure_ownership ms=1271 scale=closure
[pre-entry] phase=resolve_entry_graph_inclusive ms=133126 scale=closure
[pre-entry] population pool_modules=705 closure_files=705
[pre-entry] process_cpu user_ms=129838 sys_ms=2726 max_rss_kib=4644424
