[workspace-root] discovered /home/briansrls/scratch-wt/workspace-commissioning-production
[pre-entry] phase=workspace_discovery ms=14 scale=closure
[pre-entry] phase=source_root_walk_and_read ms=3 scale=tree
[pre-entry] phase=graph_facts_import_edges ms=164 scale=tree
[pre-entry] phase=graph_facts_module_declarations ms=0 scale=tree
[pre-entry] phase=pool_census_parse ms=56 scale=tree
[pre-entry] phase=closure_name_census_build ms=29 scale=tree
[pre-entry] phase=reference_pool_names_from_census ms=1 scale=tree
[pre-entry] phase=selection_tier_closure_files ms=1 scale=closure
[pre-entry] phase=closure_load ms=36 scale=closure
[pre-entry] phase=closure_parse ms=258 scale=closure
[pre-entry] phase=closure_resolve ms=7 scale=closure
[pre-entry] phase=closure_normalize ms=34 scale=closure
[pre-entry] phase=closure_typecheck ms=748 scale=closure
[pre-entry] phase=closure_parent_envs ms=0 scale=closure
[pre-entry] phase=closure_reconcile_assembly ms=4 scale=closure
[pre-entry] phase=closure_ownership ms=27 scale=closure
[pre-entry] phase=resolve_entry_graph_inclusive ms=1747 scale=closure
[pre-entry] population pool_modules=23 closure_files=23
[pre-entry] process_cpu user_ms=1619 sys_ms=121 max_rss_kib=121708
PASS equal_numbers_do_not_identify_the_applying_plan
PASS old_counter_remains_readable_without_inventing_provenance
PASS malformed_suffix_is_not_discarded
