[workspace-root] discovered /home/briansrls/scratch-wt/workspace-commissioning-production
✓ typecheck v2.std.compilers.target_model done in 24 seconds
[pre-entry] phase=workspace_discovery ms=13 scale=closure
[pre-entry] phase=source_root_walk_and_read ms=7 scale=tree
[pre-entry] phase=graph_facts_import_edges ms=1275 scale=tree
[pre-entry] phase=graph_facts_module_declarations ms=0 scale=tree
[pre-entry] phase=pool_census_parse ms=493 scale=tree
[pre-entry] phase=closure_name_census_build ms=453 scale=tree
[pre-entry] phase=reference_pool_names_from_census ms=8 scale=tree
[pre-entry] phase=selection_tier_closure_files ms=20 scale=closure
[pre-entry] phase=closure_load ms=538 scale=closure
[pre-entry] phase=closure_parse ms=2402 scale=closure
[pre-entry] phase=closure_resolve ms=77 scale=closure
[pre-entry] phase=closure_normalize ms=288 scale=closure
[pre-entry] phase=closure_typecheck ms=32357 scale=closure
[pre-entry] phase=closure_parent_envs ms=2 scale=closure
[pre-entry] phase=closure_reconcile_assembly ms=40 scale=closure
[pre-entry] phase=closure_ownership ms=324 scale=closure
[pre-entry] phase=resolve_entry_graph_inclusive ms=42214 scale=closure
[pre-entry] population pool_modules=208 closure_files=208
[pre-entry] process_cpu user_ms=41470 sys_ms=583 max_rss_kib=1104404
PASS each_recovery_obligation_roundtrips
PASS submission_cannot_skip_to_success
PASS readback_and_release_are_distinct_durable_obligations
PASS recovery_cannot_substitute_another_controller
PASS stale_invocation_cannot_bind_a_fresh_submission
PASS malformed_or_incomplete_history_is_not_submission
PASS persisted_submission_is_never_a_repeated_start_permit
PASS released_slot_recovery_does_not_wait_for_the_predecessor_controller
