[workspace-root] discovered /home/briansrls/scratch-wt/workspace-commissioning-reconcile
[pre-entry] phase=workspace_discovery ms=12 scale=closure
[pre-entry] phase=source_root_walk_and_read ms=30 scale=tree
[pre-entry] phase=graph_facts_import_edges ms=8242 scale=tree
[pre-entry] phase=graph_facts_module_declarations ms=1 scale=tree
[pre-entry] phase=pool_census_parse ms=1143 scale=tree
[pre-entry] phase=closure_name_census_build ms=1667 scale=tree
[pre-entry] phase=reference_pool_names_from_census ms=46 scale=tree
[pre-entry] phase=selection_tier_closure_files ms=1 scale=closure
[pre-entry] phase=closure_load ms=1871 scale=closure
[pre-entry] phase=closure_parse ms=166 scale=closure
[pre-entry] phase=closure_resolve ms=6 scale=closure
[pre-entry] phase=closure_normalize ms=33 scale=closure
[pre-entry] phase=closure_typecheck ms=972 scale=closure
[pre-entry] phase=closure_parent_envs ms=0 scale=closure
[pre-entry] phase=closure_reconcile_assembly ms=7 scale=closure
[pre-entry] phase=closure_ownership ms=28 scale=closure
[pre-entry] phase=resolve_entry_graph_inclusive ms=15971 scale=closure
[pre-entry] population pool_modules=1167 closure_files=23
[pre-entry] process_cpu user_ms=15139 sys_ms=790 max_rss_kib=1832564
PASS equal_numbers_do_not_identify_the_applying_plan
PASS old_counter_remains_readable_without_inventing_provenance
PASS malformed_suffix_is_not_discarded
