p1_cohort_probe: 50 explicit cohort entr(y/ies), source_roots=["/home/briansrls/.worktrees/gunbc/valiant-deer-205/dag", "/home/briansrls/.worktrees/gunbc/valiant-deer-205/src/v2"]
◷ governor adaptive width — budget=33578549248 source=cgroup memory.max (/sys/fs/cgroup/) max_width=128 sensors=/sys/fs/cgroup/
[calibration] roster_import_closure_nodes=711 rows=414 (loader both-closure union, pre-resolve, no resolve/typecheck; pairs with the floor cgroup memory.peak steps — on a killed run this line plus the last [gantt] rss_mib sample are the lower-bound receipt)
◐ started compile.frontend
✓ compile.frontend done in 126ms
✓ compile.normalize done in 17ms
✓ compile.reconcile done in 353ms
✓ compile.analyses done in 10ms
02:28:17.266 [affected-set] selection off — running all 414 witness(es) across 50 entr(y/ies)
run_discovery_corpus: adaptive pool over 50 entry-group(s), 414 row(s) (governor target_width=1)
run_discovery_corpus: width=1 inline drain — reusing process_shared_index (no worker duplicate index)
run_discovery_corpus: cross_worker_store withheld (governor target_width=1) — per-index typed cache until width > 1
[floor-drain] SCHEDULE-RETENTION EVICTION DISABLED (GUNBC_SCHEDULE_RETENTION_EVICT=0): arming + counting only, dropping NOTHING — the retain-all measurement pole (pre-M2 process-lifetime retention). schedule_evictions will be 0 BY CONSTRUCTION; unset the env to restore eviction.
[floor-drain] schedule-retention ARMED: entries=50 modules_refcounted=711 evict_enabled=false
02:28:20.807 PASS accelerator_demo_execution_lane_witnesses (/home/briansrls/.worktrees/gunbc/valiant-deer-205/dag/test/claim/accelerator_demo_execution_witness_test.dag leg=InterpretedLeg) 3.1ms
[floor-drain] schedule-retention: entry='/home/briansrls/.worktrees/gunbc/valiant-deer-205/dag/test/claim/accelerator_demo_execution_witness_test.dag' evicted_modules=0 evicted_graph=0 schedule_evictions=0 graph_evictions=0 retention_unknown=0 typed_cache=76 resolved_graphs=3
[floor-drain] group=1/50 typed_cache=76(+58) parse_cache=76(+58) resolved_memo=3(+1) intern_table=80274(+0) evictions=0 peak_rss=1799700480
[p1-cohort] entry=1/50 name='/home/briansrls/.worktrees/gunbc/valiant-deer-205/dag/test/claim/accelerator_demo_execution_witness_test.dag' wall_ms=2247 resolve_ms=2236 eval_ms=3 schedule_cache_hit=0 resolved_graph_hit=0 modules_evicted=0 graphs_evicted=0 process_rss=1799700480 cgroup_memory_current=2733309952 cgroup_memory_peak=4868771840
02:28:21.832 PASS accelerator_demo_gpu_modeling_witnesses (/home/briansrls/.worktrees/gunbc/valiant-deer-205/dag/test/claim/accelerator_demo_gpu_witness_test.dag leg=InterpretedLeg) 1.1ms
[floor-drain] schedule-retention: entry='/home/briansrls/.worktrees/gunbc/valiant-deer-205/dag/test/claim/accelerator_demo_gpu_witness_test.dag' evicted_modules=0 evicted_graph=0 schedule_evictions=0 graph_evictions=0 retention_unknown=0 typed_cache=82 resolved_graphs=4
[floor-drain] group=2/50 typed_cache=82(+6) parse_cache=82(+6) resolved_memo=4(+1) intern_table=80274(+0) evictions=0 peak_rss=1799700480
[p1-cohort] entry=2/50 name='/home/briansrls/.worktrees/gunbc/valiant-deer-205/dag/test/claim/accelerator_demo_gpu_witness_test.dag' wall_ms=1024 resolve_ms=1019 eval_ms=1 schedule_cache_hit=0 resolved_graph_hit=0 modules_evicted=0 graphs_evicted=0 process_rss=1799700480 cgroup_memory_current=2757525504 cgroup_memory_peak=4868771840
02:28:22.842 PASS accelerator_demo_modeling_lane_witnesses (/home/briansrls/.worktrees/gunbc/valiant-deer-205/dag/test/claim/accelerator_demo_model_witness_test.dag leg=InterpretedLeg) 0.8ms
[floor-drain] schedule-retention: entry='/home/briansrls/.worktrees/gunbc/valiant-deer-205/dag/test/claim/accelerator_demo_model_witness_test.dag' evicted_modules=0 evicted_graph=0 schedule_evictions=0 graph_evictions=0 retention_unknown=0 typed_cache=83 resolved_graphs=5
[floor-drain] group=3/50 typed_cache=83(+1) parse_cache=83(+1) resolved_memo=5(+1) intern_table=80274(+0) evictions=0 peak_rss=1799700480
[p1-cohort] entry=3/50 name='/home/briansrls/.worktrees/gunbc/valiant-deer-205/dag/test/claim/accelerator_demo_model_witness_test.dag' wall_ms=1009 resolve_ms=1001 eval_ms=0 schedule_cache_hit=0 resolved_graph_hit=0 modules_evicted=0 graphs_evicted=0 process_rss=1799700480 cgroup_memory_current=2736050176 cgroup_memory_peak=4868771840
02:28:23.835 PASS iam_external_source_denies (/home/briansrls/.worktrees/gunbc/valiant-deer-205/dag/test/claim/access_iam_validation_test.dag leg=InterpretedLeg) 0.2ms
02:28:23.835 PASS iam_internal_prefix_mfa_permits (/home/briansrls/.worktrees/gunbc/valiant-deer-205/dag/test/claim/access_iam_validation_test.dag leg=InterpretedLeg) 0.1ms
02:28:23.835 PASS iam_no_mfa_denies (/home/briansrls/.worktrees/gunbc/valiant-deer-205/dag/test/claim/access_iam_validation_test.dag leg=InterpretedLeg) 0.0ms
02:28:23.835 PASS iam_wrong_prefix_denies (/home/briansrls/.worktrees/gunbc/valiant-deer-205/dag/test/claim/access_iam_validation_test.dag leg=InterpretedLeg) 0.1ms
[floor-drain] schedule-retention: entry='/home/briansrls/.worktrees/gunbc/valiant-deer-205/dag/test/claim/access_iam_validation_test.dag' evicted_modules=0 evicted_graph=0 schedule_evictions=0 graph_evictions=0 retention_unknown=0 typed_cache=89 resolved_graphs=6
[floor-drain] group=4/50 typed_cache=89(+6) parse_cache=89(+6) resolved_memo=6(+1) intern_table=80274(+0) evictions=0 peak_rss=1799700480
[p1-cohort] entry=4/50 name='/home/briansrls/.worktrees/gunbc/valiant-deer-205/dag/test/claim/access_iam_validation_test.dag' wall_ms=991 resolve_ms=987 eval_ms=0 schedule_cache_hit=0 resolved_graph_hit=0 modules_evicted=0 graphs_evicted=0 process_rss=1799700480 cgroup_memory_current=2735022080 cgroup_memory_peak=4868771840
02:28:24.897 PASS bmc_least_privilege_via_rbac_holds (/home/briansrls/.worktrees/gunbc/valiant-deer-205/dag/test/claim/access_layer_extension_witness_test.dag leg=InterpretedLeg) 0.5ms
02:28:24.898 PASS posix_root_identification_holds (/home/briansrls/.worktrees/gunbc/valiant-deer-205/dag/test/claim/access_layer_extension_witness_test.dag leg=InterpretedLeg) 0.0ms
[floor-drain] schedule-retention: entry='/home/briansrls/.worktrees/gunbc/valiant-deer-205/dag/test/claim/access_layer_extension_witness_test.dag' evicted_modules=0 evicted_graph=0 schedule_evictions=0 graph_evictions=0 retention_unknown=0 typed_cache=98 resolved_graphs=7
[floor-drain] group=5/50 typed_cache=98(+9) parse_cache=98(+9) resolved_memo=7(+1) intern_table=80274(+0) evictions=0 peak_rss=1799704576
[p1-cohort] entry=5/50 name='/home/briansrls/.worktrees/gunbc/valiant-deer-205/dag/test/claim/access_layer_extension_witness_test.dag' wall_ms=1062 resolve_ms=1058 eval_ms=0 schedule_cache_hit=0 resolved_graph_hit=0 modules_evicted=0 graphs_evicted=0 process_rss=1799704576 cgroup_memory_current=2735718400 cgroup_memory_peak=4868771840
02:28:26.003 PASS auth_deficit_failure_classifies_interactive_upsert (/home/briansrls/.worktrees/gunbc/valiant-deer-205/dag/test/claim/access_token_ensure_witness_test.dag leg=InterpretedLeg) 0.4ms
02:28:26.004 PASS empty_stderr_failure_classifies_refuse_not_upsert (/home/briansrls/.worktrees/gunbc/valiant-deer-205/dag/test/claim/access_token_ensure_witness_test.dag leg=InterpretedLeg) 0.3ms
02:28:26.004 PASS infrastructure_failure_classifies_refuse_not_upsert (/home/briansrls/.worktrees/gunbc/valiant-deer-205/dag/test/claim/access_token_ensure_witness_test.dag leg=InterpretedLeg) 0.2ms
02:28:26.004 PASS successful_print_classifies_ready (/home/briansrls/.worktrees/gunbc/valiant-deer-205/dag/test/claim/access_token_ensure_witness_test.dag leg=InterpretedLeg) 0.1ms
[floor-drain] schedule-retention: entry='/home/briansrls/.worktrees/gunbc/valiant-deer-205/dag/test/claim/access_token_ensure_witness_test.dag' evicted_modules=0 evicted_graph=0 schedule_evictions=0 graph_evictions=0 retention_unknown=0 typed_cache=107 resolved_graphs=8
[floor-drain] group=6/50 typed_cache=107(+9) parse_cache=107(+9) resolved_memo=8(+1) intern_table=80274(+0) evictions=0 peak_rss=1838747648
[p1-cohort] entry=6/50 name='/home/briansrls/.worktrees/gunbc/valiant-deer-205/dag/test/claim/access_token_ensure_witness_test.dag' wall_ms=1106 resolve_ms=1101 eval_ms=1 schedule_cache_hit=0 resolved_graph_hit=0 modules_evicted=0 graphs_evicted=0 process_rss=1838747648 cgroup_memory_current=2790842368 cgroup_memory_peak=4868771840
02:28:26.947 PASS posix_group_can_read (/home/briansrls/.worktrees/gunbc/valiant-deer-205/dag/test/claim/access_validation_test.dag leg=InterpretedLeg) 0.1ms
02:28:26.947 PASS posix_other_cannot_read (/home/briansrls/.worktrees/gunbc/valiant-deer-205/dag/test/claim/access_validation_test.dag leg=InterpretedLeg) 0.1ms
02:28:26.947 PASS posix_owner_can_read (/home/briansrls/.worktrees/gunbc/valiant-deer-205/dag/test/claim/access_validation_test.dag leg=InterpretedLeg) 0.0ms
02:28:26.947 PASS posix_owner_cannot_execute (/home/briansrls/.worktrees/gunbc/valiant-deer-205/dag/test/claim/access_validation_test.dag leg=InterpretedLeg) 0.1ms
02:28:26.947 PASS rbac_editor_can_write (/home/briansrls/.worktrees/gunbc/valiant-deer-205/dag/test/claim/access_validation_test.dag leg=InterpretedLeg) 0.2ms
02:28:26.947 PASS rbac_viewer_can_read (/home/briansrls/.worktrees/gunbc/valiant-deer-205/dag/test/claim/access_validation_test.dag leg=InterpretedLeg) 0.1ms
02:28:26.948 PASS rbac_viewer_cannot_write (/home/briansrls/.worktrees/gunbc/valiant-deer-205/dag/test/claim/access_validation_test.dag leg=InterpretedLeg) 0.1ms
[floor-drain] schedule-retention: entry='/home/briansrls/.worktrees/gunbc/valiant-deer-205/dag/test/claim/access_validation_test.dag' evicted_modules=0 evicted_graph=0 schedule_evictions=0 graph_evictions=0 retention_unknown=0 typed_cache=108 resolved_graphs=9
[floor-drain] group=7/50 typed_cache=108(+1) parse_cache=108(+1) resolved_memo=9(+1) intern_table=80274(+0) evictions=0 peak_rss=1896140800
[p1-cohort] entry=7/50 name='/home/briansrls/.worktrees/gunbc/valiant-deer-205/dag/test/claim/access_validation_test.dag' wall_ms=942 resolve_ms=939 eval_ms=0 schedule_cache_hit=0 resolved_graph_hit=0 modules_evicted=0 graphs_evicted=0 process_rss=1896140800 cgroup_memory_current=2986872832 cgroup_memory_peak=4868771840
02:28:27.900 PASS w_exact_fraction_is_authority_and_floor_is_lossy (/home/briansrls/.worktrees/gunbc/valiant-deer-205/dag/test/claim/acquisition_mechanism_witness_test.dag leg=InterpretedLeg) 0.3ms
02:28:27.900 PASS w_red_empty_funnel_refuses (/home/briansrls/.worktrees/gunbc/valiant-deer-205/dag/test/claim/acquisition_mechanism_witness_test.dag leg=InterpretedLeg) 0.1ms
02:28:27.900 PASS w_red_first_invalid_stage_wins (/home/briansrls/.worktrees/gunbc/valiant-deer-205/dag/test/claim/acquisition_mechanism_witness_test.dag leg=InterpretedLeg) 0.1ms
02:28:27.900 PASS w_red_floor_projection_refuses_hand_built_zero_converted_forecast (/home/briansrls/.worktrees/gunbc/valiant-deer-205/dag/test/claim/acquisition_mechanism_witness_test.dag leg=InterpretedLeg) 0.0ms
02:28:27.901 PASS w_red_rate_above_unity_refuses_naming_the_stage (/home/briansrls/.worktrees/gunbc/valiant-deer-205/dag/test/claim/acquisition_mechanism_witness_test.dag leg=InterpretedLeg) 0.1ms
02:28:27.901 PASS w_red_unknown_scenario_refuses (/home/briansrls/.worktrees/gunbc/valiant-deer-205/dag/test/claim/acquisition_mechanism_witness_test.dag leg=InterpretedLeg) 0.0ms
02:28:27.901 PASS w_red_zero_cohort_refuses_naming_the_stage (/home/briansrls/.worktrees/gunbc/valiant-deer-205/dag/test/claim/acquisition_mechanism_witness_test.dag leg=InterpretedLeg) 0.1ms
02:28:27.901 PASS w_red_zero_entry_unit_cost_refuses (/home/briansrls/.worktrees/gunbc/valiant-deer-205/dag/test/claim/acquisition_mechanism_witness_test.dag leg=InterpretedLeg) 0.1ms
02:28:27.901 PASS w_red_zero_numerator_refuses_naming_the_stage (/home/briansrls/.worktrees/gunbc/valiant-deer-205/dag/test/claim/acquisition_mechanism_witness_test.dag leg=InterpretedLeg) 0.1ms
02:28:27.901 PASS w_two_step_funnel_composes_exact_fraction_and_cost (/home/briansrls/.worktrees/gunbc/valiant-deer-205/dag/test/claim/acquisition_mechanism_witness_test.dag leg=InterpretedLeg) 0.1ms
[floor-drain] schedule-retention: entry='/home/briansrls/.worktrees/gunbc/valiant-deer-205/dag/test/claim/acquisition_mechanism_witness_test.dag' evicted_modules=0 evicted_graph=0 schedule_evictions=0 graph_evictions=0 retention_unknown=0 typed_cache=110 resolved_graphs=10
[floor-drain] group=8/50 typed_cache=110(+2) parse_cache=110(+2) resolved_memo=10(+1) intern_table=80274(+0) evictions=0 peak_rss=1956306944
[p1-cohort] entry=8/50 name='/home/briansrls/.worktrees/gunbc/valiant-deer-205/dag/test/claim/acquisition_mechanism_witness_test.dag' wall_ms=953 resolve_ms=949 eval_ms=1 schedule_cache_hit=0 resolved_graph_hit=0 modules_evicted=0 graphs_evicted=0 process_rss=1956306944 cgroup_memory_current=3049431040 cgroup_memory_peak=4868771840
02:28:28.857 PASS w_google_billable_unit_catalog_is_total_and_wire_labeled (/home/briansrls/.worktrees/gunbc/valiant-deer-205/dag/test/claim/advertising_interface_witness_test.dag leg=InterpretedLeg) 0.1ms
02:28:28.857 PASS w_google_media_rate_is_auction_determined_with_mechanism_citation (/home/briansrls/.worktrees/gunbc/valiant-deer-205/dag/test/claim/advertising_interface_witness_test.dag leg=InterpretedLeg) 0.0ms
02:28:28.857 PASS w_google_strategy_roster_is_the_verbatim_thirteen (/home/briansrls/.worktrees/gunbc/valiant-deer-205/dag/test/claim/advertising_interface_witness_test.dag leg=InterpretedLeg) 0.0ms
02:28:28.857 PASS w_meta_bid_strategy_catalog_is_total_with_verbatim_wire_values (/home/briansrls/.worktrees/gunbc/valiant-deer-205/dag/test/claim/advertising_interface_witness_test.dag leg=InterpretedLeg) 0.1ms
02:28:28.858 PASS w_meta_billing_event_catalog_is_total_with_verbatim_wire_values (/home/briansrls/.worktrees/gunbc/valiant-deer-205/dag/test/claim/advertising_interface_witness_test.dag leg=InterpretedLeg) 0.2ms
02:28:28.858 PASS w_meta_media_rate_is_auction_determined (/home/briansrls/.worktrees/gunbc/valiant-deer-205/dag/test/claim/advertising_interface_witness_test.dag leg=InterpretedLeg) 0.0ms
02:28:28.858 PASS w_meta_optimization_goal_axis_is_distinct_and_transcribed (/home/briansrls/.worktrees/gunbc/valiant-deer-205/dag/test/claim/advertising_interface_witness_test.dag leg=InterpretedLeg) 0.1ms
02:28:28.858 PASS w_red_answer_arm_and_ignorance_arm_stay_distinct (/home/briansrls/.worktrees/gunbc/valiant-deer-205/dag/test/claim/advertising_interface_witness_test.dag leg=InterpretedLeg) 0.0ms
02:28:28.858 PASS w_red_meta_minimum_budget_rate_refuses_with_cause (/home/briansrls/.worktrees/gunbc/valiant-deer-205/dag/test/claim/advertising_interface_witness_test.dag leg=InterpretedLeg) 0.0ms
[floor-drain] schedule-retention: entry='/home/briansrls/.worktrees/gunbc/valiant-deer-205/dag/test/claim/advertising_interface_witness_test.dag' evicted_modules=0 evicted_graph=0 schedule_evictions=0 graph_evictions=0 retention_unknown=0 typed_cache=117 resolved_graphs=11
[floor-drain] group=9/50 typed_cache=117(+7) parse_cache=117(+7) resolved_memo=11(+1) intern_table=80274(+0) evictions=0 peak_rss=2016628736
[p1-cohort] entry=9/50 name='/home/briansrls/.worktrees/gunbc/valiant-deer-205/dag/test/claim/advertising_interface_witness_test.dag' wall_ms=956 resolve_ms=953 eval_ms=0 schedule_cache_hit=0 resolved_graph_hit=0 modules_evicted=0 graphs_evicted=0 process_rss=2016628736 cgroup_memory_current=3110096896 cgroup_memory_peak=4868771840
02:28:30.605 PASS census_closure_frontier_rows_count_is_twenty_one (/home/briansrls/.worktrees/gunbc/valiant-deer-205/dag/test/claim/annotation_carrier_witness_test.dag leg=InterpretedLeg) 4.2ms
02:28:30.606 PASS census_closure_frontier_rows_well_formed (/home/briansrls/.worktrees/gunbc/valiant-deer-205/dag/test/claim/annotation_carrier_witness_test.dag leg=InterpretedLeg) 0.4ms
02:28:30.607 PASS frontier_expiry_fired_row_still_present_reds (/home/briansrls/.worktrees/gunbc/valiant-deer-205/dag/test/claim/annotation_carrier_witness_test.dag leg=InterpretedLeg) 0.6ms
02:28:30.607 PASS frontier_expiry_fired_trigger_absent_from_rows_is_clean (/home/briansrls/.worktrees/gunbc/valiant-deer-205/dag/test/claim/annotation_carrier_witness_test.dag leg=InterpretedLeg) 0.6ms
02:28:30.607 PASS frontier_expiry_fold_reports_all_unfired_when_no_fired_registry (/home/briansrls/.worktrees/gunbc/valiant-deer-205/dag/test/claim/annotation_carrier_witness_test.dag leg=InterpretedLeg) 0.3ms
[floor-drain] schedule-retention: entry='/home/briansrls/.worktrees/gunbc/valiant-deer-205/dag/test/claim/annotation_carrier_witness_test.dag' evicted_modules=0 evicted_graph=0 schedule_evictions=0 graph_evictions=0 retention_unknown=0 typed_cache=155 resolved_graphs=12
[floor-drain] group=10/50 typed_cache=155(+38) parse_cache=155(+38) resolved_memo=12(+1) intern_table=80274(+0) evictions=0 peak_rss=2123771904
[p1-cohort] entry=10/50 name='/home/briansrls/.worktrees/gunbc/valiant-deer-205/dag/test/claim/annotation_carrier_witness_test.dag' wall_ms=1750 resolve_ms=1735 eval_ms=6 schedule_cache_hit=0 resolved_graph_hit=0 modules_evicted=0 graphs_evicted=0 process_rss=2123771904 cgroup_memory_current=3218231296 cgroup_memory_peak=4868771840
02:28:42.901 PASS anomaly_absent_reason_phrase_has_one_spelling (/home/briansrls/.worktrees/gunbc/valiant-deer-205/dag/test/claim/anomaly_evidence_witness_test.dag leg=InterpretedLeg) 65.4ms
02:28:42.901 PASS anomaly_cleanup_refusal_reaches_the_surface (/home/briansrls/.worktrees/gunbc/valiant-deer-205/dag/test/claim/anomaly_evidence_witness_test.dag leg=InterpretedLeg) 0.1ms
02:28:42.901 PASS anomaly_dispatch_answer_reaches_the_surface (/home/briansrls/.worktrees/gunbc/valiant-deer-205/dag/test/claim/anomaly_evidence_witness_test.dag leg=InterpretedLeg) 0.0ms
02:28:42.901 PASS anomaly_instance_label_keeps_both_halves (/home/briansrls/.worktrees/gunbc/valiant-deer-205/dag/test/claim/anomaly_evidence_witness_test.dag leg=InterpretedLeg) 0.0ms
02:28:42.901 PASS anomaly_producer_red_on_surface_without_callers (/home/briansrls/.worktrees/gunbc/valiant-deer-205/dag/test/claim/anomaly_evidence_witness_test.dag leg=InterpretedLeg) 0.1ms
02:28:42.901 PASS anomaly_reason_empty_text_removes_the_line (/home/briansrls/.worktrees/gunbc/valiant-deer-205/dag/test/claim/anomaly_evidence_witness_test.dag leg=InterpretedLeg) 0.0ms
02:28:42.901 PASS anomaly_reason_is_a_surface (/home/briansrls/.worktrees/gunbc/valiant-deer-205/dag/test/claim/anomaly_evidence_witness_test.dag leg=InterpretedLeg) 0.1ms
02:28:42.901 PASS anomaly_reason_red_on_title_only (/home/briansrls/.worktrees/gunbc/valiant-deer-205/dag/test/claim/anomaly_evidence_witness_test.dag leg=InterpretedLeg) 0.0ms
02:28:42.982 PASS anomaly_reason_surface_is_styled (/home/briansrls/.worktrees/gunbc/valiant-deer-205/dag/test/claim/anomaly_evidence_witness_test.dag leg=InterpretedLeg) 81.1ms
02:28:42.982 PASS anomaly_stage_accessible_name_keeps_label_and_state (/home/briansrls/.worktrees/gunbc/valiant-deer-205/dag/test/claim/anomaly_evidence_witness_test.dag leg=InterpretedLeg) 0.0ms
02:28:42.983 PASS anomaly_title_stays_a_convenience (/home/briansrls/.worktrees/gunbc/valiant-deer-205/dag/test/claim/anomaly_evidence_witness_test.dag leg=InterpretedLeg) 0.1ms
02:28:42.983 PASS anomaly_unreadable_answer_does_not_name_the_network (/home/briansrls/.worktrees/gunbc/valiant-deer-205/dag/test/claim/anomaly_evidence_witness_test.dag leg=InterpretedLeg) 0.0ms
02:28:42.983 PASS anomaly_unreadable_answer_reaches_the_surface (/home/briansrls/.worktrees/gunbc/valiant-deer-205/dag/test/claim/anomaly_evidence_witness_test.dag leg=InterpretedLeg) 0.1ms
02:28:42.983 PASS anomaly_workflow_refusal_reason_survives_concatenation (/home/briansrls/.worktrees/gunbc/valiant-deer-205/dag/test/claim/anomaly_evidence_witness_test.dag leg=InterpretedLeg) 0.0ms
02:28:42.983 PASS anomaly_workflow_segment_falls_closed_on_empty_detail (/home/briansrls/.worktrees/gunbc/valiant-deer-205/dag/test/claim/anomaly_evidence_witness_test.dag leg=InterpretedLeg) 0.0ms
02:28:42.983 PASS anomaly_workflow_segment_reaches_the_surface (/home/briansrls/.worktrees/gunbc/valiant-deer-205/dag/test/claim/anomaly_evidence_witness_test.dag leg=InterpretedLeg) 0.0ms
[floor-drain] schedule-retention: entry='/home/briansrls/.worktrees/gunbc/valiant-deer-205/dag/test/claim/anomaly_evidence_witness_test.dag' evicted_modules=0 evicted_graph=0 schedule_evictions=0 graph_evictions=0 retention_unknown=0 typed_cache=310 resolved_graphs=13
[floor-drain] group=11/50 typed_cache=310(+155) parse_cache=307(+152) resolved_memo=13(+1) intern_table=80274(+0) evictions=0 peak_rss=2812178432
[p1-cohort] entry=11/50 name='/home/briansrls/.worktrees/gunbc/valiant-deer-205/dag/test/claim/anomaly_evidence_witness_test.dag' wall_ms=12397 resolve_ms=12186 eval_ms=147 schedule_cache_hit=0 resolved_graph_hit=0 modules_evicted=0 graphs_evicted=0 process_rss=2812178432 cgroup_memory_current=3774275584 cgroup_memory_peak=4868771840
02:28:43.961 PASS shell_quote_apostrophe_render_reopens_single_quote_context (/home/briansrls/.worktrees/gunbc/valiant-deer-205/dag/test/claim/argv_command_render_witness_test.dag leg=InterpretedLeg) 0.1ms
02:28:43.961 PASS shell_quote_escapes_embedded_apostrophe (/home/briansrls/.worktrees/gunbc/valiant-deer-205/dag/test/claim/argv_command_render_witness_test.dag leg=InterpretedLeg) 0.0ms
02:28:43.961 PASS shell_quote_plain_args_single_quoted (/home/briansrls/.worktrees/gunbc/valiant-deer-205/dag/test/claim/argv_command_render_witness_test.dag leg=InterpretedLeg) 0.0ms
[floor-drain] schedule-retention: entry='/home/briansrls/.worktrees/gunbc/valiant-deer-205/dag/test/claim/argv_command_render_witness_test.dag' evicted_modules=0 evicted_graph=0 schedule_evictions=0 graph_evictions=0 retention_unknown=0 typed_cache=312 resolved_graphs=14
[floor-drain] group=12/50 typed_cache=312(+2) parse_cache=309(+2) resolved_memo=14(+1) intern_table=80274(+0) evictions=0 peak_rss=2850906112
[p1-cohort] entry=12/50 name='/home/briansrls/.worktrees/gunbc/valiant-deer-205/dag/test/claim/argv_command_render_witness_test.dag' wall_ms=953 resolve_ms=948 eval_ms=0 schedule_cache_hit=0 resolved_graph_hit=0 modules_evicted=0 graphs_evicted=0 process_rss=2850906112 cgroup_memory_current=3941482496 cgroup_memory_peak=4868771840
02:28:45.022 PASS artifact_store_scratch_grant_admits_gunbc_tmp_holds (/home/briansrls/.worktrees/gunbc/valiant-deer-205/dag/test/claim/artifact_store_scratch_grant_witness_test.dag leg=InterpretedLeg) 0.8ms
02:28:45.022 PASS artifact_store_scratch_grant_refusal_is_located (/home/briansrls/.worktrees/gunbc/valiant-deer-205/dag/test/claim/artifact_store_scratch_grant_witness_test.dag leg=InterpretedLeg) 0.2ms
02:28:45.022 PASS artifact_store_scratch_grant_refuses_gunbc_prefix_without_separator_holds (/home/briansrls/.worktrees/gunbc/valiant-deer-205/dag/test/claim/artifact_store_scratch_grant_witness_test.dag leg=InterpretedLeg) 0.2ms
02:28:45.023 PASS artifact_store_scratch_grant_refuses_non_gunbc_tmp_holds (/home/briansrls/.worktrees/gunbc/valiant-deer-205/dag/test/claim/artifact_store_scratch_grant_witness_test.dag leg=InterpretedLeg) 0.2ms
02:28:45.023 PASS artifact_store_scratch_grant_refuses_repo_tree_holds (/home/briansrls/.worktrees/gunbc/valiant-deer-205/dag/test/claim/artifact_store_scratch_grant_witness_test.dag leg=InterpretedLeg) 0.1ms
[floor-drain] schedule-retention: entry='/home/briansrls/.worktrees/gunbc/valiant-deer-205/dag/test/claim/artifact_store_scratch_grant_witness_test.dag' evicted_modules=0 evicted_graph=0 schedule_evictions=0 graph_evictions=0 retention_unknown=0 typed_cache=315 resolved_graphs=15
[floor-drain] group=13/50 typed_cache=315(+3) parse_cache=312(+3) resolved_memo=15(+1) intern_table=80274(+0) evictions=0 peak_rss=2921746432
[p1-cohort] entry=13/50 name='/home/briansrls/.worktrees/gunbc/valiant-deer-205/dag/test/claim/artifact_store_scratch_grant_witness_test.dag' wall_ms=1061 resolve_ms=1053 eval_ms=1 schedule_cache_hit=0 resolved_graph_hit=0 modules_evicted=0 graphs_evicted=0 process_rss=2921746432 cgroup_memory_current=4148674560 cgroup_memory_peak=4868771840
02:28:46.171 PASS derived_aggregate_matches_legacy_aggregate_for_unchanged_build (/home/briansrls/.worktrees/gunbc/valiant-deer-205/dag/test/claim/artifact_store_witness_test.dag leg=InterpretedLeg) 0.4ms
02:28:46.172 PASS native_realization_environment_change_cold_rebuild_holds (/home/briansrls/.worktrees/gunbc/valiant-deer-205/dag/test/claim/artifact_store_witness_test.dag leg=InterpretedLeg) 1.0ms
02:28:46.173 PASS native_realization_toolchain_change_cold_rebuild_holds (/home/briansrls/.worktrees/gunbc/valiant-deer-205/dag/test/claim/artifact_store_witness_test.dag leg=InterpretedLeg) 0.9ms
02:28:46.173 PASS observed_tool_identity_missing_and_duplicate_refuse (/home/briansrls/.worktrees/gunbc/valiant-deer-205/dag/test/claim/artifact_store_witness_test.dag leg=InterpretedLeg) 0.2ms
02:28:46.174 PASS resolved_build_context_identity_refuses_sha256_observed_tool (/home/briansrls/.worktrees/gunbc/valiant-deer-205/dag/test/claim/artifact_store_witness_test.dag leg=InterpretedLeg) 0.6ms
02:28:46.175 PASS store_budget_evicts_least_recent_counted_holds (/home/briansrls/.worktrees/gunbc/valiant-deer-205/dag/test/claim/artifact_store_witness_test.dag leg=InterpretedLeg) 1.2ms
02:28:46.175 PASS store_construction_reads_eviction_holds (/home/briansrls/.worktrees/gunbc/valiant-deer-205/dag/test/claim/artifact_store_witness_test.dag leg=InterpretedLeg) 0.1ms
02:28:46.176 PASS store_hit_and_stale_never_served_holds (/home/briansrls/.worktrees/gunbc/valiant-deer-205/dag/test/claim/artifact_store_witness_test.dag leg=InterpretedLeg) 0.4ms
02:28:46.176 PASS store_no_eviction_under_budget_holds (/home/briansrls/.worktrees/gunbc/valiant-deer-205/dag/test/claim/artifact_store_witness_test.dag leg=InterpretedLeg) 0.2ms
02:28:46.176 PASS store_put_artifact_exactly_at_budget_is_admitted_holds (/home/briansrls/.worktrees/gunbc/valiant-deer-205/dag/test/claim/artifact_store_witness_test.dag leg=InterpretedLeg) 0.2ms
02:28:46.176 PASS store_put_oversized_artifact_does_not_fit_holds (/home/briansrls/.worktrees/gunbc/valiant-deer-205/dag/test/claim/artifact_store_witness_test.dag leg=InterpretedLeg) 0.2ms
02:28:46.176 PASS store_put_oversized_artifact_never_evicts_itself_holds (/home/briansrls/.worktrees/gunbc/valiant-deer-205/dag/test/claim/artifact_store_witness_test.dag leg=InterpretedLeg) 0.1ms
02:28:46.177 PASS store_put_oversized_artifact_preserves_warm_rows_holds (/home/briansrls/.worktrees/gunbc/valiant-deer-205/dag/test/claim/artifact_store_witness_test.dag leg=InterpretedLeg) 0.3ms
[floor-drain] schedule-retention: entry='/home/briansrls/.worktrees/gunbc/valiant-deer-205/dag/test/claim/artifact_store_witness_test.dag' evicted_modules=0 evicted_graph=0 schedule_evictions=0 graph_evictions=0 retention_unknown=0 typed_cache=318 resolved_graphs=16
[floor-drain] group=14/50 typed_cache=318(+3) parse_cache=315(+3) resolved_memo=16(+1) intern_table=80274(+0) evictions=0 peak_rss=2997350400
[p1-cohort] entry=14/50 name='/home/briansrls/.worktrees/gunbc/valiant-deer-205/dag/test/claim/artifact_store_witness_test.dag' wall_ms=1153 resolve_ms=1140 eval_ms=5 schedule_cache_hit=0 resolved_graph_hit=0 modules_evicted=0 graphs_evicted=0 process_rss=2997350400 cgroup_memory_current=4350750720 cgroup_memory_peak=4868771840
02:28:47.234 PASS live_probe_firmware_matches_shipped_catalog_row (/home/briansrls/.worktrees/gunbc/valiant-deer-205/dag/test/claim/asrock_live_probe_witness_test.dag leg=InterpretedLeg) 0.1ms
02:28:47.235 PASS live_probe_redfish_virtual_media_absent_matches_catalog (/home/briansrls/.worktrees/gunbc/valiant-deer-205/dag/test/claim/asrock_live_probe_witness_test.dag leg=InterpretedLeg) 1.1ms
02:28:47.236 PASS live_probe_rows_cover_vm_and_nbd_get_surfaces (/home/briansrls/.worktrees/gunbc/valiant-deer-205/dag/test/claim/asrock_live_probe_witness_test.dag leg=InterpretedLeg) 0.8ms
02:28:47.236 PASS shipped_row_nbd_proxy_capability_requires_ws_dry_run_receipt (/home/briansrls/.worktrees/gunbc/valiant-deer-205/dag/test/claim/asrock_live_probe_witness_test.dag leg=InterpretedLeg) 0.0ms
02:28:47.236 PASS srv3_live_bmc_host_is_grounded (/home/briansrls/.worktrees/gunbc/valiant-deer-205/dag/test/claim/asrock_live_probe_witness_test.dag leg=InterpretedLeg) 0.0ms
[floor-drain] schedule-retention: entry='/home/briansrls/.worktrees/gunbc/valiant-deer-205/dag/test/claim/asrock_live_probe_witness_test.dag' evicted_modules=0 evicted_graph=0 schedule_evictions=0 graph_evictions=0 retention_unknown=0 typed_cache=323 resolved_graphs=17
[floor-drain] group=15/50 typed_cache=323(+5) parse_cache=320(+5) resolved_memo=17(+1) intern_table=80274(+0) evictions=0 peak_rss=3064242176
[p1-cohort] entry=15/50 name='/home/briansrls/.worktrees/gunbc/valiant-deer-205/dag/test/claim/asrock_live_probe_witness_test.dag' wall_ms=1058 resolve_ms=1050 eval_ms=2 schedule_cache_hit=0 resolved_graph_hit=0 modules_evicted=0 graphs_evicted=0 process_rss=3064242176 cgroup_memory_current=4490797056 cgroup_memory_peak=4868771840
02:28:48.173 PASS base64_decode_accepts_unpadded_holds (/home/briansrls/.worktrees/gunbc/valiant-deer-205/dag/test/claim/base64_rfc4648_witness_test.dag leg=InterpretedLeg) 0.7ms
02:28:48.173 PASS base64_decode_rejects_cross_variant_char_holds (/home/briansrls/.worktrees/gunbc/valiant-deer-205/dag/test/claim/base64_rfc4648_witness_test.dag leg=InterpretedLeg) 0.1ms
02:28:48.173 PASS base64_decode_rejects_interior_pad_holds (/home/briansrls/.worktrees/gunbc/valiant-deer-205/dag/test/claim/base64_rfc4648_witness_test.dag leg=InterpretedLeg) 0.1ms
02:28:48.173 PASS base64_decode_rejects_invalid_char_holds (/home/briansrls/.worktrees/gunbc/valiant-deer-205/dag/test/claim/base64_rfc4648_witness_test.dag leg=InterpretedLeg) 0.1ms
02:28:48.173 PASS base64_decode_rejects_lone_sextet_holds (/home/briansrls/.worktrees/gunbc/valiant-deer-205/dag/test/claim/base64_rfc4648_witness_test.dag leg=InterpretedLeg) 0.2ms
02:28:48.174 PASS base64_octet_roundtrip_holds (/home/briansrls/.worktrees/gunbc/valiant-deer-205/dag/test/claim/base64_rfc4648_witness_test.dag leg=InterpretedLeg) 0.7ms
02:28:48.175 PASS base64_rfc4648_golden_vectors_holds (/home/briansrls/.worktrees/gunbc/valiant-deer-205/dag/test/claim/base64_rfc4648_witness_test.dag leg=InterpretedLeg) 0.4ms
02:28:48.175 PASS base64url_alphabet_golden_holds (/home/briansrls/.worktrees/gunbc/valiant-deer-205/dag/test/claim/base64_rfc4648_witness_test.dag leg=InterpretedLeg) 0.2ms
02:28:48.175 PASS base64url_roundtrip_holds (/home/briansrls/.worktrees/gunbc/valiant-deer-205/dag/test/claim/base64_rfc4648_witness_test.dag leg=InterpretedLeg) 0.3ms
02:28:48.175 PASS bytes_octets_iso_holds (/home/briansrls/.worktrees/gunbc/valiant-deer-205/dag/test/claim/base64_rfc4648_witness_test.dag leg=InterpretedLeg) 0.0ms
02:28:48.175 PASS utf8_total_direction_holds (/home/briansrls/.worktrees/gunbc/valiant-deer-205/dag/test/claim/base64_rfc4648_witness_test.dag leg=InterpretedLeg) 0.0ms
[floor-drain] schedule-retention: entry='/home/briansrls/.worktrees/gunbc/valiant-deer-205/dag/test/claim/base64_rfc4648_witness_test.dag' evicted_modules=0 evicted_graph=0 schedule_evictions=0 graph_evictions=0 retention_unknown=0 typed_cache=324 resolved_graphs=18
[floor-drain] group=16/50 typed_cache=324(+1) parse_cache=321(+1) resolved_memo=18(+1) intern_table=80274(+0) evictions=0 peak_rss=3124707328
[p1-cohort] entry=16/50 name='/home/briansrls/.worktrees/gunbc/valiant-deer-205/dag/test/claim/base64_rfc4648_witness_test.dag' wall_ms=938 resolve_ms=931 eval_ms=2 schedule_cache_hit=0 resolved_graph_hit=0 modules_evicted=0 graphs_evicted=0 process_rss=3124707328 cgroup_memory_current=4610211840 cgroup_memory_peak=4868771840
02:28:49.142 PASS factory_published_password_promotes_to_basic_auth_secret (/home/briansrls/.worktrees/gunbc/valiant-deer-205/dag/test/claim/bmc_auth_runtime_secret_seam_test.dag leg=InterpretedLeg) 0.2ms
02:28:49.142 PASS gcp_access_payload_produces_basic_auth_secret (/home/briansrls/.worktrees/gunbc/valiant-deer-205/dag/test/claim/bmc_auth_runtime_secret_seam_test.dag leg=InterpretedLeg) 0.1ms
[floor-drain] schedule-retention: entry='/home/briansrls/.worktrees/gunbc/valiant-deer-205/dag/test/claim/bmc_auth_runtime_secret_seam_test.dag' evicted_modules=0 evicted_graph=0 schedule_evictions=0 graph_evictions=0 retention_unknown=0 typed_cache=329 resolved_graphs=19
[floor-drain] group=17/50 typed_cache=329(+5) parse_cache=326(+5) resolved_memo=19(+1) intern_table=80274(+0) evictions=0 peak_rss=3188400128
[p1-cohort] entry=17/50 name='/home/briansrls/.worktrees/gunbc/valiant-deer-205/dag/test/claim/bmc_auth_runtime_secret_seam_test.dag' wall_ms=966 resolve_ms=962 eval_ms=0 schedule_cache_hit=0 resolved_graph_hit=0 modules_evicted=0 graphs_evicted=0 process_rss=3188400128 cgroup_memory_current=4830883840 cgroup_memory_peak=4868771840
02:28:52.532 PASS bootstrap_apis_derive_from_service_deps (/home/briansrls/.worktrees/gunbc/valiant-deer-205/dag/test/claim/bmc_bootstrap_provision_witness_test.dag leg=InterpretedLeg) 0.3ms
02:28:52.532 PASS bootstrap_bindings_exclude_broad_roles (/home/briansrls/.worktrees/gunbc/valiant-deer-205/dag/test/claim/bmc_bootstrap_provision_witness_test.dag leg=InterpretedLeg) 0.1ms
02:28:52.532 PASS bootstrap_bindings_least_privilege (/home/briansrls/.worktrees/gunbc/valiant-deer-205/dag/test/claim/bmc_bootstrap_provision_witness_test.dag leg=InterpretedLeg) 0.1ms
02:28:52.532 PASS bootstrap_enables_only_required_apis (/home/briansrls/.worktrees/gunbc/valiant-deer-205/dag/test/claim/bmc_bootstrap_provision_witness_test.dag leg=InterpretedLeg) 0.0ms
[floor-drain] schedule-retention: entry='/home/briansrls/.worktrees/gunbc/valiant-deer-205/dag/test/claim/bmc_bootstrap_provision_witness_test.dag' evicted_modules=0 evicted_graph=0 schedule_evictions=0 graph_evictions=0 retention_unknown=0 typed_cache=368 resolved_graphs=20
[floor-drain] group=18/50 typed_cache=368(+39) parse_cache=365(+39) resolved_memo=20(+1) intern_table=80274(+0) evictions=0 peak_rss=3399405568
[p1-cohort] entry=18/50 name='/home/briansrls/.worktrees/gunbc/valiant-deer-205/dag/test/claim/bmc_bootstrap_provision_witness_test.dag' wall_ms=3393 resolve_ms=3363 eval_ms=0 schedule_cache_hit=0 resolved_graph_hit=0 modules_evicted=0 graphs_evicted=0 process_rss=3399405568 cgroup_memory_current=5038252032 cgroup_memory_peak=5038252032
02:28:53.579 PASS altrad8ud_firmware_catalog_is_board_grounded (/home/briansrls/.worktrees/gunbc/valiant-deer-205/dag/test/claim/bmc_capability_solve_witness_test.dag leg=InterpretedLeg) 0.4ms
02:28:53.579 PASS catalog_has_no_redfish_vm_capable_firmware_today (/home/briansrls/.worktrees/gunbc/valiant-deer-205/dag/test/claim/bmc_capability_solve_witness_test.dag leg=InterpretedLeg) 0.0ms
02:28:53.579 PASS firmware_intent_match_crosses_as_typed_disposition (/home/briansrls/.worktrees/gunbc/valiant-deer-205/dag/test/claim/bmc_capability_solve_witness_test.dag leg=InterpretedLeg) 0.2ms
02:28:53.579 PASS firmware_wire_version_is_parsed_before_track_matching (/home/briansrls/.worktrees/gunbc/valiant-deer-205/dag/test/claim/bmc_capability_solve_witness_test.dag leg=InterpretedLeg) 0.1ms
02:28:53.579 PASS nbd_proxy_vm_capable_row_solves (/home/briansrls/.worktrees/gunbc/valiant-deer-205/dag/test/claim/bmc_capability_solve_witness_test.dag leg=InterpretedLeg) 0.1ms
02:28:53.579 PASS node_with_virtual_media_solves_direct (/home/briansrls/.worktrees/gunbc/valiant-deer-205/dag/test/claim/bmc_capability_solve_witness_test.dag leg=InterpretedLeg) 0.1ms
02:28:53.579 PASS redfish_vm_preferred_over_nbd_proxy (/home/briansrls/.worktrees/gunbc/valiant-deer-205/dag/test/claim/bmc_capability_solve_witness_test.dag leg=InterpretedLeg) 0.1ms
02:28:53.579 PASS srv3_capabilities_are_grounded (/home/briansrls/.worktrees/gunbc/valiant-deer-205/dag/test/claim/bmc_capability_solve_witness_test.dag leg=InterpretedLeg) 0.1ms
02:28:53.579 PASS srv3_install_mechanism_is_nbd_proxy_after_dry_run (/home/briansrls/.worktrees/gunbc/valiant-deer-205/dag/test/claim/bmc_capability_solve_witness_test.dag leg=InterpretedLeg) 0.0ms
02:28:53.580 PASS update_only_row_without_vm_catalog_falls_to_pxe (/home/briansrls/.worktrees/gunbc/valiant-deer-205/dag/test/claim/bmc_capability_solve_witness_test.dag leg=InterpretedLeg) 0.1ms
02:28:53.580 PASS vm_capable_firmware_row_flips_to_update_path (/home/briansrls/.worktrees/gunbc/valiant-deer-205/dag/test/claim/bmc_capability_solve_witness_test.dag leg=InterpretedLeg) 0.2ms
[floor-drain] schedule-retention: entry='/home/briansrls/.worktrees/gunbc/valiant-deer-205/dag/test/claim/bmc_capability_solve_witness_test.dag' evicted_modules=0 evicted_graph=0 schedule_evictions=0 graph_evictions=0 retention_unknown=0 typed_cache=370 resolved_graphs=21
[floor-drain] group=19/50 typed_cache=370(+2) parse_cache=367(+2) resolved_memo=21(+1) intern_table=80274(+0) evictions=0 peak_rss=3461226496
[p1-cohort] entry=19/50 name='/home/briansrls/.worktrees/gunbc/valiant-deer-205/dag/test/claim/bmc_capability_solve_witness_test.dag' wall_ms=1042 resolve_ms=1035 eval_ms=1 schedule_cache_hit=0 resolved_graph_hit=0 modules_evicted=0 graphs_evicted=0 process_rss=3461226496 cgroup_memory_current=5116649472 cgroup_memory_peak=5116649472
02:28:54.571 PASS bmc_factory_credential_holds (/home/briansrls/.worktrees/gunbc/valiant-deer-205/dag/test/claim/bmc_factory_credential_witness_test.dag leg=InterpretedLeg) 0.2ms
[floor-drain] schedule-retention: entry='/home/briansrls/.worktrees/gunbc/valiant-deer-205/dag/test/claim/bmc_factory_credential_witness_test.dag' evicted_modules=0 evicted_graph=0 schedule_evictions=0 graph_evictions=0 retention_unknown=0 typed_cache=371 resolved_graphs=22
[floor-drain] group=20/50 typed_cache=371(+1) parse_cache=368(+1) resolved_memo=22(+1) intern_table=80274(+0) evictions=0 peak_rss=3525201920
[p1-cohort] entry=20/50 name='/home/briansrls/.worktrees/gunbc/valiant-deer-205/dag/test/claim/bmc_factory_credential_witness_test.dag' wall_ms=991 resolve_ms=985 eval_ms=0 schedule_cache_hit=0 resolved_graph_hit=0 modules_evicted=0 graphs_evicted=0 process_rss=3525201920 cgroup_memory_current=5188435968 cgroup_memory_peak=5188435968
02:28:57.129 PASS backup_manifest_identity_is_derived_from_every_manifest_field (/home/briansrls/.worktrees/gunbc/valiant-deer-205/dag/test/claim/bmc_fan_converge_witness_test.dag leg=InterpretedLeg) 11.7ms
02:28:57.130 PASS bounded_monitoring_completion_carries_the_admitted_bound (/home/briansrls/.worktrees/gunbc/valiant-deer-205/dag/test/claim/bmc_fan_converge_witness_test.dag leg=InterpretedLeg) 1.0ms
02:28:57.130 PASS delayed_temperature_rise_is_seen_inside_the_bounded_window (/home/briansrls/.worktrees/gunbc/valiant-deer-205/dag/test/claim/bmc_fan_converge_witness_test.dag leg=InterpretedLeg) 0.2ms
02:28:57.131 PASS digest_mismatched_backup_manifest_is_not_admitted (/home/briansrls/.worktrees/gunbc/valiant-deer-205/dag/test/claim/bmc_fan_converge_witness_test.dag leg=InterpretedLeg) 0.1ms
02:28:57.131 PASS duty_curve_cannot_fall_after_reaching_emergency_full_duty (/home/briansrls/.worktrees/gunbc/valiant-deer-205/dag/test/claim/bmc_fan_converge_witness_test.dag leg=InterpretedLeg) 0.3ms
02:28:57.131 PASS empty_monitoring_window_cannot_claim_completion (/home/briansrls/.worktrees/gunbc/valiant-deer-205/dag/test/claim/bmc_fan_converge_witness_test.dag leg=InterpretedLeg) 0.1ms
02:28:57.131 PASS identical_bmc_on_wrong_endpoint_is_not_exact_target (/home/briansrls/.worktrees/gunbc/valiant-deer-205/dag/test/claim/bmc_fan_converge_witness_test.dag leg=InterpretedLeg) 0.0ms
02:28:57.131 PASS one_late_sample_cannot_claim_monitoring_coverage (/home/briansrls/.worktrees/gunbc/valiant-deer-205/dag/test/claim/bmc_fan_converge_witness_test.dag leg=InterpretedLeg) 0.1ms
02:28:57.131 PASS semantically_equal_but_digest_different_config_is_not_live_exact (/home/briansrls/.worktrees/gunbc/valiant-deer-205/dag/test/claim/bmc_fan_converge_witness_test.dag leg=InterpretedLeg) 0.0ms
02:28:57.131 PASS short_monitoring_window_cannot_claim_completion (/home/briansrls/.worktrees/gunbc/valiant-deer-205/dag/test/claim/bmc_fan_converge_witness_test.dag leg=InterpretedLeg) 0.2ms
02:28:57.132 PASS stale_backup_manifest_generation_is_not_admitted (/home/briansrls/.worktrees/gunbc/valiant-deer-205/dag/test/claim/bmc_fan_converge_witness_test.dag leg=InterpretedLeg) 0.1ms
02:28:57.132 PASS sub_threshold_tach_is_a_discriminating_refusal (/home/briansrls/.worktrees/gunbc/valiant-deer-205/dag/test/claim/bmc_fan_converge_witness_test.dag leg=InterpretedLeg) 0.2ms
02:28:57.132 PASS successful_effect_survives_cleanup_failure_as_cleanup_debt (/home/briansrls/.worktrees/gunbc/valiant-deer-205/dag/test/claim/bmc_fan_converge_witness_test.dag leg=InterpretedLeg) 0.1ms
02:28:57.132 PASS threshold_satisfied_tach_is_not_refused (/home/briansrls/.worktrees/gunbc/valiant-deer-205/dag/test/claim/bmc_fan_converge_witness_test.dag leg=InterpretedLeg) 0.1ms
[floor-drain] schedule-retention: entry='/home/briansrls/.worktrees/gunbc/valiant-deer-205/dag/test/claim/bmc_fan_converge_witness_test.dag' evicted_modules=0 evicted_graph=0 schedule_evictions=0 graph_evictions=0 retention_unknown=0 typed_cache=390 resolved_graphs=23
[floor-drain] group=21/50 typed_cache=390(+19) parse_cache=387(+19) resolved_memo=23(+1) intern_table=80274(+0) evictions=0 peak_rss=3677237248
[p1-cohort] entry=21/50 name='/home/briansrls/.worktrees/gunbc/valiant-deer-205/dag/test/claim/bmc_fan_converge_witness_test.dag' wall_ms=2563 resolve_ms=2530 eval_ms=14 schedule_cache_hit=0 resolved_graph_hit=0 modules_evicted=0 graphs_evicted=0 process_rss=3677237248 cgroup_memory_current=5357420544 cgroup_memory_peak=5357420544
02:28:58.716 PASS absent_projected_digest_admitted_config_digest_is_unavailable (/home/briansrls/.worktrees/gunbc/valiant-deer-205/dag/test/claim/bmc_firmware_thermal_witness_test.dag leg=InterpretedLeg) 0.3ms
02:28:58.717 PASS approved_exact_firmware_artifact_builds_a_typed_srv3_update_plan (/home/briansrls/.worktrees/gunbc/valiant-deer-205/dag/test/claim/bmc_firmware_thermal_witness_test.dag leg=InterpretedLeg) 1.8ms
02:28:58.718 PASS bmc_fan_durability_refusal_reason_surfaces_generation_mismatch (/home/briansrls/.worktrees/gunbc/valiant-deer-205/dag/test/claim/bmc_firmware_thermal_witness_test.dag leg=InterpretedLeg) 0.1ms
02:28:58.718 PASS both_observed_thermal_query_shapes_are_complete (/home/briansrls/.worktrees/gunbc/valiant-deer-205/dag/test/claim/bmc_firmware_thermal_witness_test.dag leg=InterpretedLeg) 0.1ms
02:28:58.718 PASS both_update_services_are_observed_but_neither_exposes_a_backup_bmc_image (/home/briansrls/.worktrees/gunbc/valiant-deer-205/dag/test/claim/bmc_firmware_thermal_witness_test.dag leg=InterpretedLeg) 0.1ms
02:28:58.721 PASS converged_curve_and_installed_tach_topology_are_noop (/home/briansrls/.worktrees/gunbc/valiant-deer-205/dag/test/claim/bmc_firmware_thermal_witness_test.dag leg=InterpretedLeg) 3.5ms
02:28:58.722 PASS converged_srv4_curve_without_topology_projection_refuses_noop (/home/briansrls/.worktrees/gunbc/valiant-deer-205/dag/test/claim/bmc_firmware_thermal_witness_test.dag leg=InterpretedLeg) 0.1ms
02:28:58.722 PASS desired_curve_with_stale_uninstalled_fan_input_still_builds_apply_plan (/home/briansrls/.worktrees/gunbc/valiant-deer-205/dag/test/claim/bmc_firmware_thermal_witness_test.dag leg=InterpretedLeg) 0.4ms
02:28:58.722 PASS drifted_policy_applies_without_prior_durability_evidence (/home/briansrls/.worktrees/gunbc/valiant-deer-205/dag/test/claim/bmc_firmware_thermal_witness_test.dag leg=InterpretedLeg) 0.4ms
02:28:58.723 PASS drifted_srv4_curve_builds_typed_overlay_plan_only_with_exact_projection_and_persistence (/home/briansrls/.worktrees/gunbc/valiant-deer-205/dag/test/claim/bmc_firmware_thermal_witness_test.dag leg=InterpretedLeg) 0.4ms
02:28:58.723 PASS duplicate_srv4_durability_receipts_refuse_instead_of_first_wins (/home/briansrls/.worktrees/gunbc/valiant-deer-205/dag/test/claim/bmc_firmware_thermal_witness_test.dag leg=InterpretedLeg) 0.5ms
02:28:58.724 PASS every_metal_host_uses_the_single_global_bmc_valid_state (/home/briansrls/.worktrees/gunbc/valiant-deer-205/dag/test/claim/bmc_firmware_thermal_witness_test.dag leg=InterpretedLeg) 0.4ms
02:28:58.724 PASS firmware_classification_reuses_upsert_states_and_refuses_unapproved_update (/home/briansrls/.worktrees/gunbc/valiant-deer-205/dag/test/claim/bmc_firmware_thermal_witness_test.dag leg=InterpretedLeg) 0.3ms
02:28:58.724 PASS firmware_versions_share_curve_but_not_controller_shape (/home/briansrls/.worktrees/gunbc/valiant-deer-205/dag/test/claim/bmc_firmware_thermal_witness_test.dag leg=InterpretedLeg) 0.2ms
02:28:58.726 PASS fleet_curve_engages_cooling_early_and_reaches_full_before_continuous_limit (/home/briansrls/.worktrees/gunbc/valiant-deer-205/dag/test/claim/bmc_firmware_thermal_witness_test.dag leg=InterpretedLeg) 1.1ms
02:28:58.726 PASS fleet_quiet_curve_admits_srv4_active_config_digest (/home/briansrls/.worktrees/gunbc/valiant-deer-205/dag/test/claim/bmc_firmware_thermal_witness_test.dag leg=InterpretedLeg) 0.1ms
02:28:58.726 PASS fleet_quiet_projected_config_digest_hex_authority_executes (/home/briansrls/.worktrees/gunbc/valiant-deer-205/dag/test/claim/bmc_firmware_thermal_witness_test.dag leg=InterpretedLeg) 0.2ms
02:28:58.726 PASS fleet_quiet_projected_config_digest_sha256_equality_executes (/home/briansrls/.worktrees/gunbc/valiant-deer-205/dag/test/claim/bmc_firmware_thermal_witness_test.dag leg=InterpretedLeg) 0.1ms
02:28:58.726 PASS fleet_quiet_temp_soc_curve_matches_projected_config_content_identity (/home/briansrls/.worktrees/gunbc/valiant-deer-205/dag/test/claim/bmc_firmware_thermal_witness_test.dag leg=InterpretedLeg) 0.0ms
02:28:58.726 PASS heterogeneous_firmware_satisfies_unpinned_intent_and_pinned_detects_mismatch (/home/briansrls/.worktrees/gunbc/valiant-deer-205/dag/test/claim/bmc_firmware_thermal_witness_test.dag leg=InterpretedLeg) 0.1ms
02:28:58.726 PASS linux_synchronized_publication_admits_commit_barrier (/home/briansrls/.worktrees/gunbc/valiant-deer-205/dag/test/claim/bmc_firmware_thermal_witness_test.dag leg=InterpretedLeg) 0.0ms
02:28:58.726 PASS linux_unsynchronized_publication_refuses_commit_barrier (/home/briansrls/.worktrees/gunbc/valiant-deer-205/dag/test/claim/bmc_firmware_thermal_witness_test.dag leg=InterpretedLeg) 0.0ms
02:28:58.726 PASS non_fleet_curve_admitted_config_digest_is_unavailable (/home/briansrls/.worktrees/gunbc/valiant-deer-205/dag/test/claim/bmc_firmware_thermal_witness_test.dag leg=InterpretedLeg) 0.0ms
02:28:58.726 PASS non_fleet_quiet_curve_projected_config_digest_is_unavailable (/home/briansrls/.worktrees/gunbc/valiant-deer-205/dag/test/claim/bmc_firmware_thermal_witness_test.dag leg=InterpretedLeg) 0.1ms
02:28:58.727 PASS projection_firmware_mismatch_refuses_a_322_projection_on_a_306_host (/home/briansrls/.worktrees/gunbc/valiant-deer-205/dag/test/claim/bmc_firmware_thermal_witness_test.dag leg=InterpretedLeg) 0.4ms
02:28:58.727 PASS reboot_durability_evidence_refuses_non_positive_interval (/home/briansrls/.worktrees/gunbc/valiant-deer-205/dag/test/claim/bmc_firmware_thermal_witness_test.dag leg=InterpretedLeg) 0.3ms
02:28:58.728 PASS reboot_durability_evidence_refuses_relabeled_perturbation_capability_digest (/home/briansrls/.worktrees/gunbc/valiant-deer-205/dag/test/claim/bmc_firmware_thermal_witness_test.dag leg=InterpretedLeg) 0.6ms
02:28:58.728 PASS redfish_surface_difference_is_observed_not_inferred (/home/briansrls/.worktrees/gunbc/valiant-deer-205/dag/test/claim/bmc_firmware_thermal_witness_test.dag leg=InterpretedLeg) 0.1ms
02:28:58.728 PASS relabeled_reboot_construction_refusal_propagates_through_classification (/home/briansrls/.worktrees/gunbc/valiant-deer-205/dag/test/claim/bmc_firmware_thermal_witness_test.dag leg=InterpretedLeg) 0.4ms
02:28:58.729 PASS semantically_converged_live_digest_mismatch_refuses_noop (/home/briansrls/.worktrees/gunbc/valiant-deer-205/dag/test/claim/bmc_firmware_thermal_witness_test.dag leg=InterpretedLeg) 0.4ms
02:28:58.729 PASS sensor_unavailable_uses_same_duty_but_retains_cause (/home/briansrls/.worktrees/gunbc/valiant-deer-205/dag/test/claim/bmc_firmware_thermal_witness_test.dag leg=InterpretedLeg) 0.1ms
02:28:58.729 PASS sensors_http_success_alone_is_incomplete_red_control (/home/briansrls/.worktrees/gunbc/valiant-deer-205/dag/test/claim/bmc_firmware_thermal_witness_test.dag leg=InterpretedLeg) 0.0ms
02:28:58.729 PASS srv3_fan_realization_refuses_without_a_modeled_projection (/home/briansrls/.worktrees/gunbc/valiant-deer-205/dag/test/claim/bmc_firmware_thermal_witness_test.dag leg=InterpretedLeg) 0.2ms
02:28:58.730 PASS srv4_bmc_reboot_persistence_receipt_proves_same_config_and_noop (/home/briansrls/.worktrees/gunbc/valiant-deer-205/dag/test/claim/bmc_firmware_thermal_witness_test.dag leg=InterpretedLeg) 0.5ms
02:28:58.730 PASS srv4_converged_observation_matches_projection_derived_digest (/home/briansrls/.worktrees/gunbc/valiant-deer-205/dag/test/claim/bmc_firmware_thermal_witness_test.dag leg=InterpretedLeg) 0.0ms
02:28:58.730 PASS srv4_durability_admission_binds_projection_derived_digest (/home/briansrls/.worktrees/gunbc/valiant-deer-205/dag/test/claim/bmc_firmware_thermal_witness_test.dag leg=InterpretedLeg) 0.1ms
02:28:58.730 PASS srv4_durability_gate_preserves_typed_linkage_refusal_verdict (/home/briansrls/.worktrees/gunbc/valiant-deer-205/dag/test/claim/bmc_firmware_thermal_witness_test.dag leg=InterpretedLeg) 0.1ms
02:28:58.730 PASS srv4_fixture_durability_evidence_is_constructed_not_relabelled (/home/briansrls/.worktrees/gunbc/valiant-deer-205/dag/test/claim/bmc_firmware_thermal_witness_test.dag leg=InterpretedLeg) 0.0ms
02:28:58.730 PASS srv4_flash_overlay_is_observed_writable_and_live_overridden (/home/briansrls/.worktrees/gunbc/valiant-deer-205/dag/test/claim/bmc_firmware_thermal_witness_test.dag leg=InterpretedLeg) 0.1ms
02:28:58.730 PASS srv4_live_receipt_is_converged_quiet_and_failsafe_clear (/home/briansrls/.worktrees/gunbc/valiant-deer-205/dag/test/claim/bmc_firmware_thermal_witness_test.dag leg=InterpretedLeg) 0.0ms
02:28:58.731 PASS srv4_receipt_cannot_qualify_a_later_perturbation_generation (/home/briansrls/.worktrees/gunbc/valiant-deer-205/dag/test/claim/bmc_firmware_thermal_witness_test.dag leg=InterpretedLeg) 0.6ms
02:28:58.731 PASS temp_soc_curve_explains_the_audible_step (/home/briansrls/.worktrees/gunbc/valiant-deer-205/dag/test/claim/bmc_firmware_thermal_witness_test.dag leg=InterpretedLeg) 0.4ms
[floor-drain] schedule-retention: entry='/home/briansrls/.worktrees/gunbc/valiant-deer-205/dag/test/claim/bmc_firmware_thermal_witness_test.dag' evicted_modules=0 evicted_graph=0 schedule_evictions=0 graph_evictions=0 retention_unknown=0 typed_cache=391 resolved_graphs=24
[floor-drain] group=22/50 typed_cache=391(+1) parse_cache=388(+1) resolved_memo=24(+1) intern_table=80274(+0) evictions=0 peak_rss=3770335232
[p1-cohort] entry=22/50 name='/home/briansrls/.worktrees/gunbc/valiant-deer-205/dag/test/claim/bmc_firmware_thermal_witness_test.dag' wall_ms=1597 resolve_ms=1568 eval_ms=14 schedule_cache_hit=0 resolved_graph_hit=0 modules_evicted=0 graphs_evicted=0 process_rss=3770335232 cgroup_memory_current=5485629440 cgroup_memory_peak=5485629440
02:29:00.069 PASS convergence_receipt_binds_host_realizer_readback_and_live_health (/home/briansrls/.worktrees/gunbc/valiant-deer-205/dag/test/claim/bmc_live_receipts_witness_test.dag leg=InterpretedLeg) 1.6ms
02:29:00.069 PASS duty_curve_cannot_fall_after_reaching_full_duty (/home/briansrls/.worktrees/gunbc/valiant-deer-205/dag/test/claim/bmc_live_receipts_witness_test.dag leg=InterpretedLeg) 0.3ms
02:29:00.069 PASS fan_curve_refuses_duty_above_full (/home/briansrls/.worktrees/gunbc/valiant-deer-205/dag/test/claim/bmc_live_receipts_witness_test.dag leg=InterpretedLeg) 0.1ms
02:29:00.069 PASS fan_curve_refuses_minimum_above_first_step (/home/briansrls/.worktrees/gunbc/valiant-deer-205/dag/test/claim/bmc_live_receipts_witness_test.dag leg=InterpretedLeg) 0.1ms
02:29:00.070 PASS firmware_and_redfish_surfaces_are_literal_versioned_observations (/home/briansrls/.worktrees/gunbc/valiant-deer-205/dag/test/claim/bmc_live_receipts_witness_test.dag leg=InterpretedLeg) 0.2ms
02:29:00.070 PASS observed_fan_curve_is_validated_before_use (/home/briansrls/.worktrees/gunbc/valiant-deer-205/dag/test/claim/bmc_live_receipts_witness_test.dag leg=InterpretedLeg) 0.2ms
02:29:00.070 PASS overlay_receipt_records_literal_mount_and_write_facts_only (/home/briansrls/.worktrees/gunbc/valiant-deer-205/dag/test/claim/bmc_live_receipts_witness_test.dag leg=InterpretedLeg) 0.2ms
02:29:00.074 PASS proc_mounts_parser_decodes_kernel_mount_escapes (/home/briansrls/.worktrees/gunbc/valiant-deer-205/dag/test/claim/bmc_live_receipts_witness_test.dag leg=InterpretedLeg) 4.4ms
02:29:00.077 PASS proc_mounts_parser_derives_literal_overlay_paths (/home/briansrls/.worktrees/gunbc/valiant-deer-205/dag/test/claim/bmc_live_receipts_witness_test.dag leg=InterpretedLeg) 2.8ms
02:29:00.081 PASS proc_mounts_parser_refuses_multi_lower_overlay (/home/briansrls/.worktrees/gunbc/valiant-deer-205/dag/test/claim/bmc_live_receipts_witness_test.dag leg=InterpretedLeg) 3.4ms
02:29:00.082 PASS proc_mounts_parser_refuses_relative_overlay_paths (/home/briansrls/.worktrees/gunbc/valiant-deer-205/dag/test/claim/bmc_live_receipts_witness_test.dag leg=InterpretedLeg) 1.4ms
02:29:00.083 PASS restart_receipt_binds_one_literal_perturbation_generation_and_readback (/home/briansrls/.worktrees/gunbc/valiant-deer-205/dag/test/claim/bmc_live_receipts_witness_test.dag leg=InterpretedLeg) 0.7ms
02:29:00.083 PASS update_surface_receipts_do_not_claim_an_available_backup_image (/home/briansrls/.worktrees/gunbc/valiant-deer-205/dag/test/claim/bmc_live_receipts_witness_test.dag leg=InterpretedLeg) 0.1ms
[floor-drain] schedule-retention: entry='/home/briansrls/.worktrees/gunbc/valiant-deer-205/dag/test/claim/bmc_live_receipts_witness_test.dag' evicted_modules=0 evicted_graph=0 schedule_evictions=0 graph_evictions=0 retention_unknown=0 typed_cache=392 resolved_graphs=25
[floor-drain] group=23/50 typed_cache=392(+1) parse_cache=389(+1) resolved_memo=25(+1) intern_table=80274(+0) evictions=0 peak_rss=3857342464
[p1-cohort] entry=23/50 name='/home/briansrls/.worktrees/gunbc/valiant-deer-205/dag/test/claim/bmc_live_receipts_witness_test.dag' wall_ms=1349 resolve_ms=1322 eval_ms=15 schedule_cache_hit=0 resolved_graph_hit=0 modules_evicted=0 graphs_evicted=0 process_rss=3857342464 cgroup_memory_current=5596717056 cgroup_memory_peak=5596717056
02:29:01.678 PASS serve_command_one_shape_two_transports (/home/briansrls/.worktrees/gunbc/valiant-deer-205/dag/test/claim/bmc_netboot_serve_witness_test.dag leg=InterpretedLeg) 1.2ms
02:29:01.681 PASS srv4_bmc_served_seed_carries_fleet_keys (/home/briansrls/.worktrees/gunbc/valiant-deer-205/dag/test/claim/bmc_netboot_serve_witness_test.dag leg=InterpretedLeg) 3.6ms
02:29:01.683 PASS srv4_grub_cfg_boots_mirror_bulk_with_bmc_seed (/home/briansrls/.worktrees/gunbc/valiant-deer-205/dag/test/claim/bmc_netboot_serve_witness_test.dag leg=InterpretedLeg) 1.1ms
02:29:01.683 PASS srv4_http_boot_entry_targets_bmc (/home/briansrls/.worktrees/gunbc/valiant-deer-205/dag/test/claim/bmc_netboot_serve_witness_test.dag leg=InterpretedLeg) 0.3ms
02:29:01.683 PASS srv4_scp_put_never_carries_a_second_forked_posture (/home/briansrls/.worktrees/gunbc/valiant-deer-205/dag/test/claim/bmc_netboot_serve_witness_test.dag leg=InterpretedLeg) 0.5ms
02:29:01.684 PASS srv4_scp_put_uses_shared_ssh_posture_not_a_fork (/home/briansrls/.worktrees/gunbc/valiant-deer-205/dag/test/claim/bmc_netboot_serve_witness_test.dag leg=InterpretedLeg) 0.5ms
02:29:01.686 PASS srv4_staging_manifest_stages_rendered_grub_and_seed (/home/briansrls/.worktrees/gunbc/valiant-deer-205/dag/test/claim/bmc_netboot_serve_witness_test.dag leg=InterpretedLeg) 2.1ms
[floor-drain] schedule-retention: entry='/home/briansrls/.worktrees/gunbc/valiant-deer-205/dag/test/claim/bmc_netboot_serve_witness_test.dag' evicted_modules=0 evicted_graph=0 schedule_evictions=0 graph_evictions=0 retention_unknown=0 typed_cache=407 resolved_graphs=26
[floor-drain] group=24/50 typed_cache=407(+15) parse_cache=404(+15) resolved_memo=26(+1) intern_table=80274(+0) evictions=0 peak_rss=3958906880
[p1-cohort] entry=24/50 name='/home/briansrls/.worktrees/gunbc/valiant-deer-205/dag/test/claim/bmc_netboot_serve_witness_test.dag' wall_ms=1602 resolve_ms=1579 eval_ms=9 schedule_cache_hit=0 resolved_graph_hit=0 modules_evicted=0 graphs_evicted=0 process_rss=3958906880 cgroup_memory_current=5730258944 cgroup_memory_peak=5730258944
02:29:03.110 PASS srv4_shell_boot_sequence_direct_kernel (/home/briansrls/.worktrees/gunbc/valiant-deer-205/dag/test/claim/bmc_netboot_shell_boot_witness_test.dag leg=InterpretedLeg) 1.3ms
02:29:03.110 PASS srv4_tftpd_serve_command_grounded (/home/briansrls/.worktrees/gunbc/valiant-deer-205/dag/test/claim/bmc_netboot_shell_boot_witness_test.dag leg=InterpretedLeg) 0.2ms
[floor-drain] schedule-retention: entry='/home/briansrls/.worktrees/gunbc/valiant-deer-205/dag/test/claim/bmc_netboot_shell_boot_witness_test.dag' evicted_modules=0 evicted_graph=0 schedule_evictions=0 graph_evictions=0 retention_unknown=0 typed_cache=410 resolved_graphs=27
[floor-drain] group=25/50 typed_cache=410(+3) parse_cache=407(+3) resolved_memo=27(+1) intern_table=80274(+0) evictions=0 peak_rss=4051619840
[p1-cohort] entry=25/50 name='/home/briansrls/.worktrees/gunbc/valiant-deer-205/dag/test/claim/bmc_netboot_shell_boot_witness_test.dag' wall_ms=1422 resolve_ms=1408 eval_ms=1 schedule_cache_hit=0 resolved_graph_hit=0 modules_evicted=0 graphs_evicted=0 process_rss=4051619840 cgroup_memory_current=5865299968 cgroup_memory_peak=5865299968
02:29:04.444 PASS account_password_body_shape_holds (/home/briansrls/.worktrees/gunbc/valiant-deer-205/dag/test/claim/bmc_onboard_body_witness_test.dag leg=InterpretedLeg) 0.4ms
02:29:04.445 PASS boot_override_body_shape_holds (/home/briansrls/.worktrees/gunbc/valiant-deer-205/dag/test/claim/bmc_onboard_body_witness_test.dag leg=InterpretedLeg) 0.7ms
02:29:04.445 PASS gcp_secret_full_name_shape_holds (/home/briansrls/.worktrees/gunbc/valiant-deer-205/dag/test/claim/bmc_onboard_body_witness_test.dag leg=InterpretedLeg) 0.0ms
02:29:04.445 PASS netrc_content_shape_holds (/home/briansrls/.worktrees/gunbc/valiant-deer-205/dag/test/claim/bmc_onboard_body_witness_test.dag leg=InterpretedLeg) 0.1ms
02:29:04.445 PASS reset_body_shape_holds (/home/briansrls/.worktrees/gunbc/valiant-deer-205/dag/test/claim/bmc_onboard_body_witness_test.dag leg=InterpretedLeg) 0.2ms
[floor-drain] schedule-retention: entry='/home/briansrls/.worktrees/gunbc/valiant-deer-205/dag/test/claim/bmc_onboard_body_witness_test.dag' evicted_modules=0 evicted_graph=0 schedule_evictions=0 graph_evictions=0 retention_unknown=0 typed_cache=414 resolved_graphs=28
[floor-drain] group=26/50 typed_cache=414(+4) parse_cache=411(+4) resolved_memo=28(+1) intern_table=80274(+0) evictions=0 peak_rss=4134862848
[p1-cohort] entry=26/50 name='/home/briansrls/.worktrees/gunbc/valiant-deer-205/dag/test/claim/bmc_onboard_body_witness_test.dag' wall_ms=1334 resolve_ms=1321 eval_ms=1 schedule_cache_hit=0 resolved_graph_hit=0 modules_evicted=0 graphs_evicted=0 process_rss=4134862848 cgroup_memory_current=6005403648 cgroup_memory_peak=6005403648
02:29:06.708 PASS bmc_credential_posture_hardens_to_keyless_steady_state (/home/briansrls/.worktrees/gunbc/valiant-deer-205/dag/test/claim/bmc_onboarding_lifecycle_witness_test.dag leg=InterpretedLeg) 0.2ms
02:29:06.709 PASS bmc_decom_does_not_roundtrip_when_inverse_is_wrong (/home/briansrls/.worktrees/gunbc/valiant-deer-205/dag/test/claim/bmc_onboarding_lifecycle_witness_test.dag leg=InterpretedLeg) 0.3ms
02:29:06.709 PASS bmc_decom_is_two_sided_inverse_on_phase_ladder (/home/briansrls/.worktrees/gunbc/valiant-deer-205/dag/test/claim/bmc_onboarding_lifecycle_witness_test.dag leg=InterpretedLeg) 0.2ms
02:29:06.709 PASS bmc_decom_roundtrips_canonical_on_named_quotient (/home/briansrls/.worktrees/gunbc/valiant-deer-205/dag/test/claim/bmc_onboarding_lifecycle_witness_test.dag leg=InterpretedLeg) 0.2ms
02:29:06.709 PASS bmc_lifecycle_fold_is_complete_and_monotone (/home/briansrls/.worktrees/gunbc/valiant-deer-205/dag/test/claim/bmc_onboarding_lifecycle_witness_test.dag leg=InterpretedLeg) 0.3ms
02:29:06.710 PASS bmc_onboard_then_decom_recovers_factory_phase (/home/briansrls/.worktrees/gunbc/valiant-deer-205/dag/test/claim/bmc_onboarding_lifecycle_witness_test.dag leg=InterpretedLeg) 0.1ms
02:29:06.710 PASS bmc_onboarding_lifecycle_is_linear_dag (/home/briansrls/.worktrees/gunbc/valiant-deer-205/dag/test/claim/bmc_onboarding_lifecycle_witness_test.dag leg=InterpretedLeg) 0.1ms
02:29:06.746 PASS bmc_plan_steady_state_is_keyless_wif (/home/briansrls/.worktrees/gunbc/valiant-deer-205/dag/test/claim/bmc_onboarding_lifecycle_witness_test.dag leg=InterpretedLeg) 35.9ms
02:29:06.746 PASS credential_probe_maps_to_correct_phase (/home/briansrls/.worktrees/gunbc/valiant-deer-205/dag/test/claim/bmc_onboarding_lifecycle_witness_test.dag leg=InterpretedLeg) 0.1ms
02:29:06.746 PASS srv3_plan_starts_factory_default_at_192 (/home/briansrls/.worktrees/gunbc/valiant-deer-205/dag/test/claim/bmc_onboarding_lifecycle_witness_test.dag leg=InterpretedLeg) 0.1ms
02:29:06.746 PASS srv4_plan_targets_195_with_srv4_secret (/home/briansrls/.worktrees/gunbc/valiant-deer-205/dag/test/claim/bmc_onboarding_lifecycle_witness_test.dag leg=InterpretedLeg) 0.1ms
[floor-drain] schedule-retention: entry='/home/briansrls/.worktrees/gunbc/valiant-deer-205/dag/test/claim/bmc_onboarding_lifecycle_witness_test.dag' evicted_modules=0 evicted_graph=0 schedule_evictions=0 graph_evictions=0 retention_unknown=0 typed_cache=415 resolved_graphs=29
[floor-drain] group=27/50 typed_cache=415(+1) parse_cache=412(+1) resolved_memo=29(+1) intern_table=80274(+0) evictions=0 peak_rss=4280246272
[p1-cohort] entry=27/50 name='/home/briansrls/.worktrees/gunbc/valiant-deer-205/dag/test/claim/bmc_onboarding_lifecycle_witness_test.dag' wall_ms=2307 resolve_ms=2233 eval_ms=37 schedule_cache_hit=0 resolved_graph_hit=0 modules_evicted=0 graphs_evicted=0 process_rss=4280246272 cgroup_memory_current=6250598400 cgroup_memory_peak=6250598400
02:29:07.818 PASS bmc_redfish_grounding_holds (/home/briansrls/.worktrees/gunbc/valiant-deer-205/dag/test/claim/bmc_redfish_grounding_witness_test.dag leg=InterpretedLeg) 0.6ms
02:29:07.818 PASS bmc_redfish_grounding_power_unread_is_absent (/home/briansrls/.worktrees/gunbc/valiant-deer-205/dag/test/claim/bmc_redfish_grounding_witness_test.dag leg=InterpretedLeg) 0.1ms
02:29:07.818 PASS gibibyte_scale_factor_bytes_matches_memory_table (/home/briansrls/.worktrees/gunbc/valiant-deer-205/dag/test/claim/bmc_redfish_grounding_witness_test.dag leg=InterpretedLeg) 0.0ms
02:29:07.818 PASS memory_scale_factor_bytes_rejects_si_scale (/home/briansrls/.worktrees/gunbc/valiant-deer-205/dag/test/claim/bmc_redfish_grounding_witness_test.dag leg=InterpretedLeg) 0.0ms
[floor-drain] schedule-retention: entry='/home/briansrls/.worktrees/gunbc/valiant-deer-205/dag/test/claim/bmc_redfish_grounding_witness_test.dag' evicted_modules=0 evicted_graph=0 schedule_evictions=0 graph_evictions=0 retention_unknown=0 typed_cache=418 resolved_graphs=30
[floor-drain] group=28/50 typed_cache=418(+3) parse_cache=415(+3) resolved_memo=30(+1) intern_table=80274(+0) evictions=0 peak_rss=4339548160
[p1-cohort] entry=28/50 name='/home/briansrls/.worktrees/gunbc/valiant-deer-205/dag/test/claim/bmc_redfish_grounding_witness_test.dag' wall_ms=1060 resolve_ms=1054 eval_ms=0 schedule_cache_hit=0 resolved_graph_hit=0 modules_evicted=0 graphs_evicted=0 process_rss=4339548160 cgroup_memory_current=6360211456 cgroup_memory_peak=6360211456
02:29:09.882 PASS bmc_allowlist_excludes_lockout_roles (/home/briansrls/.worktrees/gunbc/valiant-deer-205/dag/test/claim/bmc_token_federation_witness_test.dag leg=InterpretedLeg) 0.2ms
02:29:09.883 PASS bmc_assimilator_least_privilege_two_scoped_roles (/home/briansrls/.worktrees/gunbc/valiant-deer-205/dag/test/claim/bmc_token_federation_witness_test.dag leg=InterpretedLeg) 0.2ms
02:29:09.883 PASS bmc_assimilator_roles_within_closed_allowlist (/home/briansrls/.worktrees/gunbc/valiant-deer-205/dag/test/claim/bmc_token_federation_witness_test.dag leg=InterpretedLeg) 0.0ms
02:29:09.915 PASS bmc_smoke_workflow_carries_no_pasted_key (/home/briansrls/.worktrees/gunbc/valiant-deer-205/dag/test/claim/bmc_token_federation_witness_test.dag leg=InterpretedLeg) 32.8ms
02:29:09.916 PASS bmc_smoke_workflow_is_keyless_with_id_token_write (/home/briansrls/.worktrees/gunbc/valiant-deer-205/dag/test/claim/bmc_token_federation_witness_test.dag leg=InterpretedLeg) 0.1ms
02:29:09.916 PASS bmc_wif_principal_set_pins_repo (/home/briansrls/.worktrees/gunbc/valiant-deer-205/dag/test/claim/bmc_token_federation_witness_test.dag leg=InterpretedLeg) 0.2ms
02:29:09.916 PASS bmc_wif_provider_resource_is_well_formed (/home/briansrls/.worktrees/gunbc/valiant-deer-205/dag/test/claim/bmc_token_federation_witness_test.dag leg=InterpretedLeg) 0.0ms
[floor-drain] schedule-retention: entry='/home/briansrls/.worktrees/gunbc/valiant-deer-205/dag/test/claim/bmc_token_federation_witness_test.dag' evicted_modules=0 evicted_graph=0 schedule_evictions=0 graph_evictions=0 retention_unknown=0 typed_cache=419 resolved_graphs=31
[floor-drain] group=29/50 typed_cache=419(+1) parse_cache=416(+1) resolved_memo=31(+1) intern_table=80274(+0) evictions=0 peak_rss=4481581056
[p1-cohort] entry=29/50 name='/home/briansrls/.worktrees/gunbc/valiant-deer-205/dag/test/claim/bmc_token_federation_witness_test.dag' wall_ms=2104 resolve_ms=2038 eval_ms=33 schedule_cache_hit=0 resolved_graph_hit=0 modules_evicted=0 graphs_evicted=0 process_rss=4481581056 cgroup_memory_current=6614548480 cgroup_memory_peak=6614548480
02:29:10.944 PASS disk_usage_transport_becomes_typed_byte_size (/home/briansrls/.worktrees/gunbc/valiant-deer-205/dag/test/claim/bmc_typed_operations_witness_test.dag leg=InterpretedLeg) 0.2ms
02:29:10.944 PASS duplicate_object_mapper_matches_remain_many (/home/briansrls/.worktrees/gunbc/valiant-deer-205/dag/test/claim/bmc_typed_operations_witness_test.dag leg=InterpretedLeg) 0.0ms
02:29:10.944 PASS empty_path_transport_is_refused (/home/briansrls/.worktrees/gunbc/valiant-deer-205/dag/test/claim/bmc_typed_operations_witness_test.dag leg=InterpretedLeg) 0.1ms
02:29:10.944 PASS exit_one_path_probe_with_stderr_is_refused (/home/briansrls/.worktrees/gunbc/valiant-deer-205/dag/test/claim/bmc_typed_operations_witness_test.dag leg=InterpretedLeg) 0.1ms
02:29:10.945 PASS exit_three_service_probe_with_stderr_is_refused (/home/briansrls/.worktrees/gunbc/valiant-deer-205/dag/test/claim/bmc_typed_operations_witness_test.dag leg=InterpretedLeg) 0.1ms
02:29:10.945 PASS exit_zero_service_probe_requires_exact_active_token (/home/briansrls/.worktrees/gunbc/valiant-deer-205/dag/test/claim/bmc_typed_operations_witness_test.dag leg=InterpretedLeg) 0.1ms
02:29:10.945 PASS failed_sensor_projection_cannot_become_absent (/home/briansrls/.worktrees/gunbc/valiant-deer-205/dag/test/claim/bmc_typed_operations_witness_test.dag leg=InterpretedLeg) 0.0ms
02:29:10.945 PASS failed_service_state_is_preserved_in_refusal (/home/briansrls/.worktrees/gunbc/valiant-deer-205/dag/test/claim/bmc_typed_operations_witness_test.dag leg=InterpretedLeg) 0.0ms
02:29:10.945 PASS failed_threshold_transport_cannot_become_threshold_unstated (/home/briansrls/.worktrees/gunbc/valiant-deer-205/dag/test/claim/bmc_typed_operations_witness_test.dag leg=InterpretedLeg) 0.0ms
02:29:10.945 PASS false_path_probe_is_observed_not_transport_refused (/home/briansrls/.worktrees/gunbc/valiant-deer-205/dag/test/claim/bmc_typed_operations_witness_test.dag leg=InterpretedLeg) 0.0ms
02:29:10.945 PASS inactive_service_is_observed_not_transport_refused (/home/briansrls/.worktrees/gunbc/valiant-deer-205/dag/test/claim/bmc_typed_operations_witness_test.dag leg=InterpretedLeg) 0.0ms
02:29:10.945 PASS inconsistent_success_projection_is_refused (/home/briansrls/.worktrees/gunbc/valiant-deer-205/dag/test/claim/bmc_typed_operations_witness_test.dag leg=InterpretedLeg) 0.0ms
02:29:10.945 PASS multiple_nonempty_paths_are_refused (/home/briansrls/.worktrees/gunbc/valiant-deer-205/dag/test/claim/bmc_typed_operations_witness_test.dag leg=InterpretedLeg) 0.1ms
02:29:10.945 PASS nonzero_exit_cannot_become_observed_disk_when_success_flag_is_true (/home/briansrls/.worktrees/gunbc/valiant-deer-205/dag/test/claim/bmc_typed_operations_witness_test.dag leg=InterpretedLeg) 0.0ms
02:29:10.945 PASS nonzero_exit_cannot_become_observed_path_when_success_flag_is_true (/home/briansrls/.worktrees/gunbc/valiant-deer-205/dag/test/claim/bmc_typed_operations_witness_test.dag leg=InterpretedLeg) 0.0ms
02:29:10.945 PASS nonzero_exit_cannot_become_observed_time_when_success_flag_is_true (/home/briansrls/.worktrees/gunbc/valiant-deer-205/dag/test/claim/bmc_typed_operations_witness_test.dag leg=InterpretedLeg) 0.0ms
02:29:10.945 PASS nonzero_exit_cannot_become_observed_zone_when_success_flag_is_true (/home/briansrls/.worktrees/gunbc/valiant-deer-205/dag/test/claim/bmc_typed_operations_witness_test.dag leg=InterpretedLeg) 0.0ms
02:29:10.945 PASS object_mapper_one_cardinality_is_preserved (/home/briansrls/.worktrees/gunbc/valiant-deer-205/dag/test/claim/bmc_typed_operations_witness_test.dag leg=InterpretedLeg) 0.0ms
02:29:10.945 PASS object_mapper_zero_cardinality_is_preserved (/home/briansrls/.worktrees/gunbc/valiant-deer-205/dag/test/claim/bmc_typed_operations_witness_test.dag leg=InterpretedLeg) 0.0ms
02:29:10.946 PASS path_transport_whitespace_becomes_one_typed_path (/home/briansrls/.worktrees/gunbc/valiant-deer-205/dag/test/claim/bmc_typed_operations_witness_test.dag leg=InterpretedLeg) 0.2ms
02:29:10.946 PASS ssh_failure_cannot_masquerade_as_false_path_probe (/home/briansrls/.worktrees/gunbc/valiant-deer-205/dag/test/claim/bmc_typed_operations_witness_test.dag leg=InterpretedLeg) 0.0ms
02:29:10.946 PASS successful_empty_sensor_projection_is_absent (/home/briansrls/.worktrees/gunbc/valiant-deer-205/dag/test/claim/bmc_typed_operations_witness_test.dag leg=InterpretedLeg) 0.0ms
02:29:10.946 PASS tach_at_controller_threshold_is_healthy (/home/briansrls/.worktrees/gunbc/valiant-deer-205/dag/test/claim/bmc_typed_operations_witness_test.dag leg=InterpretedLeg) 0.1ms
02:29:10.946 PASS tach_below_controller_threshold_is_not_healthy (/home/briansrls/.worktrees/gunbc/valiant-deer-205/dag/test/claim/bmc_typed_operations_witness_test.dag leg=InterpretedLeg) 0.1ms
02:29:10.946 PASS tach_health_sensor_accessor_covers_every_arm (/home/briansrls/.worktrees/gunbc/valiant-deer-205/dag/test/claim/bmc_typed_operations_witness_test.dag leg=InterpretedLeg) 0.1ms
02:29:10.946 PASS utc_epoch_seconds_become_epoch_milliseconds (/home/briansrls/.worktrees/gunbc/valiant-deer-205/dag/test/claim/bmc_typed_operations_witness_test.dag leg=InterpretedLeg) 0.1ms
02:29:10.946 PASS wrong_busctl_type_cannot_become_zone_failsafe_bool (/home/briansrls/.worktrees/gunbc/valiant-deer-205/dag/test/claim/bmc_typed_operations_witness_test.dag leg=InterpretedLeg) 0.1ms
02:29:10.946 PASS zone_failsafe_transport_becomes_typed_bool (/home/briansrls/.worktrees/gunbc/valiant-deer-205/dag/test/claim/bmc_typed_operations_witness_test.dag leg=InterpretedLeg) 0.1ms
[floor-drain] schedule-retention: entry='/home/briansrls/.worktrees/gunbc/valiant-deer-205/dag/test/claim/bmc_typed_operations_witness_test.dag' evicted_modules=0 evicted_graph=0 schedule_evictions=0 graph_evictions=0 retention_unknown=0 typed_cache=420 resolved_graphs=32
[floor-drain] group=30/50 typed_cache=420(+1) parse_cache=417(+1) resolved_memo=32(+1) intern_table=80274(+0) evictions=0 peak_rss=4543787008
[p1-cohort] entry=30/50 name='/home/briansrls/.worktrees/gunbc/valiant-deer-205/dag/test/claim/bmc_typed_operations_witness_test.dag' wall_ms=1021 resolve_ms=1013 eval_ms=1 schedule_cache_hit=0 resolved_graph_hit=0 modules_evicted=0 graphs_evicted=0 process_rss=4543787008 cgroup_memory_current=6736609280 cgroup_memory_peak=6736609280
02:29:12.147 PASS srv4_gadget_is_readonly_cdrom_on_nbd0 (/home/briansrls/.worktrees/gunbc/valiant-deer-205/dag/test/claim/bmc_virtual_media_witness_test.dag leg=InterpretedLeg) 2.2ms
02:29:12.148 PASS srv4_gadget_ops_are_typed_not_scraped_from_shell (/home/briansrls/.worktrees/gunbc/valiant-deer-205/dag/test/claim/bmc_virtual_media_witness_test.dag leg=InterpretedLeg) 0.4ms
02:29:12.148 PASS srv4_nbd_client_attaches_named_export (/home/briansrls/.worktrees/gunbc/valiant-deer-205/dag/test/claim/bmc_virtual_media_witness_test.dag leg=InterpretedLeg) 0.2ms
02:29:12.148 PASS srv4_nbd_export_read_only_seeded_iso (/home/briansrls/.worktrees/gunbc/valiant-deer-205/dag/test/claim/bmc_virtual_media_witness_test.dag leg=InterpretedLeg) 0.1ms
[floor-drain] schedule-retention: entry='/home/briansrls/.worktrees/gunbc/valiant-deer-205/dag/test/claim/bmc_virtual_media_witness_test.dag' evicted_modules=0 evicted_graph=0 schedule_evictions=0 graph_evictions=0 retention_unknown=0 typed_cache=430 resolved_graphs=33
[floor-drain] group=31/50 typed_cache=430(+10) parse_cache=427(+10) resolved_memo=33(+1) intern_table=80274(+0) evictions=0 peak_rss=4620443648
[p1-cohort] entry=31/50 name='/home/briansrls/.worktrees/gunbc/valiant-deer-205/dag/test/claim/bmc_virtual_media_witness_test.dag' wall_ms=1201 resolve_ms=1192 eval_ms=2 schedule_cache_hit=0 resolved_graph_hit=0 modules_evicted=0 graphs_evicted=0 process_rss=4620443648 cgroup_memory_current=6877585408 cgroup_memory_peak=6877585408
02:29:22.142 PASS bmc_smoke_workflow_scopes_id_token_write_to_its_single_designated_job (/home/briansrls/.worktrees/gunbc/valiant-deer-205/dag/test/claim/bmc_wif_delegation_chain_witness_test.dag leg=InterpretedLeg) 29.5ms
02:29:22.144 PASS bootstrap_grants_zero_bindings_for_bmc_secret (/home/briansrls/.worktrees/gunbc/valiant-deer-205/dag/test/claim/bmc_wif_delegation_chain_witness_test.dag leg=InterpretedLeg) 2.0ms
02:29:22.145 PASS chain_has_four_steps_in_delegation_order (/home/briansrls/.worktrees/gunbc/valiant-deer-205/dag/test/claim/bmc_wif_delegation_chain_witness_test.dag leg=InterpretedLeg) 1.3ms
02:29:22.145 PASS exchange_step_pins_repo_attribute_condition (/home/briansrls/.worktrees/gunbc/valiant-deer-205/dag/test/claim/bmc_wif_delegation_chain_witness_test.dag leg=InterpretedLeg) 0.0ms
02:29:22.146 PASS impersonation_step_targets_the_scoped_assimilator_sa (/home/briansrls/.worktrees/gunbc/valiant-deer-205/dag/test/claim/bmc_wif_delegation_chain_witness_test.dag leg=InterpretedLeg) 0.1ms
02:29:22.146 PASS legacy_binding_is_flagged_out_of_band_and_not_signed_by_this_pr (/home/briansrls/.worktrees/gunbc/valiant-deer-205/dag/test/claim/bmc_wif_delegation_chain_witness_test.dag leg=InterpretedLeg) 0.1ms
02:29:22.795 PASS main_ci_workflow_grants_no_id_token (/home/briansrls/.worktrees/gunbc/valiant-deer-205/dag/test/claim/bmc_wif_delegation_chain_witness_test.dag leg=InterpretedLeg) 649.2ms
02:29:22.796 PASS secret_access_step_targets_canary_not_bmc_secret (/home/briansrls/.worktrees/gunbc/valiant-deer-205/dag/test/claim/bmc_wif_delegation_chain_witness_test.dag leg=InterpretedLeg) 1.0ms
02:29:22.796 PASS secret_ref_login_handler_added_beside_factory_login_not_over_it (/home/briansrls/.worktrees/gunbc/valiant-deer-205/dag/test/claim/bmc_wif_delegation_chain_witness_test.dag leg=InterpretedLeg) 0.0ms
02:29:22.796 PASS secret_refs_are_free_of_credential_shaped_strings (/home/briansrls/.worktrees/gunbc/valiant-deer-205/dag/test/claim/bmc_wif_delegation_chain_witness_test.dag leg=InterpretedLeg) 0.0ms
02:29:22.796 PASS secret_refs_carry_no_hash_material_they_are_pending (/home/briansrls/.worktrees/gunbc/valiant-deer-205/dag/test/claim/bmc_wif_delegation_chain_witness_test.dag leg=InterpretedLeg) 0.0ms
02:29:22.796 PASS srv3_credential_path_is_an_enumerated_option_space_not_a_binding (/home/briansrls/.worktrees/gunbc/valiant-deer-205/dag/test/claim/bmc_wif_delegation_chain_witness_test.dag leg=InterpretedLeg) 0.1ms
02:29:22.796 PASS threat_model_names_both_read_capabilities (/home/briansrls/.worktrees/gunbc/valiant-deer-205/dag/test/claim/bmc_wif_delegation_chain_witness_test.dag leg=InterpretedLeg) 0.1ms
02:29:22.796 PASS unsigned_grant_row_count_matches_zero_derived_bindings (/home/briansrls/.worktrees/gunbc/valiant-deer-205/dag/test/claim/bmc_wif_delegation_chain_witness_test.dag leg=InterpretedLeg) 0.0ms
[floor-drain] schedule-retention: entry='/home/briansrls/.worktrees/gunbc/valiant-deer-205/dag/test/claim/bmc_wif_delegation_chain_witness_test.dag' evicted_modules=0 evicted_graph=0 schedule_evictions=0 graph_evictions=0 retention_unknown=0 typed_cache=598 resolved_graphs=34
[floor-drain] group=32/50 typed_cache=598(+168) parse_cache=595(+168) resolved_memo=34(+1) intern_table=80274(+0) evictions=0 peak_rss=5278642176
[p1-cohort] entry=32/50 name='/home/briansrls/.worktrees/gunbc/valiant-deer-205/dag/test/claim/bmc_wif_delegation_chain_witness_test.dag' wall_ms=10737 resolve_ms=9911 eval_ms=683 schedule_cache_hit=0 resolved_graph_hit=0 modules_evicted=0 graphs_evicted=0 process_rss=5278642176 cgroup_memory_current=7972581376 cgroup_memory_peak=7972581376
02:29:23.847 PASS branded_list_first_content_hash_method_empty (/home/briansrls/.worktrees/gunbc/valiant-deer-205/dag/test/claim/branded_list_first_optional_witness_test.dag leg=InterpretedLeg) 0.0ms
02:29:23.847 PASS branded_list_first_content_hash_method_nonempty (/home/briansrls/.worktrees/gunbc/valiant-deer-205/dag/test/claim/branded_list_first_optional_witness_test.dag leg=InterpretedLeg) 0.3ms
02:29:23.847 PASS branded_list_first_content_hash_pipe_empty (/home/briansrls/.worktrees/gunbc/valiant-deer-205/dag/test/claim/branded_list_first_optional_witness_test.dag leg=InterpretedLeg) 0.0ms
02:29:23.847 PASS branded_list_first_content_hash_pipe_nonempty (/home/briansrls/.worktrees/gunbc/valiant-deer-205/dag/test/claim/branded_list_first_optional_witness_test.dag leg=InterpretedLeg) 0.1ms
02:29:23.848 PASS branded_list_first_string_method_empty (/home/briansrls/.worktrees/gunbc/valiant-deer-205/dag/test/claim/branded_list_first_optional_witness_test.dag leg=InterpretedLeg) 0.0ms
02:29:23.848 PASS branded_list_first_string_method_nonempty (/home/briansrls/.worktrees/gunbc/valiant-deer-205/dag/test/claim/branded_list_first_optional_witness_test.dag leg=InterpretedLeg) 0.0ms
02:29:23.848 PASS branded_list_first_string_pipe_empty (/home/briansrls/.worktrees/gunbc/valiant-deer-205/dag/test/claim/branded_list_first_optional_witness_test.dag leg=InterpretedLeg) 0.0ms
02:29:23.848 PASS branded_list_first_string_pipe_nonempty (/home/briansrls/.worktrees/gunbc/valiant-deer-205/dag/test/claim/branded_list_first_optional_witness_test.dag leg=InterpretedLeg) 0.0ms
[floor-drain] schedule-retention: entry='/home/briansrls/.worktrees/gunbc/valiant-deer-205/dag/test/claim/branded_list_first_optional_witness_test.dag' evicted_modules=0 evicted_graph=0 schedule_evictions=0 graph_evictions=0 retention_unknown=0 typed_cache=599 resolved_graphs=35
[floor-drain] group=33/50 typed_cache=599(+1) parse_cache=596(+1) resolved_memo=35(+1) intern_table=80274(+0) evictions=0 peak_rss=5279023104
[p1-cohort] entry=33/50 name='/home/briansrls/.worktrees/gunbc/valiant-deer-205/dag/test/claim/branded_list_first_optional_witness_test.dag' wall_ms=955 resolve_ms=951 eval_ms=0 schedule_cache_hit=0 resolved_graph_hit=0 modules_evicted=0 graphs_evicted=0 process_rss=5279023104 cgroup_memory_current=7996436480 cgroup_memory_peak=7996436480
02:29:24.760 PASS witness_admission_is_construction (/home/briansrls/.worktrees/gunbc/valiant-deer-205/dag/test/claim/budget_tree_witness_test.dag leg=InterpretedLeg) 0.4ms
02:29:24.760 PASS witness_balance_states (/home/briansrls/.worktrees/gunbc/valiant-deer-205/dag/test/claim/budget_tree_witness_test.dag leg=InterpretedLeg) 0.2ms
02:29:24.760 PASS witness_conservation_residue_lens (/home/briansrls/.worktrees/gunbc/valiant-deer-205/dag/test/claim/budget_tree_witness_test.dag leg=InterpretedLeg) 0.1ms
02:29:24.760 PASS witness_divide_once (/home/briansrls/.worktrees/gunbc/valiant-deer-205/dag/test/claim/budget_tree_witness_test.dag leg=InterpretedLeg) 0.2ms
02:29:24.760 PASS witness_method_is_zero_based (/home/briansrls/.worktrees/gunbc/valiant-deer-205/dag/test/claim/budget_tree_witness_test.dag leg=InterpretedLeg) 0.0ms
02:29:24.760 PASS witness_reconcile_all_satisfied (/home/briansrls/.worktrees/gunbc/valiant-deer-205/dag/test/claim/budget_tree_witness_test.dag leg=InterpretedLeg) 0.3ms
02:29:24.761 PASS witness_reconcile_evicts_best_effort (/home/briansrls/.worktrees/gunbc/valiant-deer-205/dag/test/claim/budget_tree_witness_test.dag leg=InterpretedLeg) 0.1ms
02:29:24.761 PASS witness_reconcile_guaranteed_shortfall (/home/briansrls/.worktrees/gunbc/valiant-deer-205/dag/test/claim/budget_tree_witness_test.dag leg=InterpretedLeg) 0.1ms
02:29:24.761 PASS witness_tree_conservation_recursive (/home/briansrls/.worktrees/gunbc/valiant-deer-205/dag/test/claim/budget_tree_witness_test.dag leg=InterpretedLeg) 0.2ms
[floor-drain] schedule-retention: entry='/home/briansrls/.worktrees/gunbc/valiant-deer-205/dag/test/claim/budget_tree_witness_test.dag' evicted_modules=0 evicted_graph=0 schedule_evictions=0 graph_evictions=0 retention_unknown=0 typed_cache=600 resolved_graphs=36
[floor-drain] group=34/50 typed_cache=600(+1) parse_cache=597(+1) resolved_memo=36(+1) intern_table=80274(+0) evictions=0 peak_rss=5332787200
[p1-cohort] entry=34/50 name='/home/briansrls/.worktrees/gunbc/valiant-deer-205/dag/test/claim/budget_tree_witness_test.dag' wall_ms=913 resolve_ms=908 eval_ms=1 schedule_cache_hit=0 resolved_graph_hit=0 modules_evicted=0 graphs_evicted=0 process_rss=5332787200 cgroup_memory_current=8073814016 cgroup_memory_peak=8073814016
✓ typecheck gunbc.host_effect_realize done in 3 seconds
