[workspace-root] discovered /home/briansrls/scratch-wt/gcp-iam-bootstrap
✓ typecheck v2.std.compilers.target_model done in 23 seconds
✓ typecheck v2.compiler.target_serialize done in 2 seconds
✓ typecheck v2.compiler.translate done in 3 seconds
[file] read <private-temporary-token-file>
[file] write_create_new target/gcp-iam-bootstrap-20260928-a23a0f99c-2-started.txt (54 bytes)
[rest] GET https://iam.googleapis.com/v1/projects/gunbai-secrets/locations/global/workloadIdentityPools/github-gcp-iam-converge
[rest] GET https://iam.googleapis.com/v1/projects/gunbai-secrets/locations/global/workloadIdentityPools/github-gcp-iam-converge/providers
[rest] GET https://iam.googleapis.com/v1/projects/gunbai-secrets/serviceAccounts/iam-observe@gunbai-secrets.iam.gserviceaccount.com
[rest] GET https://iam.googleapis.com/v1/projects/gunbai-secrets/locations/global/workloadIdentityPools/github-gcp-iam-converge
[rest] GET https://iam.googleapis.com/v1/projects/gunbai-secrets/locations/global/workloadIdentityPools/github-gcp-iam-converge/providers
[rest] GET https://iam.googleapis.com/v1/projects/gunbai-secrets/serviceAccounts/iam-observe@gunbai-secrets.iam.gserviceaccount.com
[rest] GET https://iam.googleapis.com/v1/projects/gunbai-secrets/locations/global/workloadIdentityPools/github-gcp-iam-converge
[rest] GET https://iam.googleapis.com/v1/projects/gunbai-secrets/locations/global/workloadIdentityPools/github-gcp-iam-converge/providers
[rest] GET https://iam.googleapis.com/v1/projects/gunbai-secrets/serviceAccounts/iam-converge@gunbai-secrets.iam.gserviceaccount.com
[rest] POST https://iam.googleapis.com/v1/projects/gunbai-secrets/serviceAccounts
[rest] GET https://iam.googleapis.com/v1/projects/gunbai-secrets/locations/global/workloadIdentityPools/github-gcp-iam-converge
[rest] GET https://iam.googleapis.com/v1/projects/gunbai-secrets/locations/global/workloadIdentityPools/github-gcp-iam-converge/providers
[rest] GET https://iam.googleapis.com/v1/projects/gunbai-secrets/serviceAccounts/iam-converge@gunbai-secrets.iam.gserviceaccount.com
[rest] GET https://iam.googleapis.com/v1/projects/gunbai-secrets/locations/global/workloadIdentityPools/github-heal-publisher
[rest] GET https://iam.googleapis.com/v1/projects/gunbai-secrets/locations/global/workloadIdentityPools/github-heal-publisher/providers
[rest] GET https://iam.googleapis.com/v1/projects/gunbai-secrets/serviceAccounts/heal-publisher@gunbai-secrets.iam.gserviceaccount.com
[rest] GET https://iam.googleapis.com/v1/projects/gunbai-secrets/locations/global/workloadIdentityPools/github-heal-publisher
[rest] GET https://iam.googleapis.com/v1/projects/gunbai-secrets/locations/global/workloadIdentityPools/github-heal-publisher/providers
[rest] GET https://iam.googleapis.com/v1/projects/gunbai-secrets/serviceAccounts/heal-publisher@gunbai-secrets.iam.gserviceaccount.com
[rest] GET https://iam.googleapis.com/v1/projects/gunbai-secrets/locations/global/workloadIdentityPools/github-heal-publisher-private
[rest] GET https://iam.googleapis.com/v1/projects/gunbai-secrets/locations/global/workloadIdentityPools/github-heal-publisher-private/providers
[rest] GET https://iam.googleapis.com/v1/projects/gunbai-secrets/serviceAccounts/heal-publisher-private@gunbai-secrets.iam.gserviceaccount.com
[rest] GET https://iam.googleapis.com/v1/projects/gunbai-secrets/locations/global/workloadIdentityPools/github-heal-publisher-private
[rest] GET https://iam.googleapis.com/v1/projects/gunbai-secrets/locations/global/workloadIdentityPools/github-heal-publisher-private/providers
[rest] GET https://iam.googleapis.com/v1/projects/gunbai-secrets/serviceAccounts/heal-publisher-private@gunbai-secrets.iam.gserviceaccount.com
[rest] GET https://iam.googleapis.com/v1/projects/gunbai-secrets/locations/global/workloadIdentityPools/github-mtcollins1-boot
[rest] GET https://iam.googleapis.com/v1/projects/gunbai-secrets/locations/global/workloadIdentityPools/github-mtcollins1-boot/providers
[rest] GET https://iam.googleapis.com/v1/projects/gunbai-secrets/serviceAccounts/mtcollins1-boot@gunbai-secrets.iam.gserviceaccount.com
[rest] GET https://iam.googleapis.com/v1/projects/gunbai-secrets/locations/global/workloadIdentityPools/github-mtcollins1-boot
[rest] GET https://iam.googleapis.com/v1/projects/gunbai-secrets/locations/global/workloadIdentityPools/github-mtcollins1-boot/providers
[rest] GET https://iam.googleapis.com/v1/projects/gunbai-secrets/serviceAccounts/mtcollins1-boot@gunbai-secrets.iam.gserviceaccount.com
[rest] GET https://iam.googleapis.com/v1/projects/gunbai-secrets/locations/global/workloadIdentityPools/github-namecheap-dns
[rest] GET https://iam.googleapis.com/v1/projects/gunbai-secrets/locations/global/workloadIdentityPools/github-namecheap-dns/providers
[rest] GET https://iam.googleapis.com/v1/projects/gunbai-secrets/serviceAccounts/namecheap-dns@gunbai-secrets.iam.gserviceaccount.com
[rest] POST https://iam.googleapis.com/v1/projects/gunbai-secrets/locations/global/workloadIdentityPools
[rest] POST https://iam.googleapis.com/v1/projects/gunbai-secrets/serviceAccounts
[rest] GET https://iam.googleapis.com/v1/projects/gunbai-secrets/locations/global/workloadIdentityPools/github-namecheap-dns
[rest] GET https://iam.googleapis.com/v1/projects/gunbai-secrets/locations/global/workloadIdentityPools/github-namecheap-dns/providers
[rest] GET https://iam.googleapis.com/v1/projects/gunbai-secrets/serviceAccounts/namecheap-dns@gunbai-secrets.iam.gserviceaccount.com
[file] write_create_new target/gcp-iam-bootstrap-20260928-a23a0f99c-2-identities.txt (78 bytes)
[rest] GET https://iam.googleapis.com/v1/projects/gunbai-secrets/roles/gunbcIamConvergeCreate
[rest] POST https://iam.googleapis.com/v1/projects/gunbai-secrets/roles
[rest] GET https://iam.googleapis.com/v1/projects/gunbai-secrets/roles/gunbcIamConvergeCreate
[rest] GET https://iam.googleapis.com/v1/projects/gunbai-secrets/roles/gunbcIamConvergeProvider
[rest] POST https://iam.googleapis.com/v1/projects/gunbai-secrets/roles
[rest] GET https://iam.googleapis.com/v1/projects/gunbai-secrets/roles/gunbcIamConvergeProvider
[rest] GET https://iam.googleapis.com/v1/projects/gunbai-secrets/roles/gunbcIamConvergeAccountPolicy
[rest] POST https://iam.googleapis.com/v1/projects/gunbai-secrets/roles
[rest] GET https://iam.googleapis.com/v1/projects/gunbai-secrets/roles/gunbcIamConvergeAccountPolicy
[rest] GET https://iam.googleapis.com/v1/projects/gunbai-secrets/roles/gunbcIamConvergeSecretPolicy
[rest] POST https://iam.googleapis.com/v1/projects/gunbai-secrets/roles
[rest] GET https://iam.googleapis.com/v1/projects/gunbai-secrets/roles/gunbcIamConvergeSecretPolicy
[rest] GET https://iam.googleapis.com/v1/projects/gunbai-secrets/roles/gunbcIamObservePool
[rest] POST https://iam.googleapis.com/v1/projects/gunbai-secrets/roles
[rest] GET https://iam.googleapis.com/v1/projects/gunbai-secrets/roles/gunbcIamObservePool
[rest] GET https://iam.googleapis.com/v1/projects/gunbai-secrets/roles/gunbcIamObserveAccount
[rest] POST https://iam.googleapis.com/v1/projects/gunbai-secrets/roles
[rest] GET https://iam.googleapis.com/v1/projects/gunbai-secrets/roles/gunbcIamObserveAccount
[rest] GET https://iam.googleapis.com/v1/projects/gunbai-secrets/roles/gunbcIamObserveSecret
[rest] POST https://iam.googleapis.com/v1/projects/gunbai-secrets/roles
[rest] GET https://iam.googleapis.com/v1/projects/gunbai-secrets/roles/gunbcIamObserveSecret
[file] write_create_new target/gcp-iam-bootstrap-20260928-a23a0f99c-2-roles.txt (78 bytes)
[rest] GET https://iam.googleapis.com/v2/policies/cloudresourcemanager.googleapis.com%2Fprojects%2F582015116396/denypolicies/gunbc-iam-converge-boundary
[rest] POST https://iam.googleapis.com/v2/policies/cloudresourcemanager.googleapis.com%2Fprojects%2F582015116396/denypolicies
[file] write_create_new target/gcp-iam-bootstrap-20260928-a23a0f99c-2-deny.txt (879 bytes)
status 403: {
  "error": {
    "code": 403,
    "message": "Permission iam.googleapis.com/denypolicies.create denied on resource cloudresourcemanager.googleapis.com/projects/582015116396",
    "status": "PERMISSION_DENIED",
    "details": [
      {
        "@type": "type.googleapis.com/google.rpc.ErrorInfo",
        "reason": "IAM_PERMISSION_DENIED",
        "domain": "iam.googleapis.com",
        "metadata": {
          "permission": "iam.googleapis.com/denypolicies.create",
          "resource": "projects/582015116396",
          "error_info_id": "CiQwMWEwZWEwOS1lY2U1LTdmYTgtOGUyNi03NGQyNmM0MjRkODQSFXByb2plY3RzLzU4MjAxNTExNjM5Ng==",
          "troubleshooter_url": "https://console.cloud.google.com/iam-admin/troubleshooter/summary;errorId=CiQwMWEwZWEwOS1lY2U1LTdmYTgtOGUyNi03NGQyNmM0MjRkODQSFXByb2plY3RzLzU4MjAxNTExNjM5Ng%3D%3D"
        }
      }
    ]
  }
}
