[workspace-root] discovered /home/briansrls/scratch-wt/gcp-iam-bootstrap
✓ typecheck v2.std.compilers.target_model done in 23 seconds
✓ typecheck v2.compiler.target_serialize done in 2 seconds
✓ typecheck v2.compiler.translate done in 3 seconds
Bootstrap stages: identities -> roles -> deny -> capabilities -> privilege-readback -> workflow-trust
project gunbai-secrets
workflow provider github-gcp-iam-converge-oidc
workflow condition assertion.repository_id == '1143718943' && assertion.repository_owner_id == '244123794' && assertion.workflow_ref == 'gunb-ai/gunbc/.github/workflows/fleet-converge.yml@refs/heads/main' && assertion.ref == 'refs/heads/main' && assertion.event_name == 'workflow_dispatch' && assertion.environment == 'gcp-iam-converge'
workflow principal set principalSet://iam.googleapis.com/projects/582015116396/locations/global/workloadIdentityPools/github-gcp-iam-converge/*
deny policy gunbc-iam-converge-boundary
deny principal serviceAccount:iam-converge@gunbai-secrets.iam.gserviceaccount.com
deny permissions secretmanager.googleapis.com/versions.access,secretmanager.googleapis.com/versions.add,iam.googleapis.com/serviceAccounts.actAs,iam.googleapis.com/serviceAccounts.getAccessToken,iam.googleapis.com/serviceAccounts.getOpenIdToken,iam.googleapis.com/serviceAccounts.implicitDelegation,iam.googleapis.com/serviceAccounts.signBlob,iam.googleapis.com/serviceAccounts.signJwt
Target bootstrap creates only bare pools/accounts; target providers and workload trust remain approval-gated.
role projects/gunbai-secrets/roles/gunbcIamConvergeCreate permissions=iam.workloadIdentityPools.create,iam.workloadIdentityPools.get,iam.serviceAccounts.create,iam.serviceAccounts.get
role projects/gunbai-secrets/roles/gunbcIamConvergeProvider permissions=iam.workloadIdentityPoolProviders.create,iam.workloadIdentityPoolProviders.get,iam.workloadIdentityPoolProviders.list
role projects/gunbai-secrets/roles/gunbcIamConvergeAccountPolicy permissions=iam.serviceAccounts.get,iam.serviceAccounts.getIamPolicy,iam.serviceAccounts.setIamPolicy
role projects/gunbai-secrets/roles/gunbcIamConvergeSecretPolicy permissions=secretmanager.secrets.get,secretmanager.secrets.getIamPolicy,secretmanager.secrets.setIamPolicy
role projects/gunbai-secrets/roles/gunbcIamObservePool permissions=iam.workloadIdentityPools.get,iam.workloadIdentityPoolProviders.get,iam.workloadIdentityPoolProviders.list
role projects/gunbai-secrets/roles/gunbcIamObserveAccount permissions=iam.serviceAccounts.get,iam.serviceAccounts.getIamPolicy
role projects/gunbai-secrets/roles/gunbcIamObserveSecret permissions=secretmanager.secrets.get,secretmanager.secrets.getIamPolicy
binding projects/gunbai-secrets role:52:projects/gunbai-secrets/roles/gunbcIamConvergeCreate;member:66:serviceAccount:iam-converge@gunbai-secrets.iam.gserviceaccount.com;condition:4:none;
binding projects/582015116396/locations/global/workloadIdentityPools/github-heal-publisher role:54:projects/gunbai-secrets/roles/gunbcIamConvergeProvider;member:66:serviceAccount:iam-converge@gunbai-secrets.iam.gserviceaccount.com;condition:4:none;
binding projects/gunbai-secrets/serviceAccounts/heal-publisher@gunbai-secrets.iam.gserviceaccount.com role:59:projects/gunbai-secrets/roles/gunbcIamConvergeAccountPolicy;member:66:serviceAccount:iam-converge@gunbai-secrets.iam.gserviceaccount.com;condition:4:none;
binding projects/582015116396/secrets/agent-github-app-private-key role:58:projects/gunbai-secrets/roles/gunbcIamConvergeSecretPolicy;member:66:serviceAccount:iam-converge@gunbai-secrets.iam.gserviceaccount.com;condition:4:none;
binding projects/582015116396/locations/global/workloadIdentityPools/github-heal-publisher-private role:54:projects/gunbai-secrets/roles/gunbcIamConvergeProvider;member:66:serviceAccount:iam-converge@gunbai-secrets.iam.gserviceaccount.com;condition:4:none;
binding projects/gunbai-secrets/serviceAccounts/heal-publisher-private@gunbai-secrets.iam.gserviceaccount.com role:59:projects/gunbai-secrets/roles/gunbcIamConvergeAccountPolicy;member:66:serviceAccount:iam-converge@gunbai-secrets.iam.gserviceaccount.com;condition:4:none;
binding projects/582015116396/locations/global/workloadIdentityPools/github-mtcollins1-boot role:54:projects/gunbai-secrets/roles/gunbcIamConvergeProvider;member:66:serviceAccount:iam-converge@gunbai-secrets.iam.gserviceaccount.com;condition:4:none;
binding projects/gunbai-secrets/serviceAccounts/mtcollins1-boot@gunbai-secrets.iam.gserviceaccount.com role:59:projects/gunbai-secrets/roles/gunbcIamConvergeAccountPolicy;member:66:serviceAccount:iam-converge@gunbai-secrets.iam.gserviceaccount.com;condition:4:none;
binding projects/582015116396/secrets/bmc-mtcollins1-gunbc role:58:projects/gunbai-secrets/roles/gunbcIamConvergeSecretPolicy;member:66:serviceAccount:iam-converge@gunbai-secrets.iam.gserviceaccount.com;condition:4:none;
binding projects/582015116396/secrets/fleet-automation-ssh-key role:58:projects/gunbai-secrets/roles/gunbcIamConvergeSecretPolicy;member:66:serviceAccount:iam-converge@gunbai-secrets.iam.gserviceaccount.com;condition:4:none;
binding projects/582015116396/locations/global/workloadIdentityPools/github-namecheap-dns role:54:projects/gunbai-secrets/roles/gunbcIamConvergeProvider;member:66:serviceAccount:iam-converge@gunbai-secrets.iam.gserviceaccount.com;condition:4:none;
binding projects/gunbai-secrets/serviceAccounts/namecheap-dns@gunbai-secrets.iam.gserviceaccount.com role:59:projects/gunbai-secrets/roles/gunbcIamConvergeAccountPolicy;member:66:serviceAccount:iam-converge@gunbai-secrets.iam.gserviceaccount.com;condition:4:none;
binding projects/582015116396/secrets/namecheap-api-key role:58:projects/gunbai-secrets/roles/gunbcIamConvergeSecretPolicy;member:66:serviceAccount:iam-converge@gunbai-secrets.iam.gserviceaccount.com;condition:4:none;
binding projects/582015116396/locations/global/workloadIdentityPools/github-heal-publisher role:49:projects/gunbai-secrets/roles/gunbcIamObservePool;member:65:serviceAccount:iam-observe@gunbai-secrets.iam.gserviceaccount.com;condition:4:none;
binding projects/gunbai-secrets/serviceAccounts/heal-publisher@gunbai-secrets.iam.gserviceaccount.com role:52:projects/gunbai-secrets/roles/gunbcIamObserveAccount;member:65:serviceAccount:iam-observe@gunbai-secrets.iam.gserviceaccount.com;condition:4:none;
binding projects/582015116396/secrets/agent-github-app-private-key role:51:projects/gunbai-secrets/roles/gunbcIamObserveSecret;member:65:serviceAccount:iam-observe@gunbai-secrets.iam.gserviceaccount.com;condition:4:none;
binding projects/582015116396/locations/global/workloadIdentityPools/github-heal-publisher-private role:49:projects/gunbai-secrets/roles/gunbcIamObservePool;member:65:serviceAccount:iam-observe@gunbai-secrets.iam.gserviceaccount.com;condition:4:none;
binding projects/gunbai-secrets/serviceAccounts/heal-publisher-private@gunbai-secrets.iam.gserviceaccount.com role:52:projects/gunbai-secrets/roles/gunbcIamObserveAccount;member:65:serviceAccount:iam-observe@gunbai-secrets.iam.gserviceaccount.com;condition:4:none;
binding projects/582015116396/locations/global/workloadIdentityPools/github-mtcollins1-boot role:49:projects/gunbai-secrets/roles/gunbcIamObservePool;member:65:serviceAccount:iam-observe@gunbai-secrets.iam.gserviceaccount.com;condition:4:none;
binding projects/gunbai-secrets/serviceAccounts/mtcollins1-boot@gunbai-secrets.iam.gserviceaccount.com role:52:projects/gunbai-secrets/roles/gunbcIamObserveAccount;member:65:serviceAccount:iam-observe@gunbai-secrets.iam.gserviceaccount.com;condition:4:none;
binding projects/582015116396/secrets/bmc-mtcollins1-gunbc role:51:projects/gunbai-secrets/roles/gunbcIamObserveSecret;member:65:serviceAccount:iam-observe@gunbai-secrets.iam.gserviceaccount.com;condition:4:none;
binding projects/582015116396/secrets/fleet-automation-ssh-key role:51:projects/gunbai-secrets/roles/gunbcIamObserveSecret;member:65:serviceAccount:iam-observe@gunbai-secrets.iam.gserviceaccount.com;condition:4:none;
binding projects/582015116396/locations/global/workloadIdentityPools/github-namecheap-dns role:49:projects/gunbai-secrets/roles/gunbcIamObservePool;member:65:serviceAccount:iam-observe@gunbai-secrets.iam.gserviceaccount.com;condition:4:none;
binding projects/gunbai-secrets/serviceAccounts/namecheap-dns@gunbai-secrets.iam.gserviceaccount.com role:52:projects/gunbai-secrets/roles/gunbcIamObserveAccount;member:65:serviceAccount:iam-observe@gunbai-secrets.iam.gserviceaccount.com;condition:4:none;
binding projects/582015116396/secrets/namecheap-api-key role:51:projects/gunbai-secrets/roles/gunbcIamObserveSecret;member:65:serviceAccount:iam-observe@gunbai-secrets.iam.gserviceaccount.com;condition:4:none;
binding projects/582015116396/locations/global/workloadIdentityPools/github-gcp-iam-converge role:49:projects/gunbai-secrets/roles/gunbcIamObservePool;member:65:serviceAccount:iam-observe@gunbai-secrets.iam.gserviceaccount.com;condition:4:none;
binding projects/gunbai-secrets/serviceAccounts/iam-observe@gunbai-secrets.iam.gserviceaccount.com role:52:projects/gunbai-secrets/roles/gunbcIamObserveAccount;member:65:serviceAccount:iam-observe@gunbai-secrets.iam.gserviceaccount.com;condition:4:none;
binding projects/582015116396/secrets/approval-submission-mac-key role:51:projects/gunbai-secrets/roles/gunbcIamObserveSecret;member:65:serviceAccount:iam-observe@gunbai-secrets.iam.gserviceaccount.com;condition:4:none;
binding projects/gunbai-secrets/serviceAccounts/iam-converge@gunbai-secrets.iam.gserviceaccount.com role:52:projects/gunbai-secrets/roles/gunbcIamObserveAccount;member:65:serviceAccount:iam-observe@gunbai-secrets.iam.gserviceaccount.com;condition:4:none;
binding projects/582015116396/secrets/approval-submission-mac-key role:34:roles/secretmanager.secretAccessor;member:65:serviceAccount:iam-observe@gunbai-secrets.iam.gserviceaccount.com;condition-title:54:gcp-iam-converge pinned approval-submission-mac-key v1;condition-expression:87:resource.name == "projects/582015116396/secrets/approval-submission-mac-key/versions/1";condition-description:96:gunbc.auth.gcp_iam_converge: the one version the gcp iam converge job reads, to sign its request;
binding projects/gunbai-secrets/serviceAccounts/iam-observe@gunbai-secrets.iam.gserviceaccount.com role:30:roles/iam.workloadIdentityUser;member:120:principalSet://iam.googleapis.com/projects/582015116396/locations/global/workloadIdentityPools/github-gcp-iam-converge/*;condition:4:none;
binding projects/gunbai-secrets/serviceAccounts/iam-converge@gunbai-secrets.iam.gserviceaccount.com role:30:roles/iam.workloadIdentityUser;member:120:principalSet://iam.googleapis.com/projects/582015116396/locations/global/workloadIdentityPools/github-gcp-iam-converge/*;condition:4:none;