[workspace-root] discovered /home/briansrls/scratch-wt/gcp-iam-bootstrap
✓ typecheck v2.std.compilers.target_model done in 23 seconds
✓ typecheck v2.compiler.target_serialize done in 2 seconds
✓ typecheck v2.compiler.translate done in 3 seconds
[file] read <private-temporary-token-file>
[file] write_create_new target/gcp-iam-bootstrap-20260928-authority-1-started.txt (54 bytes)
[rest] GET https://iam.googleapis.com/v1/projects/gunbai-secrets/locations/global/workloadIdentityPools/github-gcp-iam-converge
[rest] GET https://iam.googleapis.com/v1/projects/gunbai-secrets/locations/global/workloadIdentityPools/github-gcp-iam-converge/providers
[rest] GET https://iam.googleapis.com/v1/projects/gunbai-secrets/serviceAccounts/iam-observe@gunbai-secrets.iam.gserviceaccount.com
[rest] GET https://iam.googleapis.com/v1/projects/gunbai-secrets/locations/global/workloadIdentityPools/github-gcp-iam-converge
[rest] GET https://iam.googleapis.com/v1/projects/gunbai-secrets/locations/global/workloadIdentityPools/github-gcp-iam-converge/providers
[rest] GET https://iam.googleapis.com/v1/projects/gunbai-secrets/serviceAccounts/iam-observe@gunbai-secrets.iam.gserviceaccount.com
[rest] GET https://iam.googleapis.com/v1/projects/gunbai-secrets/locations/global/workloadIdentityPools/github-gcp-iam-converge
[rest] GET https://iam.googleapis.com/v1/projects/gunbai-secrets/locations/global/workloadIdentityPools/github-gcp-iam-converge/providers
[rest] GET https://iam.googleapis.com/v1/projects/gunbai-secrets/serviceAccounts/iam-converge@gunbai-secrets.iam.gserviceaccount.com
[rest] GET https://iam.googleapis.com/v1/projects/gunbai-secrets/locations/global/workloadIdentityPools/github-gcp-iam-converge
[rest] GET https://iam.googleapis.com/v1/projects/gunbai-secrets/locations/global/workloadIdentityPools/github-gcp-iam-converge/providers
[rest] GET https://iam.googleapis.com/v1/projects/gunbai-secrets/serviceAccounts/iam-converge@gunbai-secrets.iam.gserviceaccount.com
[rest] GET https://iam.googleapis.com/v1/projects/gunbai-secrets/locations/global/workloadIdentityPools/github-heal-publisher
[rest] GET https://iam.googleapis.com/v1/projects/gunbai-secrets/locations/global/workloadIdentityPools/github-heal-publisher/providers
[rest] GET https://iam.googleapis.com/v1/projects/gunbai-secrets/serviceAccounts/heal-publisher@gunbai-secrets.iam.gserviceaccount.com
[rest] GET https://iam.googleapis.com/v1/projects/gunbai-secrets/locations/global/workloadIdentityPools/github-heal-publisher
[rest] GET https://iam.googleapis.com/v1/projects/gunbai-secrets/locations/global/workloadIdentityPools/github-heal-publisher/providers
[rest] GET https://iam.googleapis.com/v1/projects/gunbai-secrets/serviceAccounts/heal-publisher@gunbai-secrets.iam.gserviceaccount.com
[rest] GET https://iam.googleapis.com/v1/projects/gunbai-secrets/locations/global/workloadIdentityPools/github-heal-publisher-private
[rest] GET https://iam.googleapis.com/v1/projects/gunbai-secrets/locations/global/workloadIdentityPools/github-heal-publisher-private/providers
[rest] GET https://iam.googleapis.com/v1/projects/gunbai-secrets/serviceAccounts/heal-publisher-private@gunbai-secrets.iam.gserviceaccount.com
[rest] GET https://iam.googleapis.com/v1/projects/gunbai-secrets/locations/global/workloadIdentityPools/github-heal-publisher-private
[rest] GET https://iam.googleapis.com/v1/projects/gunbai-secrets/locations/global/workloadIdentityPools/github-heal-publisher-private/providers
[rest] GET https://iam.googleapis.com/v1/projects/gunbai-secrets/serviceAccounts/heal-publisher-private@gunbai-secrets.iam.gserviceaccount.com
[rest] GET https://iam.googleapis.com/v1/projects/gunbai-secrets/locations/global/workloadIdentityPools/github-mtcollins1-boot
[rest] GET https://iam.googleapis.com/v1/projects/gunbai-secrets/locations/global/workloadIdentityPools/github-mtcollins1-boot/providers
[rest] GET https://iam.googleapis.com/v1/projects/gunbai-secrets/serviceAccounts/mtcollins1-boot@gunbai-secrets.iam.gserviceaccount.com
[rest] GET https://iam.googleapis.com/v1/projects/gunbai-secrets/locations/global/workloadIdentityPools/github-mtcollins1-boot
[rest] GET https://iam.googleapis.com/v1/projects/gunbai-secrets/locations/global/workloadIdentityPools/github-mtcollins1-boot/providers
[rest] GET https://iam.googleapis.com/v1/projects/gunbai-secrets/serviceAccounts/mtcollins1-boot@gunbai-secrets.iam.gserviceaccount.com
[rest] GET https://iam.googleapis.com/v1/projects/gunbai-secrets/locations/global/workloadIdentityPools/github-namecheap-dns
[rest] GET https://iam.googleapis.com/v1/projects/gunbai-secrets/locations/global/workloadIdentityPools/github-namecheap-dns/providers
[rest] GET https://iam.googleapis.com/v1/projects/gunbai-secrets/serviceAccounts/namecheap-dns@gunbai-secrets.iam.gserviceaccount.com
[rest] GET https://iam.googleapis.com/v1/projects/gunbai-secrets/locations/global/workloadIdentityPools/github-namecheap-dns
[rest] GET https://iam.googleapis.com/v1/projects/gunbai-secrets/locations/global/workloadIdentityPools/github-namecheap-dns/providers
[rest] GET https://iam.googleapis.com/v1/projects/gunbai-secrets/serviceAccounts/namecheap-dns@gunbai-secrets.iam.gserviceaccount.com
[file] write_create_new target/gcp-iam-bootstrap-20260928-authority-1-identities.txt (78 bytes)
[rest] GET https://iam.googleapis.com/v1/projects/gunbai-secrets/roles/gunbcIamConvergeCreate
[rest] GET https://iam.googleapis.com/v1/projects/gunbai-secrets/roles/gunbcIamConvergeProvider
[rest] GET https://iam.googleapis.com/v1/projects/gunbai-secrets/roles/gunbcIamConvergeAccountPolicy
[rest] GET https://iam.googleapis.com/v1/projects/gunbai-secrets/roles/gunbcIamConvergeSecretPolicy
[rest] GET https://iam.googleapis.com/v1/projects/gunbai-secrets/roles/gunbcIamObservePool
[rest] GET https://iam.googleapis.com/v1/projects/gunbai-secrets/roles/gunbcIamObserveAccount
[rest] GET https://iam.googleapis.com/v1/projects/gunbai-secrets/roles/gunbcIamObserveSecret
[file] write_create_new target/gcp-iam-bootstrap-20260928-authority-1-roles.txt (78 bytes)
[rest] GET https://iam.googleapis.com/v2/policies/cloudresourcemanager.googleapis.com%2Fprojects%2F582015116396/denypolicies/gunbc-iam-converge-boundary
[file] list target
[file] read target/gcp-iam-authority-deny-bootstrap-20260928-1-intent.txt
[file] list target
[file] read target/gcp-iam-authority-deny-bootstrap-20260928-1-publication-elected.txt
[file] list target
[file] read target/gcp-iam-authority-deny-bootstrap-20260928-1-publication-closed.txt
[file] list target
[file] read target/gcp-iam-authority-deny-bootstrap-20260928-1-retired.txt
[rest] POST https://cloudresourcemanager.googleapis.com/v1/projects/gunbai-secrets:getIamPolicy
[file] write_create_new target/gcp-iam-authority-deny-bootstrap-20260928-1-intent.txt (344 bytes)
◐ started Clock.Now
✓ Clock.Now done in 2ms
[file] write_create_new target/gcp-iam-authority-deny-bootstrap-20260928-1-publication-elected.txt (344 bytes)
[rest] POST https://cloudresourcemanager.googleapis.com/v1/projects/gunbai-secrets:setIamPolicy
[file] write_create_new target/gcp-iam-bootstrap-20260928-authority-1-deny.txt (230 bytes)
[file] list target
[file] read target/gcp-iam-authority-deny-bootstrap-20260928-1-intent.txt
[file] list target
[file] read target/gcp-iam-authority-deny-bootstrap-20260928-1-publication-elected.txt
[file] list target
[file] read target/gcp-iam-authority-deny-bootstrap-20260928-1-publication-closed.txt
[file] list target
[file] read target/gcp-iam-authority-deny-bootstrap-20260928-1-retired.txt
[rest] POST https://cloudresourcemanager.googleapis.com/v1/projects/gunbai-secrets:getIamPolicy
◐ started Clock.Now
✓ Clock.Now done in 2ms
authority mutation not established; recovery remains owed: status 400: {
  "error": {
    "code": 400,
    "message": "Role roles/iam.denyAdmin is not supported for this resource.",
    "status": "INVALID_ARGUMENT"
  }
}
; authority cleanup outstanding: authority dependency unresolved: expired, unowned, or publication may still commit; no grant retry or renewal
