PASS a_linear_chain_runs_task_then_projects_then_the_root_pointer
PASS an_edge_edit_re_renders_the_chain_there_is_no_second_list
PASS a_projectless_node_chains_straight_from_its_task_to_the_root
PASS two_dependents_at_one_step_is_a_typed_ambiguity_not_a_first_choice
PASS an_ambiguity_carries_the_walked_prefix_the_fork_erases_nothing
PASS an_undeclared_task_row_refuses_the_chain
PASS an_undeclared_arc_row_mid_walk_refuses_rather_than_projecting_nothing
PASS production_blockers_do_not_invent_project_ownership
PASS the_base_intervals_are_magnitudinal_off_the_level_index_only
PASS the_declared_bounds_are_one_magnitude_around_the_base
PASS aligned_widens_by_the_declared_step_and_never_past_the_ceiling
PASS misaligned_shortens_by_the_declared_step_and_never_below_the_floor
PASS extremely_misaligned_drops_to_the_floor_outright
PASS catastrophically_misaligned_stops_the_line_rather_than_tuning
PASS a_routed_conflict_is_not_a_magnitude_and_tunes_nothing
PASS the_verdict_keys_name_the_five_arm_vocabulary
PASS the_clamp_is_monotone_in_the_level_for_any_demanded_turns
PASS a_verdict_step_at_adjacent_levels_preserves_the_ladder_order
PASS a_long_aligned_streak_can_never_fabricate_past_the_ceiling
PASS a_long_misaligned_streak_can_never_fabricate_past_the_floor
PASS the_cadence_state_codec_round_trips_the_per_lineage_record
PASS the_codec_carries_the_verdict_payloads_not_just_the_kinds
PASS a_document_without_the_schema_is_not_a_cadence_state
PASS a_state_whose_parallel_lists_disagree_refuses
PASS a_fabricated_non_positive_interval_refuses
PASS an_unknown_verdict_kind_refuses
PASS with_base_intervals_the_due_set_grows_by_magnitude
PASS turn_zero_is_dispatch_not_a_checkpoint_nothing_is_due
PASS the_task_level_is_due_first_in_every_due_set
PASS the_adaptive_state_replaces_the_base_interval_a_shortened_level_comes_due_sooner
PASS a_state_that_predates_a_level_starts_that_level_at_its_declared_base
PASS a_refused_chain_resolves_unresolved_naming_the_fork_by_its_dependents
PASS an_undeclared_referenced_row_resolves_unresolved_refused_by_name
PASS the_ready_resolution_carries_the_chain_the_due_levels_and_the_rendered_prompt
PASS the_rendered_prompt_carries_every_level_from_the_node_to_the_root_in_order
PASS a_projectless_chain_renders_its_own_row_as_the_intent
PASS the_chain_fingerprint_moves_when_any_link_moves
PASS production_resolution_has_no_fabricated_dependency_parents
PASS a_clean_production_chain_resolves_ready_rendering_every_derived_level
PASS the_binding_codec_round_trips_the_identity_and_fingerprint
PASS a_binding_without_the_schema_wall_refuses
PASS cyclic_nesting_refuses_instead_of_truncating_the_alignment_chain
