PASS no_prior_attempt_starts_fresh
PASS a_failed_verdict_continues_on_the_prior_branch_with_the_verdict_in_the_brief
PASS a_fully_approved_lineage_is_complete_and_spawns_nothing
PASS a_green_verification_with_changes_requested_continues_and_a_pending_review_holds
PASS the_turn_cap_escalates_and_an_unreadable_turn_still_refuses
PASS an_approved_review_with_audit_changes_continues_and_a_pending_audit_holds
PASS a_blocked_submission_continues_with_its_explanation_carried
PASS a_needs_context_submission_continues_with_its_explanation_carried
PASS a_yielded_prior_continues_with_the_yield_reason_carried
PASS a_ready_candidate_holds_for_verification_and_never_continues
PASS a_blocked_submission_at_the_cap_escalates_and_an_unreadable_turn_refuses
PASS an_unreadable_capture_refuses_with_its_reason
PASS the_alignment_ask_is_bounded_and_names_the_drift_route
PASS the_escalation_target_is_derived_never_rostered
PASS a_capped_lineage_escalates_to_the_derived_supervisor
PASS a_nominal_verdict_for_this_turn_issues_the_renewed_continuation
PASS a_nominal_verdict_for_another_turn_does_not_continue
PASS plan_defect_and_stuck_verdicts_are_terminal_typed_states
PASS an_unreadable_supervisor_verdict_refuses
PASS the_verdict_receipt_round_trips_and_the_schema_wall_holds
PASS a_running_worker_holds_and_never_spawns_fresh
PASS verification_owed_pending_active_hold_and_refused_retries_while_stopped_refuses
