✓ typecheck v2.std.compilers.target_model done in 13 seconds
✓ typecheck v2.compiler.translate done in 4 seconds
✓ typecheck gunbc.roadmap_belt_actuate done in 3 seconds
[file] read dag/gunbc/roadmap/roadmap_acceptance_event_history.jsonl
[file] read dag/gunbc/roadmap/roadmap_acceptance_event_history.jsonl
PASS witness_authority_serializes_with_structure
[file] read dag/gunbc/roadmap/roadmap_acceptance_event_history.jsonl
[file] read dag/gunbc/roadmap/roadmap_acceptance_event_history.jsonl
PASS witness_authority_page_preserves_multi_parent_dependencies
PASS witness_empty_doc_is_minimal_shell
[file] read dag/gunbc/roadmap/roadmap_acceptance_event_history.jsonl
[file] read dag/gunbc/roadmap/roadmap_acceptance_event_history.jsonl
PASS witness_authority_differs_from_empty
[file] read dag/gunbc/roadmap/roadmap_acceptance_event_history.jsonl
[file] read dag/gunbc/roadmap/roadmap_acceptance_event_history.jsonl
PASS witness_authority_shows_finish_line_progress
PASS witness_finish_line_variants_render_from_fixture
[file] read dag/gunbc/roadmap/roadmap_acceptance_event_history.jsonl
PASS witness_daily_leads_operational_not_narrative
PASS witness_bold_title_renders_strong
PASS witness_depth_cap_fails_honest
PASS witness_ready_node_doc_emits_button_and_external_script
PASS witness_dispatch_asset_reads_belt_b_status_contract
PASS witness_page_script_census_clean
PASS witness_inline_hand_script_reds
PASS witness_rogue_src_script_reds
PASS witness_signed_off_node_doc_has_no_button
PASS witness_merged_pr_is_review_evidence_not_acceptance
PASS witness_unsized_open_node_dispatch_refused_size_missing
PASS witness_supporting_facts_live_in_disclosure_not_head
PASS witness_blocked_node_dispatch_refused_dependencies_blocked
PASS witness_upcoming_node_preserves_multi_parent_dependencies
PASS witness_superseded_node_marked_no_button
[file] read dag/gunbc/roadmap/roadmap_acceptance_event_history.jsonl
[file] read dag/gunbc/roadmap/roadmap_acceptance_event_history.jsonl
PASS witness_ticket_rows_render_structured
[file] read dag/gunbc/roadmap/roadmap_acceptance_event_history.jsonl
[file] read dag/gunbc/roadmap/roadmap_acceptance_event_history.jsonl
PASS witness_style_child_combinator_unescaped
PASS witness_raw_text_close_guard_refuses
[file] read dag/gunbc/roadmap/roadmap_acceptance_event_history.jsonl
[file] read dag/gunbc/roadmap/roadmap_acceptance_event_history.jsonl
PASS witness_item_detail_disclosure_present
PASS witness_ticket_updates_block_follows_the_thread
PASS witness_disclosure_label_law_on_fixtures
[file] read dag/gunbc/roadmap/roadmap_acceptance_event_history.jsonl
[file] read dag/gunbc/roadmap/roadmap_acceptance_event_history.jsonl
PASS witness_status_chip_min_width
[file] read dag/gunbc/roadmap/roadmap_acceptance_event_history.jsonl
[file] read dag/gunbc/roadmap/roadmap_acceptance_event_history.jsonl
PASS witness_dispatch_button_carries_accent
[file] read dag/gunbc/roadmap/roadmap_acceptance_event_history.jsonl
[file] read dag/gunbc/roadmap/roadmap_acceptance_event_history.jsonl
PASS witness_page_containers_full_width
PASS witness_authority_leads_within_budget
PASS witness_overlong_lead_reds
PASS witness_parity_server_realizes_decided_regions
PASS witness_parity_wire_carries_the_server_sentence
PASS witness_parity_client_paints_verbatim_with_shared_constants
PASS witness_parity_refused_arm_labels_and_discloses
PASS witness_stale_attempt_row_renders_dimmed
PASS witness_selection_grammar_ships_in_client_asset
PASS witness_selection_has_keyboard_parity
PASS witness_observation_channels_join_one_impact_region
PASS witness_prominence_and_frame_rules_present_in_css
PASS witness_project_row_renders_progress_bar_and_tasks
PASS witness_project_disclosure_open_attribute_is_derived
PASS witness_project_depth_cap_renders_deeper_affordance
[file] read dag/gunbc/roadmap/roadmap_acceptance_event_history.jsonl
[file] read dag/gunbc/roadmap/roadmap_acceptance_event_history.jsonl
PASS witness_shell_arc_renders_as_project_with_ten_tasks
PASS witness_collapsed_chain_renders_one_row_with_chain_line
PASS witness_hero_attempt_row_is_bar_first
PASS witness_stage_live_only_while_worker_alive
PASS witness_round_strip_disclosed_and_classified
PASS witness_red_flagged_attempt_row
PASS witness_project_bar_flags_red_from_decided_field
PASS witness_client_paints_hero_face_verbatim
[file] read dag/gunbc/roadmap/roadmap_acceptance_event_history.jsonl
[file] read dag/gunbc/roadmap/roadmap_acceptance_event_history.jsonl
[file] read dag/gunbc/roadmap/roadmap_acceptance_event_history.jsonl
[file] read dag/gunbc/roadmap/roadmap_acceptance_event_history.jsonl
PASS witness_shell_project_row_heads_the_table_with_live_task
PASS witness_default_view_is_the_searchable_issue_table
PASS witness_view_switch_and_filter_contracts
PASS witness_issue_detail_page_renders_header_fields_and_tabs
PASS witness_issue_work_tab_renders_history_newest_first
PASS witness_issue_tab_switch_contracts
PASS witness_issue_table_is_summary_only_and_stale_rows_fall_back_to_scheduling_voice
PASS witness_issue_work_tab_lists_every_attempt
PASS witness_issue_tokens_resolve_in_both_themes
PASS witness_issue_table_renders_modeled_action_and_census
PASS witness_issue_table_assignee_renders_the_avatar_chip_or_placeholder
PASS witness_issue_table_header_derives_from_the_model_roster
PASS witness_issue_table_rows_share_the_header_template
PASS witness_issue_table_grid_template_comes_from_the_model
PASS witness_issue_table_cells_are_direct_grid_children
PASS witness_issue_table_long_cells_clip_within_their_tracks
PASS witness_issue_detail_renders_enabled_modeled_action_and_attempt_assignee
PASS witness_issue_detail_parent_and_blocking_render_separately
PASS witness_issue_detail_attempt_does_not_invent_a_workflow_assignee
PASS witness_issue_history_tab_renders_event_history_newest_first
[file] read dag/gunbc/roadmap/roadmap_acceptance_event_history.jsonl
PASS witness_restore_group_b_serving_renders_on_the_issue_table
PASS witness_issue_comment_stream_renders_description_avatars_numbers_times_and_deep_links
PASS witness_issue_comment_composer_posts_urlencoded_with_stable_key_and_csrf
PASS witness_issue_publication_handoff_renders_the_compact_automated_entry
PASS witness_issue_detail_pads_its_content_and_sized_the_rail
PASS witness_issue_authored_fields_fold_per_the_mandate
PASS witness_issue_current_plan_collapses_once_done
PASS witness_header_account_static_body_carries_signin_and_hidden_target
PASS witness_header_account_swap_table
PASS witness_issue_assign_form_fits_the_rail
PASS renamed_field_label_keeps_its_typed_section_and_brief_renders_once
FAIL witness_ticket_brief_budget_holds_and_reds
