✓ typecheck v2.std.compilers.target_model done in 13 seconds
✓ typecheck v2.compiler.translate done in 4 seconds
PASS witness_specimen_summary_states_consequence_and_next_obligation
PASS witness_specimen_evidence_rows_carry_raw_facts_as_evidence
PASS witness_agent_running_reads_as_working_not_completed
PASS witness_refused_segment_projects_located_reason
PASS witness_failed_segment_is_anomalous_active_work
PASS witness_ticket_headline_survives_own_punctuation
PASS witness_legacy_line_keeps_lead_residue
PASS witness_summary_is_absent_until_typed_source_exists
PASS witness_no_attempt_projects_zero_furniture
PASS witness_unobservable_preserves_located_reason
PASS witness_all_complete_ledger_is_terminal_not_active
PASS witness_admitted_dispatch_is_primary_refused_is_unavailable
PASS witness_done_and_superseded_rows_offer_no_dispatch
PASS witness_session_action_derives_from_observed_admission
PASS witness_action_view_never_fabricates_cleanup
PASS witness_session_facts_line_and_detail_are_decided
PASS witness_lifecycle_axes_discriminate
PASS witness_work_row_view_composes_from_fixture
PASS witness_scheduling_projects_typed_positions
PASS witness_bar_signal_names_blockers_for_upcoming_rows
PASS witness_daily_workspace_surfaces_active_above_ready
PASS witness_family_claim_stated_once_rows_carry_subject
PASS witness_family_membership_is_typed_not_parsed
PASS witness_active_family_member_leaves_group
PASS witness_undeclared_family_member_stays_ungrouped_row
PASS witness_lifecycle_chip_only_when_discriminating
PASS witness_workspace_impact_narrates_once
PASS witness_bounded_dump_renders_count_excerpt_and_pointer
PASS witness_short_detail_passes_the_bound_untouched
PASS witness_uniform_lane_failures_aggregate
PASS witness_mixed_lane_failures_do_not_aggregate
PASS witness_refused_review_lane_labels_and_bounds
PASS witness_stale_attempt_nodes_compares_revisions
PASS witness_project_tasks_are_prerequisites
PASS witness_project_progress_counts_accepted_or_superseded_only
PASS witness_workspace_nesting_loses_no_node_and_duplicates_none
PASS witness_projectless_active_row_renders_flat_in_active
PASS witness_shared_prerequisite_uses_only_authored_nesting
PASS witness_project_auto_open_follows_subtree_pulse
PASS witness_single_child_chain_collapses
PASS witness_multi_child_project_never_collapses
PASS witness_chain_end_tasks_count_in_top_row
PASS witness_shared_project_child_collapses_only_under_owner
PASS witness_family_member_never_nests
PASS witness_activity_line_classification_is_typed
PASS witness_refused_and_completed_arms_carry_the_roster
PASS witness_project_red_flag_derives_from_decided_states
PASS witness_wire_carries_decided_summary_class
PASS witness_bar_content_per_situation_class
PASS witness_bar_never_fills_from_time_or_termination
PASS witness_non_primary_child_is_a_link_not_a_member
PASS witness_issue_table_flattens_every_rendered_row_once
PASS witness_issue_table_carries_collapsed_chain_members_flat
PASS witness_issue_link_panel_blocks_children_and_unmet_parents
PASS witness_issue_work_history_is_newest_first
PASS witness_issue_explanation_present_tense_cases
PASS witness_pending_stage_names_what_it_waits_on
