✓ typecheck v2.std.compilers.target_model done in 11 seconds
✓ typecheck v2.compiler.translate done in 3 seconds
PASS the_submission_codec_round_trips
PASS the_capture_codec_round_trips_the_scm_binding
PASS a_v2_capture_record_decodes_as_the_legacy_unbound_arm
PASS a_v3_capture_record_without_the_locator_is_not_decodable
PASS a_document_without_the_schema_is_not_a_submission
PASS readiness_keys_are_three_and_round_trip
PASS a_declaration_byte_identical_to_a_captured_one_is_a_checkpoint_naming_the_bound_head
PASS a_revised_declaration_after_an_edit_is_a_fresh_candidate
PASS a_running_worker_has_no_handoff_state
PASS terminal_without_a_capture_is_yielded_not_ready
PASS a_later_head_inherits_no_prior_heads_evidence
PASS a_capture_awaiting_verification_is_submitted
PASS a_passed_candidate_is_publication_owed_with_no_discretionary_ask
PASS a_publication_refusal_is_blocked_on_publication_naming_the_cause
PASS an_observed_pr_receipt_discharges_the_obligation
PASS a_blocked_declaration_binds_but_does_not_advance
PASS an_already_bound_publication_is_answered_as_observed_never_re_actuated
PASS the_inventory_parse_splits_nul_rows_and_drops_the_trailer
PASS two_candidates_fan_in_to_one_integration_head_carrying_both
PASS a_conflicting_pair_yields_the_typed_conflict_and_mints_no_head
PASS a_verified_candidate_awaits_integration_before_publication_is_owed
PASS an_integration_conflict_is_blocked_on_integration_naming_the_population
PASS an_integrated_candidate_is_publication_owed
PASS the_integration_receipt_codec_round_trips_both_states
PASS an_authored_member_is_keyed_by_its_project
PASS a_node_with_no_dependent_arc_is_a_project_of_one_keyed_by_itself
PASS two_arcs_over_one_node_is_a_typed_ambiguity_not_a_default
PASS project_children_follow_authored_membership_order
PASS re_integrating_a_consumed_candidate_is_a_typed_noop_not_a_second_merge
PASS an_honest_capture_binding_integrates
PASS an_altered_locator_refuses_with_both_sides_named
PASS a_changed_commit_under_an_old_locator_refuses_with_both_sides_named
PASS a_legacy_capture_refuses_as_binding_unverifiable
PASS a_capture_for_a_commit_the_envelope_lacks_passes_through_to_the_integrate
