PASS w_stock_sidebar_roster_is_verbatim
PASS w_interface_version_cites_capture_date
PASS w_status_vocabulary_wire_labels_are_ui_spellings
PASS w_priority_and_severity_wire_labels_are_ui_spellings
PASS w_open_status_class_is_the_new_assigned_accepted_arms
PASS w_assigned_to_me_derives_the_exact_subset
PASS w_starred_by_me_derives_the_exact_subset
PASS w_upvoted_by_me_derives_the_exact_subset
PASS w_ccd_to_me_derives_the_exact_subset
PASS w_collaborating_derives_the_exact_subset
PASS w_reported_by_me_derives_the_exact_subset
PASS w_to_be_verified_derives_the_exact_subset
PASS w_views_take_the_user_as_a_parameter_not_a_hardcode
PASS w_cc_facts_mirror_issue_cc_field
PASS w_owner_assignee_open_query_matches_exactly_the_open_assigned_subset
PASS w_query_standing_status_term_matches_that_status_alone
PASS w_query_text_term_matches_title
PASS w_query_text_term_matches_comment_bodies
PASS w_query_text_term_with_no_match_derives_nothing
PASS w_star_subscription_change_moves_issue_between_views
PASS w_red_unstarred_issue_never_appears_in_starred_by_me
PASS w_red_duplicate_issue_appears_in_no_stock_view
PASS w_blocking_edges_are_symmetric_in_the_fixture
PASS w_issue_action_wire_labels
PASS w_issue_button_idiom_wires
PASS w_issue_action_availability_wires
PASS w_issue_action_start_work_wire
PASS w_assignee_results_display_is_plain_text_with_verified_placeholder
PASS w_issue_results_roster_is_the_capture_amended_by_the_title_link_ruling
PASS w_issue_results_row_tracks_derive_from_the_roster
PASS w_issue_results_tracks_take_no_population_and_never_re_measures
PASS w_title_is_the_primary_column_with_the_dominant_share
PASS w_avatar_resolution_chain_order_and_the_never_blocks_law
PASS w_assignee_selector_shape_validation
