[workspace-root] discovered /home/briansrls/scratch-wt/gcp-iam-bootstrap
✓ typecheck v2.std.compilers.target_model done in 23 seconds
✓ typecheck v2.compiler.target_serialize done in 2 seconds
✓ typecheck v2.compiler.translate done in 3 seconds
[file] read <private-temporary-token-file>
[file] write_create_new target/gcp-iam-bootstrap-20260929-pool-initialization-1-started.txt (54 bytes)
[rest] GET https://iam.googleapis.com/v1/projects/gunbai-secrets/locations/global/workloadIdentityPools/github-gcp-iam-converge
[rest] GET https://iam.googleapis.com/v1/projects/gunbai-secrets/locations/global/workloadIdentityPools/github-gcp-iam-converge/providers
[rest] GET https://iam.googleapis.com/v1/projects/gunbai-secrets/serviceAccounts/iam-observe@gunbai-secrets.iam.gserviceaccount.com
[rest] GET https://iam.googleapis.com/v1/projects/gunbai-secrets/locations/global/workloadIdentityPools/github-gcp-iam-converge
[rest] GET https://iam.googleapis.com/v1/projects/gunbai-secrets/locations/global/workloadIdentityPools/github-gcp-iam-converge/providers
[rest] GET https://iam.googleapis.com/v1/projects/gunbai-secrets/serviceAccounts/iam-observe@gunbai-secrets.iam.gserviceaccount.com
[rest] GET https://iam.googleapis.com/v1/projects/gunbai-secrets/locations/global/workloadIdentityPools/github-gcp-iam-converge
[rest] GET https://iam.googleapis.com/v1/projects/gunbai-secrets/locations/global/workloadIdentityPools/github-gcp-iam-converge/providers
[rest] GET https://iam.googleapis.com/v1/projects/gunbai-secrets/serviceAccounts/iam-converge@gunbai-secrets.iam.gserviceaccount.com
[rest] GET https://iam.googleapis.com/v1/projects/gunbai-secrets/locations/global/workloadIdentityPools/github-gcp-iam-converge
[rest] GET https://iam.googleapis.com/v1/projects/gunbai-secrets/locations/global/workloadIdentityPools/github-gcp-iam-converge/providers
[rest] GET https://iam.googleapis.com/v1/projects/gunbai-secrets/serviceAccounts/iam-converge@gunbai-secrets.iam.gserviceaccount.com
[rest] GET https://iam.googleapis.com/v1/projects/gunbai-secrets/locations/global/workloadIdentityPools/github-heal-publisher
[rest] GET https://iam.googleapis.com/v1/projects/gunbai-secrets/locations/global/workloadIdentityPools/github-heal-publisher/providers
[rest] GET https://iam.googleapis.com/v1/projects/gunbai-secrets/serviceAccounts/heal-publisher@gunbai-secrets.iam.gserviceaccount.com
[rest] GET https://iam.googleapis.com/v1/projects/gunbai-secrets/locations/global/workloadIdentityPools/github-heal-publisher
[rest] GET https://iam.googleapis.com/v1/projects/gunbai-secrets/locations/global/workloadIdentityPools/github-heal-publisher/providers
[rest] GET https://iam.googleapis.com/v1/projects/gunbai-secrets/serviceAccounts/heal-publisher@gunbai-secrets.iam.gserviceaccount.com
[rest] GET https://iam.googleapis.com/v1/projects/gunbai-secrets/locations/global/workloadIdentityPools/github-heal-publisher-private
[rest] GET https://iam.googleapis.com/v1/projects/gunbai-secrets/locations/global/workloadIdentityPools/github-heal-publisher-private/providers
[rest] GET https://iam.googleapis.com/v1/projects/gunbai-secrets/serviceAccounts/heal-publisher-private@gunbai-secrets.iam.gserviceaccount.com
[rest] GET https://iam.googleapis.com/v1/projects/gunbai-secrets/locations/global/workloadIdentityPools/github-heal-publisher-private
[rest] GET https://iam.googleapis.com/v1/projects/gunbai-secrets/locations/global/workloadIdentityPools/github-heal-publisher-private/providers
[rest] GET https://iam.googleapis.com/v1/projects/gunbai-secrets/serviceAccounts/heal-publisher-private@gunbai-secrets.iam.gserviceaccount.com
[rest] GET https://iam.googleapis.com/v1/projects/gunbai-secrets/locations/global/workloadIdentityPools/github-mtcollins1-boot
[rest] GET https://iam.googleapis.com/v1/projects/gunbai-secrets/locations/global/workloadIdentityPools/github-mtcollins1-boot/providers
[rest] GET https://iam.googleapis.com/v1/projects/gunbai-secrets/serviceAccounts/mtcollins1-boot@gunbai-secrets.iam.gserviceaccount.com
[rest] GET https://iam.googleapis.com/v1/projects/gunbai-secrets/locations/global/workloadIdentityPools/github-mtcollins1-boot
[rest] GET https://iam.googleapis.com/v1/projects/gunbai-secrets/locations/global/workloadIdentityPools/github-mtcollins1-boot/providers
[rest] GET https://iam.googleapis.com/v1/projects/gunbai-secrets/serviceAccounts/mtcollins1-boot@gunbai-secrets.iam.gserviceaccount.com
[rest] GET https://iam.googleapis.com/v1/projects/gunbai-secrets/locations/global/workloadIdentityPools/github-namecheap-dns
[rest] GET https://iam.googleapis.com/v1/projects/gunbai-secrets/locations/global/workloadIdentityPools/github-namecheap-dns/providers
[rest] GET https://iam.googleapis.com/v1/projects/gunbai-secrets/serviceAccounts/namecheap-dns@gunbai-secrets.iam.gserviceaccount.com
[rest] GET https://iam.googleapis.com/v1/projects/gunbai-secrets/locations/global/workloadIdentityPools/github-namecheap-dns
[rest] GET https://iam.googleapis.com/v1/projects/gunbai-secrets/locations/global/workloadIdentityPools/github-namecheap-dns/providers
[rest] GET https://iam.googleapis.com/v1/projects/gunbai-secrets/serviceAccounts/namecheap-dns@gunbai-secrets.iam.gserviceaccount.com
[file] write_create_new target/gcp-iam-bootstrap-20260929-pool-initialization-1-identities.txt (78 bytes)
[rest] GET https://iam.googleapis.com/v1/projects/gunbai-secrets/roles/gunbcIamConvergeCreate
[rest] GET https://iam.googleapis.com/v1/projects/gunbai-secrets/roles/gunbcIamConvergeProvider
[rest] GET https://iam.googleapis.com/v1/projects/gunbai-secrets/roles/gunbcIamConvergeAccountPolicy
[rest] GET https://iam.googleapis.com/v1/projects/gunbai-secrets/roles/gunbcIamConvergeSecretPolicy
[rest] GET https://iam.googleapis.com/v1/projects/gunbai-secrets/roles/gunbcIamObservePool
[rest] GET https://iam.googleapis.com/v1/projects/gunbai-secrets/roles/gunbcIamObserveAccount
[rest] GET https://iam.googleapis.com/v1/projects/gunbai-secrets/roles/gunbcIamObserveSecret
[file] write_create_new target/gcp-iam-bootstrap-20260929-pool-initialization-1-roles.txt (78 bytes)
[rest] GET https://iam.googleapis.com/v2/policies/cloudresourcemanager.googleapis.com%2Fprojects%2F582015116396/denypolicies/gunbc-iam-converge-boundary
[file] write_create_new target/gcp-iam-bootstrap-20260929-pool-initialization-1-deny.txt (78 bytes)
[file] list target
[file] read target/gcp-iam-authority-deny-bootstrap-org-20260928-1-intent.txt
[file] list target
[file] read target/gcp-iam-authority-deny-bootstrap-org-20260928-1-publication-elected.txt
[file] list target
[file] read target/gcp-iam-authority-deny-bootstrap-org-20260928-1-publication-closed.txt
[file] list target
[file] read target/gcp-iam-authority-deny-bootstrap-org-20260928-1-retired.txt
[rest] POST https://cloudresourcemanager.googleapis.com/v3/organizations/266638272282:getIamPolicy
◐ started Clock.Now
✓ Clock.Now done in 2ms
[file] write_create_new target/gcp-iam-authority-deny-bootstrap-org-20260928-1-retired.txt (397 bytes)
[file] list target
[file] read target/gcp-iam-authority-deny-bootstrap-org-20260928-1-retired.txt
[file] write_create_new target/gcp-iam-bootstrap-20260929-pool-initialization-1-authority-cleanup.txt (78 bytes)
[rest] POST https://cloudresourcemanager.googleapis.com/v1/projects/gunbai-secrets:getIamPolicy
[file] list target
[file] read target/gcp-iam-pool-initialization-github-heal-publisher-elected.txt
[file] list target
[file] read target/gcp-iam-pool-initialization-github-heal-publisher-closed.txt
[rest] POST https://iam.googleapis.com/v1/projects/gunbai-secrets/locations/global/workloadIdentityPools/github-heal-publisher:getIamPolicy
[rest] GET https://openidconnect.googleapis.com/v1/userinfo
[file] write_create_new target/gcp-iam-pool-initialization-github-heal-publisher-elected.txt (438 bytes)
[rest] POST https://iam.googleapis.com/v1/projects/gunbai-secrets/locations/global/workloadIdentityPools/github-heal-publisher:setIamPolicy
[rest] POST https://iam.googleapis.com/v1/projects/gunbai-secrets/locations/global/workloadIdentityPools/github-heal-publisher:getIamPolicy
[file] write_create_new target/gcp-iam-pool-initialization-github-heal-publisher-closed.txt (438 bytes)
[rest] POST https://iam.googleapis.com/v1/projects/gunbai-secrets/locations/global/workloadIdentityPools/github-heal-publisher:getIamPolicy
[rest] POST https://iam.googleapis.com/v1/projects/gunbai-secrets/serviceAccounts/heal-publisher@gunbai-secrets.iam.gserviceaccount.com:getIamPolicy
[rest] POST https://iam.googleapis.com/v1/projects/gunbai-secrets/serviceAccounts/heal-publisher@gunbai-secrets.iam.gserviceaccount.com:setIamPolicy
[rest] POST https://iam.googleapis.com/v1/projects/gunbai-secrets/serviceAccounts/heal-publisher@gunbai-secrets.iam.gserviceaccount.com:getIamPolicy
[rest] GET https://secretmanager.googleapis.com/v1/projects/gunbai-secrets/secrets/agent-github-app-private-key:getIamPolicy
[rest] POST https://secretmanager.googleapis.com/v1/projects/gunbai-secrets/secrets/agent-github-app-private-key:setIamPolicy
[rest] GET https://secretmanager.googleapis.com/v1/projects/gunbai-secrets/secrets/agent-github-app-private-key:getIamPolicy
[file] list target
[file] read target/gcp-iam-pool-initialization-github-heal-publisher-private-elected.txt
[file] list target
[file] read target/gcp-iam-pool-initialization-github-heal-publisher-private-closed.txt
[rest] POST https://iam.googleapis.com/v1/projects/gunbai-secrets/locations/global/workloadIdentityPools/github-heal-publisher-private:getIamPolicy
[rest] POST https://iam.googleapis.com/v1/projects/gunbai-secrets/locations/global/workloadIdentityPools/github-heal-publisher-private:getIamPolicy
[rest] POST https://iam.googleapis.com/v1/projects/gunbai-secrets/locations/global/workloadIdentityPools/github-heal-publisher-private:setIamPolicy
[rest] POST https://iam.googleapis.com/v1/projects/gunbai-secrets/locations/global/workloadIdentityPools/github-heal-publisher-private:getIamPolicy
[rest] POST https://iam.googleapis.com/v1/projects/gunbai-secrets/serviceAccounts/heal-publisher-private@gunbai-secrets.iam.gserviceaccount.com:getIamPolicy
[rest] POST https://iam.googleapis.com/v1/projects/gunbai-secrets/serviceAccounts/heal-publisher-private@gunbai-secrets.iam.gserviceaccount.com:setIamPolicy
[rest] POST https://iam.googleapis.com/v1/projects/gunbai-secrets/serviceAccounts/heal-publisher-private@gunbai-secrets.iam.gserviceaccount.com:getIamPolicy
[file] list target
[file] read target/gcp-iam-pool-initialization-github-mtcollins1-boot-elected.txt
[file] list target
[file] read target/gcp-iam-pool-initialization-github-mtcollins1-boot-closed.txt
[rest] POST https://iam.googleapis.com/v1/projects/gunbai-secrets/locations/global/workloadIdentityPools/github-mtcollins1-boot:getIamPolicy
[rest] GET https://openidconnect.googleapis.com/v1/userinfo
[file] write_create_new target/gcp-iam-pool-initialization-github-mtcollins1-boot-elected.txt (439 bytes)
[rest] POST https://iam.googleapis.com/v1/projects/gunbai-secrets/locations/global/workloadIdentityPools/github-mtcollins1-boot:setIamPolicy
[rest] POST https://iam.googleapis.com/v1/projects/gunbai-secrets/locations/global/workloadIdentityPools/github-mtcollins1-boot:getIamPolicy
[file] write_create_new target/gcp-iam-pool-initialization-github-mtcollins1-boot-closed.txt (439 bytes)
[rest] POST https://iam.googleapis.com/v1/projects/gunbai-secrets/locations/global/workloadIdentityPools/github-mtcollins1-boot:getIamPolicy
[rest] POST https://iam.googleapis.com/v1/projects/gunbai-secrets/serviceAccounts/mtcollins1-boot@gunbai-secrets.iam.gserviceaccount.com:getIamPolicy
[rest] POST https://iam.googleapis.com/v1/projects/gunbai-secrets/serviceAccounts/mtcollins1-boot@gunbai-secrets.iam.gserviceaccount.com:setIamPolicy
[rest] POST https://iam.googleapis.com/v1/projects/gunbai-secrets/serviceAccounts/mtcollins1-boot@gunbai-secrets.iam.gserviceaccount.com:getIamPolicy
[rest] GET https://secretmanager.googleapis.com/v1/projects/gunbai-secrets/secrets/bmc-mtcollins1-gunbc:getIamPolicy
[rest] POST https://secretmanager.googleapis.com/v1/projects/gunbai-secrets/secrets/bmc-mtcollins1-gunbc:setIamPolicy
[rest] GET https://secretmanager.googleapis.com/v1/projects/gunbai-secrets/secrets/bmc-mtcollins1-gunbc:getIamPolicy
[rest] GET https://secretmanager.googleapis.com/v1/projects/gunbai-secrets/secrets/fleet-automation-ssh-key:getIamPolicy
[rest] POST https://secretmanager.googleapis.com/v1/projects/gunbai-secrets/secrets/fleet-automation-ssh-key:setIamPolicy
[rest] GET https://secretmanager.googleapis.com/v1/projects/gunbai-secrets/secrets/fleet-automation-ssh-key:getIamPolicy
[file] list target
[file] read target/gcp-iam-pool-initialization-github-namecheap-dns-elected.txt
[file] list target
[file] read target/gcp-iam-pool-initialization-github-namecheap-dns-closed.txt
[rest] POST https://iam.googleapis.com/v1/projects/gunbai-secrets/locations/global/workloadIdentityPools/github-namecheap-dns:getIamPolicy
[rest] GET https://openidconnect.googleapis.com/v1/userinfo
[file] write_create_new target/gcp-iam-pool-initialization-github-namecheap-dns-elected.txt (437 bytes)
[rest] POST https://iam.googleapis.com/v1/projects/gunbai-secrets/locations/global/workloadIdentityPools/github-namecheap-dns:setIamPolicy
[rest] POST https://iam.googleapis.com/v1/projects/gunbai-secrets/locations/global/workloadIdentityPools/github-namecheap-dns:getIamPolicy
[file] write_create_new target/gcp-iam-pool-initialization-github-namecheap-dns-closed.txt (437 bytes)
[rest] POST https://iam.googleapis.com/v1/projects/gunbai-secrets/locations/global/workloadIdentityPools/github-namecheap-dns:getIamPolicy
[rest] POST https://iam.googleapis.com/v1/projects/gunbai-secrets/serviceAccounts/namecheap-dns@gunbai-secrets.iam.gserviceaccount.com:getIamPolicy
[rest] POST https://iam.googleapis.com/v1/projects/gunbai-secrets/serviceAccounts/namecheap-dns@gunbai-secrets.iam.gserviceaccount.com:setIamPolicy
[rest] POST https://iam.googleapis.com/v1/projects/gunbai-secrets/serviceAccounts/namecheap-dns@gunbai-secrets.iam.gserviceaccount.com:getIamPolicy
[rest] GET https://secretmanager.googleapis.com/v1/projects/gunbai-secrets/secrets/namecheap-api-key:getIamPolicy
[rest] POST https://secretmanager.googleapis.com/v1/projects/gunbai-secrets/secrets/namecheap-api-key:setIamPolicy
[rest] GET https://secretmanager.googleapis.com/v1/projects/gunbai-secrets/secrets/namecheap-api-key:getIamPolicy
[file] list target
[file] read target/gcp-iam-pool-initialization-github-heal-publisher-elected.txt
[file] list target
[file] read target/gcp-iam-pool-initialization-github-heal-publisher-closed.txt
[rest] POST https://iam.googleapis.com/v1/projects/gunbai-secrets/locations/global/workloadIdentityPools/github-heal-publisher:getIamPolicy
[rest] POST https://iam.googleapis.com/v1/projects/gunbai-secrets/locations/global/workloadIdentityPools/github-heal-publisher:getIamPolicy
[rest] POST https://iam.googleapis.com/v1/projects/gunbai-secrets/serviceAccounts/heal-publisher@gunbai-secrets.iam.gserviceaccount.com:getIamPolicy
[rest] POST https://iam.googleapis.com/v1/projects/gunbai-secrets/serviceAccounts/heal-publisher@gunbai-secrets.iam.gserviceaccount.com:setIamPolicy
[rest] POST https://iam.googleapis.com/v1/projects/gunbai-secrets/serviceAccounts/heal-publisher@gunbai-secrets.iam.gserviceaccount.com:getIamPolicy
[rest] GET https://secretmanager.googleapis.com/v1/projects/gunbai-secrets/secrets/agent-github-app-private-key:getIamPolicy
[rest] POST https://secretmanager.googleapis.com/v1/projects/gunbai-secrets/secrets/agent-github-app-private-key:setIamPolicy
[rest] GET https://secretmanager.googleapis.com/v1/projects/gunbai-secrets/secrets/agent-github-app-private-key:getIamPolicy
[file] list target
[file] read target/gcp-iam-pool-initialization-github-heal-publisher-private-elected.txt
[file] list target
[file] read target/gcp-iam-pool-initialization-github-heal-publisher-private-closed.txt
[rest] POST https://iam.googleapis.com/v1/projects/gunbai-secrets/locations/global/workloadIdentityPools/github-heal-publisher-private:getIamPolicy
[rest] POST https://iam.googleapis.com/v1/projects/gunbai-secrets/locations/global/workloadIdentityPools/github-heal-publisher-private:getIamPolicy
[rest] POST https://iam.googleapis.com/v1/projects/gunbai-secrets/locations/global/workloadIdentityPools/github-heal-publisher-private:setIamPolicy
[rest] POST https://iam.googleapis.com/v1/projects/gunbai-secrets/locations/global/workloadIdentityPools/github-heal-publisher-private:getIamPolicy
[rest] POST https://iam.googleapis.com/v1/projects/gunbai-secrets/serviceAccounts/heal-publisher-private@gunbai-secrets.iam.gserviceaccount.com:getIamPolicy
[rest] POST https://iam.googleapis.com/v1/projects/gunbai-secrets/serviceAccounts/heal-publisher-private@gunbai-secrets.iam.gserviceaccount.com:setIamPolicy
[rest] POST https://iam.googleapis.com/v1/projects/gunbai-secrets/serviceAccounts/heal-publisher-private@gunbai-secrets.iam.gserviceaccount.com:getIamPolicy
[file] list target
[file] read target/gcp-iam-pool-initialization-github-mtcollins1-boot-elected.txt
[file] list target
[file] read target/gcp-iam-pool-initialization-github-mtcollins1-boot-closed.txt
[rest] POST https://iam.googleapis.com/v1/projects/gunbai-secrets/locations/global/workloadIdentityPools/github-mtcollins1-boot:getIamPolicy
[rest] POST https://iam.googleapis.com/v1/projects/gunbai-secrets/locations/global/workloadIdentityPools/github-mtcollins1-boot:getIamPolicy
[rest] POST https://iam.googleapis.com/v1/projects/gunbai-secrets/serviceAccounts/mtcollins1-boot@gunbai-secrets.iam.gserviceaccount.com:getIamPolicy
[rest] POST https://iam.googleapis.com/v1/projects/gunbai-secrets/serviceAccounts/mtcollins1-boot@gunbai-secrets.iam.gserviceaccount.com:setIamPolicy
[rest] POST https://iam.googleapis.com/v1/projects/gunbai-secrets/serviceAccounts/mtcollins1-boot@gunbai-secrets.iam.gserviceaccount.com:getIamPolicy
[rest] GET https://secretmanager.googleapis.com/v1/projects/gunbai-secrets/secrets/bmc-mtcollins1-gunbc:getIamPolicy
[rest] POST https://secretmanager.googleapis.com/v1/projects/gunbai-secrets/secrets/bmc-mtcollins1-gunbc:setIamPolicy
[rest] GET https://secretmanager.googleapis.com/v1/projects/gunbai-secrets/secrets/bmc-mtcollins1-gunbc:getIamPolicy
[rest] GET https://secretmanager.googleapis.com/v1/projects/gunbai-secrets/secrets/fleet-automation-ssh-key:getIamPolicy
[rest] POST https://secretmanager.googleapis.com/v1/projects/gunbai-secrets/secrets/fleet-automation-ssh-key:setIamPolicy
[rest] GET https://secretmanager.googleapis.com/v1/projects/gunbai-secrets/secrets/fleet-automation-ssh-key:getIamPolicy
[file] list target
[file] read target/gcp-iam-pool-initialization-github-namecheap-dns-elected.txt
[file] list target
[file] read target/gcp-iam-pool-initialization-github-namecheap-dns-closed.txt
[rest] POST https://iam.googleapis.com/v1/projects/gunbai-secrets/locations/global/workloadIdentityPools/github-namecheap-dns:getIamPolicy
[rest] POST https://iam.googleapis.com/v1/projects/gunbai-secrets/locations/global/workloadIdentityPools/github-namecheap-dns:getIamPolicy
[rest] POST https://iam.googleapis.com/v1/projects/gunbai-secrets/serviceAccounts/namecheap-dns@gunbai-secrets.iam.gserviceaccount.com:getIamPolicy
[rest] POST https://iam.googleapis.com/v1/projects/gunbai-secrets/serviceAccounts/namecheap-dns@gunbai-secrets.iam.gserviceaccount.com:setIamPolicy
[rest] POST https://iam.googleapis.com/v1/projects/gunbai-secrets/serviceAccounts/namecheap-dns@gunbai-secrets.iam.gserviceaccount.com:getIamPolicy
[rest] GET https://secretmanager.googleapis.com/v1/projects/gunbai-secrets/secrets/namecheap-api-key:getIamPolicy
[rest] POST https://secretmanager.googleapis.com/v1/projects/gunbai-secrets/secrets/namecheap-api-key:setIamPolicy
[rest] GET https://secretmanager.googleapis.com/v1/projects/gunbai-secrets/secrets/namecheap-api-key:getIamPolicy
[file] list target
[file] read target/gcp-iam-pool-initialization-github-gcp-iam-converge-elected.txt
[file] list target
[file] read target/gcp-iam-pool-initialization-github-gcp-iam-converge-closed.txt
[rest] POST https://iam.googleapis.com/v1/projects/gunbai-secrets/locations/global/workloadIdentityPools/github-gcp-iam-converge:getIamPolicy
[rest] GET https://openidconnect.googleapis.com/v1/userinfo
[file] write_create_new target/gcp-iam-pool-initialization-github-gcp-iam-converge-elected.txt (282 bytes)
[rest] POST https://iam.googleapis.com/v1/projects/gunbai-secrets/locations/global/workloadIdentityPools/github-gcp-iam-converge:setIamPolicy
[rest] POST https://iam.googleapis.com/v1/projects/gunbai-secrets/locations/global/workloadIdentityPools/github-gcp-iam-converge:getIamPolicy
[file] write_create_new target/gcp-iam-pool-initialization-github-gcp-iam-converge-closed.txt (282 bytes)
[rest] POST https://iam.googleapis.com/v1/projects/gunbai-secrets/locations/global/workloadIdentityPools/github-gcp-iam-converge:getIamPolicy
[rest] POST https://iam.googleapis.com/v1/projects/gunbai-secrets/serviceAccounts/iam-observe@gunbai-secrets.iam.gserviceaccount.com:getIamPolicy
[rest] POST https://iam.googleapis.com/v1/projects/gunbai-secrets/serviceAccounts/iam-observe@gunbai-secrets.iam.gserviceaccount.com:setIamPolicy
[rest] POST https://iam.googleapis.com/v1/projects/gunbai-secrets/serviceAccounts/iam-observe@gunbai-secrets.iam.gserviceaccount.com:getIamPolicy
[rest] GET https://secretmanager.googleapis.com/v1/projects/gunbai-secrets/secrets/approval-submission-mac-key:getIamPolicy
[rest] POST https://secretmanager.googleapis.com/v1/projects/gunbai-secrets/secrets/approval-submission-mac-key:setIamPolicy
[rest] GET https://secretmanager.googleapis.com/v1/projects/gunbai-secrets/secrets/approval-submission-mac-key:getIamPolicy
[rest] POST https://iam.googleapis.com/v1/projects/gunbai-secrets/serviceAccounts/iam-converge@gunbai-secrets.iam.gserviceaccount.com:getIamPolicy
[rest] POST https://iam.googleapis.com/v1/projects/gunbai-secrets/serviceAccounts/iam-converge@gunbai-secrets.iam.gserviceaccount.com:setIamPolicy
[rest] POST https://iam.googleapis.com/v1/projects/gunbai-secrets/serviceAccounts/iam-converge@gunbai-secrets.iam.gserviceaccount.com:getIamPolicy
[rest] GET https://secretmanager.googleapis.com/v1/projects/gunbai-secrets/secrets/approval-submission-mac-key:getIamPolicy
[rest] POST https://secretmanager.googleapis.com/v1/projects/gunbai-secrets/secrets/approval-submission-mac-key:setIamPolicy
[rest] GET https://secretmanager.googleapis.com/v1/projects/gunbai-secrets/secrets/approval-submission-mac-key:getIamPolicy
[file] write_create_new target/gcp-iam-bootstrap-20260929-pool-initialization-1-capabilities.txt (78 bytes)
[rest] POST https://iamcredentials.googleapis.com/v1/projects/-/serviceAccounts/iam-converge@gunbai-secrets.iam.gserviceaccount.com:generateAccessToken
[file] write_create_new target/gcp-iam-bootstrap-20260929-pool-initialization-1-privilege-readback.txt (1028 bytes)
[file] list target
[file] read target/gcp-iam-authority-deny-bootstrap-org-20260928-1-intent.txt
[file] list target
[file] read target/gcp-iam-authority-deny-bootstrap-org-20260928-1-publication-elected.txt
[file] list target
[file] read target/gcp-iam-authority-deny-bootstrap-org-20260928-1-publication-closed.txt
[file] list target
[file] read target/gcp-iam-authority-deny-bootstrap-org-20260928-1-retired.txt
[rest] POST https://cloudresourcemanager.googleapis.com/v3/organizations/266638272282:getIamPolicy
◐ started Clock.Now
✓ Clock.Now done in 2ms
[file] write_create_new target/gcp-iam-authority-deny-bootstrap-org-20260928-1-retired.txt (397 bytes)
[file] list target
[file] read target/gcp-iam-authority-deny-bootstrap-org-20260928-1-retired.txt
apply-account readback credential unavailable; workflow trust withheld: status 403: {
  "error": {
    "code": 403,
    "message": "Permission 'iam.serviceAccounts.getAccessToken' denied on resource (or it may not exist). Remediate access with this Troubleshooter URL or share it with your administrator - https://console.cloud.google.com/iam-admin/troubleshooter/summary;errorId=CiQwMWEwZWE5My04Mzg0LTcwNzItYmI4OC04MjJiYWNlNzVkMGISAA%3D%3D .",
    "status": "PERMISSION_DENIED",
    "details": [
      {
        "@type": "type.googleapis.com/google.rpc.ErrorInfo",
        "reason": "IAM_PERMISSION_DENIED",
        "domain": "iam.googleapis.com",
        "metadata": {
          "error_info_id": "CiQwMWEwZWE5My04Mzg0LTcwNzItYmI4OC04MjJiYWNlNzVkMGISAA==",
          "permission": "iam.serviceAccounts.getAccessToken",
          "troubleshooter_url": "https://console.cloud.google.com/iam-admin/troubleshooter/summary;errorId=CiQwMWEwZWE5My04Mzg0LTcwNzItYmI4OC04MjJiYWNlNzVkMGISAA%3D%3D"
        }
      }
    ]
  }
}

