[workspace-root] discovered /home/briansrls/scratch-wt/allocation-vertical-resume
✓ typecheck v2.std.compilers.target_model done in 23 seconds
PASS a_paid_through_rented_hour_beats_our_own_metal
PASS an_expiring_commitment_buys_the_next_unit_and_stops_winning
PASS an_explicit_zero_quote_is_not_a_zero_running_cost
PASS an_alternative_use_displaced_prices_a_paid_through_hour_above_zero
PASS an_unread_alternative_use_refuses_rather_than_pricing_at_zero
PASS an_unobserved_availability_refuses_on_the_availability_axis
PASS an_interval_shorter_than_the_grant_refuses_before_any_price_is_compared
PASS nothing_admissible_returns_every_typed_cause_and_selects_nothing
PASS dispatch_inputs_naming_another_offer_refuse_to_bind
PASS w_a_permit_for_another_offer_does_not_bind
PASS w_a_permit_for_a_sibling_region_does_not_bind
PASS w_a_permit_for_another_work_does_not_bind
PASS w_a_permit_for_another_demand_does_not_bind
PASS w_the_same_offer_and_inputs_bind_on_their_own_route_and_offer
PASS valued_delay_enters_the_ranking_and_not_the_reservation
PASS seven_minutes_left_and_an_untimed_job_prices_the_spill_hour
PASS an_untimed_job_prices_the_same_against_seven_minutes_and_fifty_five
PASS a_bounded_job_that_fits_the_remainder_is_covered_and_free
PASS a_bounded_job_that_exceeds_the_remainder_is_billed_beyond_it
PASS spill_costs_nothing_on_continuous_capacity_without_a_special_case
PASS untimed_work_does_not_belong_on_a_seven_minute_remainder
PASS a_finite_window_refuses_an_unbounded_job_rather_than_comparing
PASS a_finite_window_still_admits_a_bounded_job_that_fits_it
PASS w_the_zero_priced_offer_wins_when_it_is_admitted
PASS w_the_cheapest_offer_cannot_win_unadmitted
PASS w_a_zero_cost_unadmitted_offer_selects_nothing
PASS w_an_unadmitted_offer_is_indistinguishable_from_no_offer
PASS the_twin_offers_actually_tie
PASS stable_roster_order_returns_the_first_offer_handed_to_it
PASS the_rendezvous_is_invariant_under_roster_order
PASS one_demand_retries_onto_the_same_offer
PASS sequential_demands_do_not_all_take_the_roster_first_offer
PASS a_cheaper_offer_still_wins_under_the_rendezvous
PASS the_rendezvous_never_rescues_a_refused_offer
PASS the_digest_keys_on_the_exact_offer_identity
PASS an_unresolvable_tie_refuses_instead_of_taking_the_first
PASS a_collision_survives_a_later_candidate
PASS the_outcome_carries_the_policy_that_decided_it
PASS a_cheaper_candidate_after_a_collision_still_wins_in_either_order
PASS a_collision_refuses_in_every_roster_order
PASS the_cross_principal_fixture_actually_produces_two_candidates
PASS the_refusal_names_the_projection_ambiguity_rather_than_a_bare_digest
PASS a_repeated_offer_is_classified_as_a_duplicate_identity
PASS one_key_under_two_principals_refuses_rather_than_merging
PASS the_roster_arm_still_answers_for_one_key_under_two_principals
PASS resource_budget_preserves_unknown_costs_without_economic_ranking
PASS resource_budget_still_requires_observed_availability
FAIL resource_budget_cannot_authorize_another_demand
