[workspace-root] discovered /home/briansrls/scratch-wt/workspace-commissioning-production
✓ typecheck v2.std.compilers.target_model done in 24 seconds
✓ typecheck v2.compiler.target_serialize done in 2 seconds
✓ typecheck v2.compiler.body_lowering_fold done in 2 seconds
✓ typecheck v2.compiler.translate done in 3 seconds
✓ typecheck gunbc.spark.pair_serving_authority_log done in 2 seconds
✓ typecheck gunbc.fleet_converge_plan done in 2 seconds
✓ typecheck gunbc.roadmap_belt_actuate done in 3 seconds
✓ typecheck gunbc.roadmap_component done in 2 seconds
✓ typecheck gunbc.roadmap_page done in 2 seconds
✓ typecheck gunbc.live_deploy.emit done in 3 seconds
✓ typecheck gunbc.host_effect_realize done in 21 seconds
✓ typecheck gunbc.live_deploy.apply done in 3 seconds
✓ typecheck gunbc.ci_spec done in 2 seconds
✓ typecheck gunbc.fleet_converge_workflow done in 2 seconds
✓ typecheck test.claim.fleet_converge_plan_witness done in 2 seconds
[pre-entry] phase=workspace_discovery ms=13 scale=closure
[pre-entry] phase=source_root_walk_and_read ms=46 scale=tree
[pre-entry] phase=graph_facts_import_edges ms=10998 scale=tree
[pre-entry] phase=graph_facts_module_declarations ms=2 scale=tree
[pre-entry] phase=pool_census_parse ms=3639 scale=tree
[pre-entry] phase=closure_name_census_build ms=4290 scale=tree
[pre-entry] phase=reference_pool_names_from_census ms=73 scale=tree
[pre-entry] phase=selection_tier_closure_files ms=107 scale=closure
[pre-entry] phase=closure_load ms=5761 scale=closure
[pre-entry] phase=closure_parse ms=21250 scale=closure
[pre-entry] phase=closure_resolve ms=725 scale=closure
[pre-entry] phase=closure_normalize ms=2269 scale=closure
[pre-entry] phase=closure_typecheck ms=224226 scale=closure
[pre-entry] phase=closure_parent_envs ms=25 scale=closure
[pre-entry] phase=closure_reconcile_assembly ms=415 scale=closure
[pre-entry] phase=closure_ownership ms=2946 scale=closure
[pre-entry] phase=resolve_entry_graph_inclusive ms=350042 scale=closure
[pre-entry] population pool_modules=1913 closure_files=1913
[pre-entry] process_cpu user_ms=343417 sys_ms=5383 max_rss_kib=11471340
PASS timer_retirement_plan_shows_refused_removal_for_foreign_cap
PASS timer_retirement_plan_lists_removed_legacy_timer
PASS plan_artifact_hash_is_stable_for_fixed_observation
PASS observed_baseline_cas_refuses_after_drift
PASS plan_body_names_subject_host_and_generation
PASS cross_host_apply_refuses_subject_identity
PASS same_host_different_generation_changes_plan_hash
PASS second_concurrent_apply_refuses_generation_gate
PASS member_set_fingerprint_mismatch_refuses_identity
PASS plan_content_hash_path_is_apply_interlock_sidecar
PASS plan_cli_surfaces_content_hash_for_apply_dispatch
PASS bundle_hash_binds_apply_shell_not_plan_body_only
PASS parse_nonneg_generation_refuses_corrupt_and_negative
PASS generation_observation_separates_absent_from_unreadable
PASS generation_admission_admits_absent_as_first_and_refuses_unreadable
PASS locked_apply_script_serializes_generation_under_flock
PASS locked_apply_inner_program_is_quoted_not_spliced
PASS locked_apply_guard_does_not_coerce_an_unreadable_store_to_zero
PASS locked_apply_guard_compares_the_modelled_prior_generation
PASS subject_host_matches_same_host
PASS subject_host_matches_refuses_cross_host
PASS apply_shell_carries_dissolve_on_marker_not_host_gate
PASS the_top_admission_gate_line_names_retirement_not_add_only
PASS the_full_host_apply_script_carries_the_hosts_own_executor_grants
PASS the_slot_family_header_names_every_disposition_the_fold_can_emit
PASS locked_apply_stale_diagnostic_keeps_observed_value_in_one_word
PASS an_unmodeled_host_refuses_in_the_slot_section
PASS a_modeled_host_proposes_the_slots_it_is_missing
PASS an_unowned_observed_slot_is_refused_removal_not_removed
PASS a_slot_add_reaches_the_emitted_apply_script
PASS slot_drift_breaks_the_member_set_fingerprint
PASS lease_guard_sudoes_only_granted_binaries
PASS slot_extract_sudoes_only_granted_binaries
PASS ci_runner_grants_derive_from_the_closed_vocabulary
PASS witness_fabric_cell_population_moves_the_member_set_fingerprint
PASS witness_fabric_cell_fingerprint_is_stable_under_observation_order
PASS witness_fabric_cell_unreadable_population_is_not_an_empty_one
PASS witness_fabric_cell_refusal_is_rendered_and_counted_not_silent
PASS witness_fabric_cell_plan_and_apply_project_the_same_effects
PASS witness_fabric_cell_converged_population_plans_nothing
PASS witness_fabric_cell_population_from_another_host_is_refused_not_reconciled
PASS witness_fabric_cell_refusal_wording_is_not_the_member_set_identity
PASS witness_fabric_cell_drifted_address_plans_change_and_never_add
PASS witness_fabric_cell_absent_address_plans_add_and_never_change
PASS witness_fabric_cell_drifted_and_absent_are_different_observations
PASS witness_fabric_cell_kernel_conserves_every_expected_ref
PASS witness_fabric_cell_kernel_conserves_unexpected_supplied_evidence
PASS witness_fabric_cell_kernel_exact_roster_has_no_unexpected_evidence
PASS witness_fabric_cell_unexpected_readback_refuses_rather_than_vanishing
PASS witness_fabric_cell_duplicate_unexpected_readbacks_are_one_subject
PASS witness_fabric_cell_unexpected_evidence_is_order_independent
PASS witness_fabric_cell_cross_host_readback_refuses_as_a_mismatch_not_as_unexpected
PASS witness_fabric_cell_cross_host_pair_is_order_independent
PASS witness_fabric_cell_distinct_unexpected_slots_are_counted_separately
PASS witness_fabric_cell_host_mismatches_are_order_independent
PASS witness_fabric_cell_host_mismatches_sharing_an_index_are_order_independent
PASS witness_fabric_cell_duplicate_host_mismatches_are_one_subject
PASS witness_fabric_cell_contradiction_remedy_is_not_the_unread_remedy
PASS witness_fabric_cell_kernel_partitions_a_foreign_expected_slot_exactly_once
PASS witness_fabric_cell_foreign_expected_slot_is_its_own_refusal_subject
PASS witness_fabric_cell_supplied_refusals_render_as_refusals
PASS witness_scope_changes_subject_identity
PASS witness_request_scope_is_its_arm
PASS witness_scope_row_is_what_separates_the_two_baselines
PASS witness_subject_carries_scope_as_a_readable_fact
PASS witness_apply_refuses_a_scope_crossing_and_admits_its_own_scope
PASS witness_an_undecodable_scope_wire_refuses_and_never_defaults_to_full_host
PASS witness_apply_admission_distinguishes_its_three_refusals
PASS witness_a_foreign_artifact_reports_its_host_before_its_scope
PASS generation_store_is_keyed_by_subject_host
PASS locked_apply_runs_the_guard_as_the_lease_owner_for_any_invoker
PASS deploy_branch_policy_compares_and_never_admits_any_branch
PASS the_first_pass_masks_the_surplus_slot_and_removes_no_tree
PASS the_second_pass_removes_that_exact_tree_and_does_not_remask
PASS a_populated_cgroup_removes_no_tree_at_the_renderer
PASS another_slots_completion_removes_nothing_at_the_renderer
PASS absent_evidence_neither_masks_nor_removes_at_the_renderer
PASS a_width_zero_host_is_refused_before_any_membership_effect
PASS retirement_drift_between_plan_and_apply_changes_the_subject
PASS an_unchanged_retirement_subject_keeps_the_same_fingerprint
PASS absent_evidence_and_observed_pending_are_different_subjects
PASS a_refused_host_produces_no_cap_plan
PASS an_admitted_host_still_produces_a_cap_plan
PASS a_refused_hosts_existing_caps_are_not_proposed_for_removal
PASS a_refused_host_emits_no_destructive_apply_step
PASS a_refused_host_keeps_the_fleet_result_incomplete
PASS both_microvm_steps_pass_the_selected_host_to_the_binding
