[workspace-root] discovered /home/briansrls/scratch-wt/workspace-commissioning-production
✓ typecheck v2.std.compilers.target_model done in 24 seconds
✓ typecheck v2.compiler.target_serialize done in 2 seconds
✓ typecheck v2.compiler.body_lowering_fold done in 2 seconds
✓ typecheck gunbc.runner_microvm_slot_controller done in 5 seconds
[pre-entry] phase=workspace_discovery ms=12 scale=closure
[pre-entry] phase=source_root_walk_and_read ms=23 scale=tree
[pre-entry] phase=graph_facts_import_edges ms=5304 scale=tree
[pre-entry] phase=graph_facts_module_declarations ms=0 scale=tree
[pre-entry] phase=pool_census_parse ms=1922 scale=tree
[pre-entry] phase=closure_name_census_build ms=2090 scale=tree
[pre-entry] phase=reference_pool_names_from_census ms=33 scale=tree
[pre-entry] phase=selection_tier_closure_files ms=51 scale=closure
[pre-entry] phase=closure_load ms=2624 scale=closure
[pre-entry] phase=closure_parse ms=9541 scale=closure
[pre-entry] phase=closure_resolve ms=343 scale=closure
[pre-entry] phase=closure_normalize ms=1089 scale=closure
[pre-entry] phase=closure_typecheck ms=97181 scale=closure
[pre-entry] phase=closure_parent_envs ms=10 scale=closure
[pre-entry] phase=closure_reconcile_assembly ms=175 scale=closure
[pre-entry] phase=closure_ownership ms=1297 scale=closure
[pre-entry] phase=resolve_entry_graph_inclusive ms=151708 scale=closure
[pre-entry] population pool_modules=792 closure_files=792
[pre-entry] process_cpu user_ms=148539 sys_ms=2651 max_rss_kib=5335912
PASS uncertain_submission_never_requests_another_start
PASS bound_controller_resumes_the_same_invocation
PASS post_readback_recovery_does_not_inspect_a_reused_guest
PASS committed_recovery_requires_completion_readback_instead_of_restart
PASS incoherent_recovery_does_not_cast_an_empty_invocation
