[workspace-root] discovered /home/briansrls/scratch-wt/workspace-executor-isolated
✓ typecheck v2.std.compilers.target_model done in 24 seconds
✓ typecheck v2.compiler.body_lowering_fold done in 2 seconds
✓ typecheck v2.compiler.translate done in 3 seconds
✓ typecheck gunbc.roadmap_belt_actuate done in 2 seconds
✓ typecheck gunbc.roadmap_component done in 2 seconds
✓ typecheck gunbc.live_deploy.emit done in 3 seconds
✓ typecheck gunbc.host_effect_realize done in 19 seconds
✓ typecheck gunbc.runner_microvm_slot_controller done in 4 seconds
✓ typecheck gunbc.live_deploy.apply done in 3 seconds
✓ typecheck gunbc.fleet_converge_plan done in 2 seconds
✓ typecheck gunbc.fleet_converge_plan_cli done in 2 seconds
[pre-entry] phase=workspace_discovery ms=3 scale=closure
[pre-entry] phase=source_root_walk_and_read ms=29 scale=tree
[pre-entry] phase=graph_facts_import_edges ms=7611 scale=tree
[pre-entry] phase=graph_facts_module_declarations ms=1 scale=tree
[pre-entry] phase=pool_census_parse ms=1116 scale=tree
[pre-entry] phase=closure_name_census_build ms=3228 scale=tree
[pre-entry] phase=reference_pool_names_from_census ms=39 scale=tree
[pre-entry] phase=selection_tier_closure_files ms=67 scale=closure
[pre-entry] phase=closure_load ms=13111 scale=closure
[pre-entry] phase=closure_parse ms=8192 scale=closure
[pre-entry] phase=closure_resolve ms=503 scale=closure
[pre-entry] phase=closure_normalize ms=1588 scale=closure
[pre-entry] phase=closure_typecheck ms=173908 scale=closure
[pre-entry] phase=closure_parent_envs ms=15 scale=closure
[pre-entry] phase=closure_reconcile_assembly ms=267 scale=closure
[pre-entry] phase=closure_ownership ms=2172 scale=closure
[pre-entry] phase=resolve_entry_graph_inclusive ms=257739 scale=closure
[pre-entry] population pool_modules=1160 closure_files=1159
[pre-entry] process_cpu user_ms=253052 sys_ms=3837 max_rss_kib=8255760
PASS commissioning_scope_roundtrips_through_fleet_authority
PASS installed_grants_name_only_exact_argument_free_entries
PASS commissioning_input_and_installer_boundaries_hold_together
PASS dispatch_uses_fleet_lock_owner_without_reopening_artifacts
	Command being timed: "/home/briansrls/scratch-wt/workspace-commissioning-reconcile/target/release/gunbc run --source-root target/scope-integration --entry target/scope-integration/test.claim.workspace_dispatch_fleet_witness.dag --claim-run"
	User time (seconds): 268.13
	System time (seconds): 4.75
	Percent of CPU this job got: 99%
	Elapsed (wall clock) time (h:mm:ss or m:ss): 4:33.79
	Average shared text size (kbytes): 0
	Average unshared data size (kbytes): 0
	Average stack size (kbytes): 0
	Average total size (kbytes): 0
	Maximum resident set size (kbytes): 8439768
	Average resident set size (kbytes): 0
	Major (requiring I/O) page faults: 0
	Minor (reclaiming a frame) page faults: 2125050
	Voluntary context switches: 5
	Involuntary context switches: 107417
	Swaps: 0
	File system inputs: 0
	File system outputs: 88
	Socket messages sent: 0
	Socket messages received: 0
	Signals delivered: 0
	Page size (bytes): 4096
	Exit status: 0
