[workspace-root] discovered /home/briansrls/scratch-wt/workspace-executor-isolated
[pre-entry] phase=workspace_discovery ms=3 scale=closure
[pre-entry] phase=source_root_walk_and_read ms=16 scale=tree
[pre-entry] phase=graph_facts_import_edges ms=1941 scale=tree
[pre-entry] phase=graph_facts_module_declarations ms=0 scale=tree
[pre-entry] phase=pool_census_parse ms=189 scale=tree
[pre-entry] phase=closure_name_census_build ms=406 scale=tree
[pre-entry] phase=reference_pool_names_from_census ms=5 scale=tree
[pre-entry] phase=selection_tier_closure_files ms=25 scale=closure
[pre-entry] phase=closure_load ms=1704 scale=closure
[pre-entry] phase=closure_parse ms=1172 scale=closure
[pre-entry] phase=closure_resolve ms=124 scale=closure
[pre-entry] phase=closure_normalize ms=245 scale=closure
[pre-entry] phase=closure_typecheck ms=12733 scale=closure
[pre-entry] phase=closure_parent_envs ms=7 scale=closure
[pre-entry] phase=closure_reconcile_assembly ms=106 scale=closure
[pre-entry] phase=closure_ownership ms=258 scale=closure
[pre-entry] phase=resolve_entry_graph_inclusive ms=22859 scale=closure
[pre-entry] population pool_modules=783 closure_files=783
[pre-entry] process_cpu user_ms=21984 sys_ms=814 max_rss_kib=1483084
◐ started Filesystem.Write docs/design-rung-drops.md (438798 bytes)
