[workspace-root] discovered /home/briansrls/scratch-wt/workspace-executor-isolated
✓ typecheck v2.std.compilers.target_model done in 27 seconds
[pre-entry] phase=workspace_discovery ms=3 scale=closure
[pre-entry] phase=source_root_walk_and_read ms=6 scale=tree
[pre-entry] phase=graph_facts_import_edges ms=1176 scale=tree
[pre-entry] phase=graph_facts_module_declarations ms=0 scale=tree
[pre-entry] phase=pool_census_parse ms=159 scale=tree
[pre-entry] phase=closure_name_census_build ms=413 scale=tree
[pre-entry] phase=reference_pool_names_from_census ms=5 scale=tree
[pre-entry] phase=selection_tier_closure_files ms=17 scale=closure
[pre-entry] phase=closure_load ms=1781 scale=closure
[pre-entry] phase=closure_parse ms=1226 scale=closure
[pre-entry] phase=closure_resolve ms=68 scale=closure
[pre-entry] phase=closure_normalize ms=253 scale=closure
[pre-entry] phase=closure_typecheck ms=34762 scale=closure
[pre-entry] phase=closure_parent_envs ms=1 scale=closure
[pre-entry] phase=closure_reconcile_assembly ms=37 scale=closure
[pre-entry] phase=closure_ownership ms=281 scale=closure
[pre-entry] phase=resolve_entry_graph_inclusive ms=43026 scale=closure
[pre-entry] population pool_modules=197 closure_files=197
[pre-entry] process_cpu user_ms=42425 sys_ms=479 max_rss_kib=1004612
PASS a_released_reservation_advances_readiness_without_inventing_an_attempt
PASS release_generation_advance_refuses_quarantine_and_skips
