[workspace-root] discovered /home/briansrls/scratch-wt/workspace-executor-isolated
[pre-entry] phase=workspace_discovery ms=5 scale=closure
[pre-entry] phase=source_root_walk_and_read ms=2 scale=tree
[pre-entry] phase=graph_facts_import_edges ms=136 scale=tree
[pre-entry] phase=graph_facts_module_declarations ms=0 scale=tree
[pre-entry] phase=pool_census_parse ms=18 scale=tree
[pre-entry] phase=closure_name_census_build ms=23 scale=tree
[pre-entry] phase=reference_pool_names_from_census ms=0 scale=tree
[pre-entry] phase=selection_tier_closure_files ms=1 scale=closure
[pre-entry] phase=closure_load ms=167 scale=closure
[pre-entry] phase=closure_parse ms=125 scale=closure
[pre-entry] phase=closure_resolve ms=4 scale=closure
[pre-entry] phase=closure_normalize ms=25 scale=closure
[pre-entry] phase=closure_typecheck ms=583 scale=closure
[pre-entry] phase=closure_parent_envs ms=0 scale=closure
[pre-entry] phase=closure_reconcile_assembly ms=2 scale=closure
[pre-entry] phase=closure_ownership ms=18 scale=closure
[pre-entry] phase=resolve_entry_graph_inclusive ms=1339 scale=closure
[pre-entry] population pool_modules=14 closure_files=14
[pre-entry] process_cpu user_ms=1212 sys_ms=114 max_rss_kib=85704
PASS cargo_build_run_argv_holds
	Command being timed: "/home/briansrls/scratch-wt/workspace-commissioning-reconcile/target/release/gunbc run --source-root target/upstream-argv-qualification --entry target/upstream-argv-qualification/v2.test.claim.cargo_build_run_argv_witness.dag --claim-run"
	User time (seconds): 1.33
	System time (seconds): 0.12
	Percent of CPU this job got: 98%
	Elapsed (wall clock) time (h:mm:ss or m:ss): 0:01.48
	Average shared text size (kbytes): 0
	Average unshared data size (kbytes): 0
	Average stack size (kbytes): 0
	Average total size (kbytes): 0
	Maximum resident set size (kbytes): 86728
	Average resident set size (kbytes): 0
	Major (requiring I/O) page faults: 128
	Minor (reclaiming a frame) page faults: 27492
	Voluntary context switches: 204
	Involuntary context switches: 1099
	Swaps: 0
	File system inputs: 69000
	File system outputs: 8
	Socket messages sent: 0
	Socket messages received: 0
	Signals delivered: 0
	Page size (bytes): 4096
	Exit status: 0
