[workspace-root] discovered /home/briansrls/scratch-wt/workspace-executor-isolated
✓ typecheck v2.std.compilers.target_model done in 24 seconds
✓ typecheck v2.compiler.body_lowering_fold done in 2 seconds
✓ typecheck v2.compiler.translate done in 3 seconds
✓ typecheck gunbc.spark.pair_serving_authority_log done in 2 seconds
✓ typecheck gunbc.roadmap_belt_actuate done in 2 seconds
✓ typecheck gunbc.roadmap_component done in 2 seconds
✓ typecheck gunbc.live_deploy.emit done in 3 seconds
✓ typecheck gunbc.host_effect_realize done in 20 seconds
✓ typecheck gunbc.ci_spec done in 2 seconds
✓ typecheck gunbc.fleet_converge_workflow done in 2 seconds
[pre-entry] phase=workspace_discovery ms=3 scale=closure
[pre-entry] phase=source_root_walk_and_read ms=35 scale=tree
[pre-entry] phase=graph_facts_import_edges ms=9298 scale=tree
[pre-entry] phase=graph_facts_module_declarations ms=1 scale=tree
[pre-entry] phase=pool_census_parse ms=1344 scale=tree
[pre-entry] phase=closure_name_census_build ms=4012 scale=tree
[pre-entry] phase=reference_pool_names_from_census ms=51 scale=tree
[pre-entry] phase=selection_tier_closure_files ms=85 scale=closure
[pre-entry] phase=closure_load ms=15855 scale=closure
[pre-entry] phase=closure_parse ms=9856 scale=closure
[pre-entry] phase=closure_resolve ms=580 scale=closure
[pre-entry] phase=closure_normalize ms=1936 scale=closure
[pre-entry] phase=closure_typecheck ms=193975 scale=closure
[pre-entry] phase=closure_parent_envs ms=18 scale=closure
[pre-entry] phase=closure_reconcile_assembly ms=310 scale=closure
[pre-entry] phase=closure_ownership ms=2672 scale=closure
[pre-entry] phase=resolve_entry_graph_inclusive ms=297739 scale=closure
[pre-entry] population pool_modules=1323 closure_files=1323
[pre-entry] process_cpu user_ms=292180 sys_ms=4633 max_rss_kib=10187968
◐ started Filesystem.Write .github/workflows/fleet-converge.yml (305675 bytes)
	Command being timed: "/home/briansrls/scratch-wt/workspace-commissioning-reconcile/target/release/gunbc run --source-root target/workflow-final-emission --entry target/workflow-final-emission/workflow_emission.dag --claim-run --function main"
	User time (seconds): 321.90
	System time (seconds): 6.82
	Percent of CPU this job got: 99%
	Elapsed (wall clock) time (h:mm:ss or m:ss): 5:29.78
	Average shared text size (kbytes): 0
	Average unshared data size (kbytes): 0
	Average stack size (kbytes): 0
	Average total size (kbytes): 0
	Maximum resident set size (kbytes): 12237460
	Average resident set size (kbytes): 0
	Major (requiring I/O) page faults: 0
	Minor (reclaiming a frame) page faults: 3079708
	Voluntary context switches: 5
	Involuntary context switches: 128673
	Swaps: 0
	File system inputs: 0
	File system outputs: 696
	Socket messages sent: 0
	Socket messages received: 0
	Signals delivered: 0
	Page size (bytes): 4096
	Exit status: 0
