[workspace-root] discovered /home/briansrls/scratch-wt/workspace-commissioning-production
✓ typecheck v2.std.compilers.target_model done in 25 seconds
✓ typecheck v2.compiler.target_serialize done in 2 seconds
✓ typecheck v2.compiler.body_lowering_fold done in 2 seconds
✓ typecheck gunbc.runner_microvm_slot_controller done in 4 seconds
[pre-entry] phase=workspace_discovery ms=11 scale=closure
[pre-entry] phase=source_root_walk_and_read ms=21 scale=tree
[pre-entry] phase=graph_facts_import_edges ms=5296 scale=tree
[pre-entry] phase=graph_facts_module_declarations ms=0 scale=tree
[pre-entry] phase=pool_census_parse ms=1920 scale=tree
[pre-entry] phase=closure_name_census_build ms=2148 scale=tree
[pre-entry] phase=reference_pool_names_from_census ms=35 scale=tree
[pre-entry] phase=selection_tier_closure_files ms=51 scale=closure
[pre-entry] phase=closure_load ms=2693 scale=closure
[pre-entry] phase=closure_parse ms=9826 scale=closure
[pre-entry] phase=closure_resolve ms=342 scale=closure
[pre-entry] phase=closure_normalize ms=1095 scale=closure
[pre-entry] phase=closure_typecheck ms=97028 scale=closure
[pre-entry] phase=closure_parent_envs ms=10 scale=closure
[pre-entry] phase=closure_reconcile_assembly ms=179 scale=closure
[pre-entry] phase=closure_ownership ms=1329 scale=closure
[pre-entry] phase=resolve_entry_graph_inclusive ms=151767 scale=closure
[pre-entry] population pool_modules=788 closure_files=784
[pre-entry] process_cpu user_ms=148569 sys_ms=2627 max_rss_kib=5273932
PASS readable_refusal_is_not_successful_commissioning
PASS failed_or_other_invocation_cannot_complete_commissioning
PASS unreadable_exit_status_cannot_complete_commissioning
PASS advanced_readiness_is_not_initial_commissioning_readback
