[workspace-root] discovered /home/briansrls/scratch-wt/workspace-commissioning-production
✓ typecheck v2.std.compilers.target_model done in 24 seconds
✓ typecheck v2.compiler.target_serialize done in 2 seconds
✓ typecheck gunbc.runner_microvm_slot_controller done in 4 seconds
[pre-entry] phase=workspace_discovery ms=12 scale=closure
[pre-entry] phase=source_root_walk_and_read ms=19 scale=tree
[pre-entry] phase=graph_facts_import_edges ms=5320 scale=tree
[pre-entry] phase=graph_facts_module_declarations ms=0 scale=tree
[pre-entry] phase=pool_census_parse ms=1958 scale=tree
[pre-entry] phase=closure_name_census_build ms=2082 scale=tree
[pre-entry] phase=reference_pool_names_from_census ms=33 scale=tree
[pre-entry] phase=selection_tier_closure_files ms=50 scale=closure
[pre-entry] phase=closure_load ms=2624 scale=closure
[pre-entry] phase=closure_parse ms=9737 scale=closure
[pre-entry] phase=closure_resolve ms=339 scale=closure
[pre-entry] phase=closure_normalize ms=1082 scale=closure
[pre-entry] phase=closure_typecheck ms=94901 scale=closure
[pre-entry] phase=closure_parent_envs ms=9 scale=closure
[pre-entry] phase=closure_reconcile_assembly ms=183 scale=closure
[pre-entry] phase=closure_ownership ms=1424 scale=closure
[pre-entry] phase=resolve_entry_graph_inclusive ms=149222 scale=closure
[pre-entry] population pool_modules=785 closure_files=783
[pre-entry] process_cpu user_ms=146259 sys_ms=2447 max_rss_kib=5284768
