resolved 107 sources
◐ started compile.frontend
✓ compile.frontend done in 98ms
✓ compile.normalize done in 10ms
✓ compile.reconcile done in 182ms
✓ compile.analyses done in 8ms
gunbc serve listening on 127.0.0.1:54005 -> served_storage_hold_handler() release_revision=b6a2c887b731afe480f47515626edb4992360fc1 eval_budget_cpu_ms=unset eval_budget_wall_ms=unset
◐ started shell.Mkdir.Parents
✓ shell.Mkdir.Parents done in 2ms
◐ started shell.Mkdir.Parents
✓ shell.Mkdir.Parents done in 2ms
◐ started shell.Mkdir.Parents
✓ shell.Mkdir.Parents done in 2ms
◐ started shell.Mkdir.Parents
✓ shell.Mkdir.Parents done in 1ms
[file] read /tmp/gunbc-hold-storage-si8xrmf_/fixture-key
◐ started Clock.Now
✓ Clock.Now done in 1ms
[file] read /tmp/gunbc-hold-storage-si8xrmf_/heads/roadmap-events-v1.1
[file] read /tmp/gunbc-hold-storage-si8xrmf_/heads/roadmap-events-v1.2
[file] read /tmp/gunbc-hold-storage-si8xrmf_/objects/f855659bc1986311
[file] read /tmp/gunbc-hold-storage-si8xrmf_/objects/7a24d5eacfb72b70
