[workspace-root] discovered /home/briansrls/scratch-wt/workspace-commissioning-production
✓ typecheck v2.std.compilers.target_model done in 24 seconds
✓ typecheck v2.compiler.target_serialize done in 2 seconds
[pre-entry] phase=workspace_discovery ms=11 scale=closure
[pre-entry] phase=source_root_walk_and_read ms=22 scale=tree
[pre-entry] phase=graph_facts_import_edges ms=5198 scale=tree
[pre-entry] phase=graph_facts_module_declarations ms=0 scale=tree
[pre-entry] phase=pool_census_parse ms=1881 scale=tree
[pre-entry] phase=closure_name_census_build ms=2034 scale=tree
[pre-entry] phase=reference_pool_names_from_census ms=32 scale=tree
[pre-entry] phase=selection_tier_closure_files ms=38 scale=closure
[pre-entry] phase=closure_load ms=2272 scale=closure
[pre-entry] phase=closure_parse ms=6339 scale=closure
[pre-entry] phase=closure_resolve ms=217 scale=closure
[pre-entry] phase=closure_normalize ms=703 scale=closure
[pre-entry] phase=closure_typecheck ms=63085 scale=closure
[pre-entry] phase=closure_parent_envs ms=6 scale=closure
[pre-entry] phase=closure_reconcile_assembly ms=120 scale=closure
[pre-entry] phase=closure_ownership ms=876 scale=closure
[pre-entry] phase=resolve_entry_graph_inclusive ms=97622 scale=closure
[pre-entry] population pool_modules=775 closure_files=496
[pre-entry] process_cpu user_ms=95558 sys_ms=1698 max_rss_kib=3496764
PASS commissioning_directive_preserves_exact_provenance
PASS committed_receipt_cannot_be_replayed_as_initial_directive
PASS commissioning_directive_refuses_non_digest_artifact_identity
PASS incomplete_directive_cannot_authorize_initial_readiness
PASS executed_or_unknown_controller_history_requires_recovery
PASS absent_reservation_receipt_remains_unstarted_history
