[SOL Session operational.  Use ~? for help]
Checkpoint 90
Checkpoint 91
Checkpoint 92
Checkpoint 94
Checkpoint 94
Checkpoint 94
Checkpoint 94
Checkpoint 94
Checkpoint 95
Checkpoint 96
Checkpoint 94
Checkpoint 94
Checkpoint 94
Checkpoint 94
Checkpoint 94
Checkpoint 95
Checkpoint 96
Checkpoint 94
Checkpoint 94
Checkpoint 95
Checkpoint 96
Checkpoint 94
Checkpoint 94
Checkpoint 95
Checkpoint 96
Checkpoint 94
Checkpoint 94
Checkpoint 94
Checkpoint 94
Checkpoint 94
Checkpoint 95
Checkpoint 96
Checkpoint 94
Checkpoint 94
Checkpoint 94
Checkpoint 94
Checkpoint 94
Checkpoint 94
Checkpoint 95
Checkpoint 96
Checkpoint 94
Checkpoint 94
Checkpoint 94
Checkpoint 95
Checkpoint 96
Checkpoint 94
Checkpoint 94
Checkpoint 94
Checkpoint 95
Checkpoint 96
Checkpoint 92
Checkpoint 92
Checkpoint 92
Checkpoint 92
Checkpoint 92
Checkpoint 92
Checkpoint 92
Checkpoint 91
Checkpoint 92
Checkpoint 92
Checkpoint 92
Checkpoint 92
Checkpoint 92
Checkpoint 92
Checkpoint 92
Checkpoint 92
Checkpoint 97
[2J[1;1H[2J[1;1H[1;1HCheckpoint 98
Checkpoint 9D
Checkpoint 9A
Checkpoint 9C
Checkpoint B4
Checkpoint B4
Checkpoint B4
Checkpoint B4
Checkpoint B4

Time for GET - https://169.254.0.17:443/redfish/v1/ operation - 1878 ms, Status - Success, StatusCode - 3

Time for GET - https://169.254.0.17:443/redfish/v1/Oem/Ami/InventoryData operation - 3624 ms, Status - Success, StatusCode - 3

Time for POST - /redfish/v1/DynamicExtension/RedfishExtensions operation - 2672 ms, Status - Success, StatusCode - 21

Time for POST - /redfish/v1/DynamicExtension/RedfishExtensions operation - 2871 ms, Status - Success, StatusCode - 21
Checkpoint B4
Checkpoint B4
Checkpoint B4
Checkpoint 98
Checkpoint B4
Checkpoint 92
Checkpoint 92
Checkpoint 92
Checkpoint 92
Checkpoint 92
Checkpoint 92
Checkpoint 92
Checkpoint 92

Press <ESC> + <2> or <DEL> to run UEFI Setup
Press <ESC> + <6> for Instant Flash
Press <ESC> + <SHIFT> + <1> for Boot Menu
Press <Tab> to Switch Screen

Checkpoint A9
[2J[1;1H[2J[1;1H[1;37;44m[2J[1;1H[25;78HAB[1;1HCheckpoint AB
[1;1H[1;1H                               Aptio Setup - AMI                                [2;1H[0;37;44m   [0;34;47m Main [0;37;44m Advanced  Server Mgmt  Security  Boot  Exit                           [3;1H[0;34;47m/----------------------------------------------------+-------------------------\[4;1H|  [1;30;47mBoard Product[0;34;47m            [1;30;47mALTRAD8UD-1L2T[0;34;47m           |Motherboard Information  |[5;1H|  [1;30;47mSystem Product[0;34;47m           [1;30;47mALTRAD8UD-1L2T[0;34;47m           |                         |[6;1H|  [1;30;47mUEFI Version[0;34;47m             [1;30;47m2.06[0;34;47m                     |                         |[7;1H|  [1;30;47mBMC Version[0;34;47m              [1;30;47m2.07.00[0;34;47m                  |                         |[8;1H|  [1;30;47mCPLD_MB Version[0;34;47m          [1;30;47m0.02[0;34;47m                     |                         |[9;1H|                                                    |                         |[10;1H|[1;37;47m> Motherboard Information[0;34;47m                           |                         |[11;1H|> Processor Information                             |                         |[12;1H|> Memory Information                                |                         |[13;1H|                                                    |-------------------------|[14;1H|  System Date              [Wed 10/07/2026]         |<>: Select Screen        |[15;1H|  System Time              [23:44:57]               |^v: Select Item          |[16;1H|                                                    |Enter: Select            |[17;1H|                                                    |+/-: Change Option       |[18;1H|                                                    |F1: General Help         |[19;1H|                                                    |F7: Discard Changes      |[20;1H|                                                    |F9: Load UEFI Defaults   |[21;1H|                                                    |F10: Save and Exit       |[22;1H|                                                    |ESC: Exit                |[23;1H\----------------------------------------------------+-------------------------/[24;1H[0;37;44m                    Version 2.22.1282 Copyright (C) 2024 AMI                   [15;1H[0;34;47m[15;37H8[15;1H[15;37H9[15;1H[15;34H5:00[15;1H[15;37H1[15;1H[15;37H2[15;1H[15;37H3[15;1H[15;37H4[15;1H[15;37H5[15;1H[15;37H6[15;1H[15;37H7[15;1H[15;37H8[15;1H[15;37H9[2;1H[0;37;44m[2;1H    Main [0;34;47m Advanced [4;1H[4;1H|[1;37;47m> CPU Configuration[0;34;47m                                ^|CPU Configuration        |[5;1H|> RAS Configuration                                *|Parameters               |[6;1H|> Chipset Configuration                            *|                         |[7;1H|> NVMe Configuration                               *|                         |[8;1H|> ACPI Configuration                               *|                         |[9;1H|> USB Configuration                                *|                         |[10;1H|> Serial Port Console Redirection                  *|                         |[11;1H|> H/W Monitor                                      *|                         |[12;1H|> Network Stack Configuration                      *|                         |[13;1H|> Driver Health                                    *|-------------------------|[14;1H|                                                   +|<>: Select Screen        |[15;1H|> Tls Auth Configuration                           +|^v: Select Item          |[16;1H|> Intel(R) I210 Gigabit  Network Connection -      +|Enter: Select            |[17;1H|  9C:6B:00:E7:CA:63                                +|+/-: Change Option       |[18;1H|> VLAN Configuration (MAC:9C6B00E7CA63)            +|F1: General Help         |[19;1H|> MAC:9C6B00E7CA63-IPv4 Network Configuration      +|F7: Discard Changes      |[20;1H|> MAC:9C6B00E7CA63-IPv6 Network Configuration      +|F9: Load UEFI Defaults   |[21;1H|                                                   v|F10: Save and Exit       |[22;1H|                                                    |ESC: Exit                |[4;1H[4;1H|> CPU Configuration                                ^|RAS Configuration        |[5;1H|[1;37;47m> RAS Configuration[0;34;47m[5;55H          [4;1H[4;55HConfigure Chipset        |[5;1H|> RAS Configuration                                *|Settings                 |[6;1H|[1;37;47m> Chipset Configuration[4;1H[0;34;47m[4;55HNVMe Device Options      |[6;1H[6;1H|> Chipset Configuration                            *|                         |[7;1H|[1;37;47m> NVMe Configuration[4;1H[0;34;47m[4;55HConfigure ACPI Settings  |[5;1H[5;55H        [7;1H[7;1H|> NVMe Configuration                               *|                         |[8;1H|[1;37;47m> ACPI Configuration[4;1H[0;34;47m[4;55HUSB Configuration        |[5;1H[5;55HParameters[8;1H[8;1H|> ACPI Configuration                               *|                         |[9;1H|[1;37;47m> USB Configuration[4;1H[0;34;47m[4;55HSerial Port Console      |[5;1H[5;55HRedirection[9;1H[9;1H|> USB Configuration                                *|                         |[10;1H|[1;37;47m> Serial Port Console Redirection[4;1H[0;34;47m[4;55HMonitor hardware status  |[5;1H[5;55H           [10;1H[10;1H|> Serial Port Console Redirection                  *|                         |[11;1H|[1;37;47m> H/W Monitor[4;1H[0;34;47m[4;55HNetwork Stack Settings   |[11;1H[11;1H|> H/W Monitor                                      *|                         |[12;1H|[1;37;47m> Network Stack Configuration[2;1H[0;37;44m[2;1H         [0;34;47m Advanced [0;37;44m                                  [4;1H[0;34;47m[4;1H|  [1;37;47mNetwork Stack[0;34;47m            [1;37;47m[Enabled][0;34;47m                |                         |[5;1H|  IPv4 PXE Support         [Disabled]               |                         |[6;1H|  IPv4 HTTP Support        [Disabled]               |                         |[7;1H|  IPv6 PXE Support         [Disabled]               |                         |[8;1H|  IPv6 HTTP Support        [Disabled]               |                         |[9;1H|  PXE boot wait time       0                        |                         |[10;1H|                                                    |                         |[11;1H|                                                    |                         |[12;1H|                                                    |                         |[13;1H|                                                    |-------------------------|[14;1H|                                                    |                         |[15;1H|                                                    |                         |[16;1H|                                                    |                         |[17;1H|                                                    |                         |[18;1H|                                                    |                         |[19;1H|                                                    |                         |[20;1H|                                                    |                         |[21;1H|                                                    |                         |[22;1H|                                                    |                         |[10;1H[10;1H|  Media detect count       1[4;1H[4;1H|  [1;37;47m[4;29H[Enabled][0;34;47m[4;55HEnable/Disable UEFI      |[5;1H[5;55HNetwork Stack[14;1H[14;55H<>: Select Screen        |[15;1H[15;55H^v: Select Item[16;1H[16;55HEnter: Select[17;1H[17;55H+/-: Change Option       |[18;1H[18;55HF1: General Help         |[19;1H[19;55HF7: Discard Changes      |[20;1H[20;55HF9: Load UEFI Defaults   |[21;1H[21;55HF10: Save and Exit       |[22;1H[22;55HESC: Exit[2;1H[0;37;44m[2;1H    Main [0;34;47m Advanced [0;37;44m Server Mgmt  Security  Boot  Exit[4;1H[0;34;47m[4;1H|> CPU Configuration                                ^|Network Stack Settings   |[5;1H|> RAS Configuration                                *|                         |[6;1H|> Chipset Configuration                            *|                         |[7;1H|> NVMe Configuration                               *|                         |[8;1H|> ACPI Configuration                               *|                         |[9;1H|> USB Configuration                                *|                         |[10;1H|> Serial Port Console Redirection                  *|                         |[11;1H|> H/W Monitor                                      *|                         |[12;1H|[1;37;47m> Network Stack Configuration[0;34;47m                      *|                         |[13;1H|> Driver Health                                    *|-------------------------|[14;1H|                                                   +|<>: Select Screen        |[15;1H|> Tls Auth Configuration                           +|^v: Select Item          |[16;1H|> Intel(R) I210 Gigabit  Network Connection -      +|Enter: Select            |[17;1H|  9C:6B:00:E7:CA:63                                +|+/-: Change Option       |[18;1H|> VLAN Configuration (MAC:9C6B00E7CA63)            +|F1: General Help         |[19;1H|> MAC:9C6B00E7CA63-IPv4 Network Configuration      +|F7: Discard Changes      |[20;1H|> MAC:9C6B00E7CA63-IPv6 Network Configuration      +|F9: Load UEFI Defaults   |[21;1H|                                                   v|F10: Save and Exit       |[22;1H|                                                    |ESC: Exit                |