Running as unit: run-r98b56f02848046eba05f54c711fedaa9.scope; invocation ID: 23b433a6014546a4bac984610cde9789
   Compiling proc-macro2 v1.0.106
   Compiling quote v1.0.45
   Compiling unicode-ident v1.0.24
   Compiling shlex v1.3.0
   Compiling find-msvc-tools v0.1.9
   Compiling cc v1.2.62
   Compiling syn v2.0.117
   Compiling version_check v0.9.5
   Compiling serde_core v1.0.228
   Compiling libc v0.2.186
   Compiling typenum v1.20.1
   Compiling cfg-if v1.0.4
   Compiling synstructure v0.13.2
   Compiling zerofrom-derive v0.1.7
   Compiling yoke-derive v0.8.2
   Compiling zerofrom v0.1.8
   Compiling stable_deref_trait v1.2.1
   Compiling serde v1.0.228
   Compiling yoke v0.8.2
   Compiling serde_derive v1.0.228
   Compiling object v0.37.3
   Compiling zerovec-derive v0.11.3
   Compiling memchr v2.8.0
   Compiling zerovec v0.11.6
   Compiling displaydoc v0.2.5
   Compiling ar_archive_writer v0.5.1
   Compiling zmij v1.0.21
   Compiling serde_json v1.0.149
   Compiling tinystr v0.8.3
   Compiling bitmaps v2.1.0
   Compiling psm v0.1.31
   Compiling im v15.1.0
   Compiling stacker v0.1.24
   Compiling writeable v0.6.3
   Compiling rand_core v0.6.4
   Compiling litemap v0.8.2
   Compiling itoa v1.0.18
   Compiling icu_locale_core v2.2.0
   Compiling rand_xoshiro v0.6.0
   Compiling sized-chunks v0.6.5
   Compiling zerotrie v0.2.4
   Compiling potential_utf v0.1.5
   Compiling generic-array v0.14.7
   Compiling icu_properties_data v2.2.0
   Compiling icu_normalizer_data v2.2.0
   Compiling utf8_iter v1.0.4
   Compiling icu_collections v2.2.0
   Compiling icu_provider v2.2.0
   Compiling ring v0.17.14
   Compiling zeroize v1.8.2
   Compiling unicode-properties v0.1.4
   Compiling rustls-pki-types v1.14.1
   Compiling v1-stage0-runtime v0.1.0 (/home/briansrls/eager-raven-113/regen.YpxPND/repo/src/v1/stage0_runtime)
   Compiling subtle v2.6.1
   Compiling smallvec v1.15.1
   Compiling icu_normalizer v2.2.0
   Compiling icu_properties v2.2.0
   Compiling v1-stage0-std-core v0.1.0 (/home/briansrls/eager-raven-113/regen.YpxPND/repo/src/v1/stage0_std_core)
   Compiling getrandom v0.2.17
   Compiling crc32fast v1.5.0
   Compiling untrusted v0.9.0
   Compiling utf8parse v0.2.2
   Compiling anstyle-parse v1.0.0
   Compiling idna_adapter v1.2.2
   Compiling crypto-common v0.1.7
   Compiling block-buffer v0.10.4
   Compiling simd-adler32 v0.3.9
   Compiling anstyle-query v1.1.5
   Compiling colorchoice v1.0.5
   Compiling percent-encoding v2.3.2
   Compiling rustls v0.23.40
   Compiling equivalent v1.0.2
   Compiling is_terminal_polyfill v1.70.2
   Compiling adler2 v2.0.1
   Compiling anstyle v1.0.14
   Compiling hashbrown v0.17.1
   Compiling indexmap v2.14.0
   Compiling anstream v1.0.0
   Compiling miniz_oxide v0.8.9
   Compiling form_urlencoded v1.2.2
   Compiling digest v0.10.7
   Compiling idna v1.1.0
   Compiling v1-stage0-std-surface v0.1.0 (/home/briansrls/eager-raven-113/regen.YpxPND/repo/src/v1/stage0_std_surface)
   Compiling v1-stage0-extdeps-languages v0.1.0 (/home/briansrls/eager-raven-113/regen.YpxPND/repo/src/v1/stage0_extdeps_languages)
   Compiling rustls-webpki v0.103.13
   Compiling webpki-roots v1.0.7
   Compiling toml_datetime v0.6.11
   Compiling serde_spanned v0.6.9
   Compiling clap_lex v1.1.0
   Compiling heck v0.5.0
   Compiling once_cell v1.21.4
   Compiling log v0.4.29
   Compiling strsim v0.11.1
   Compiling toml_write v0.1.2
   Compiling winnow v0.7.15
   Compiling toml_edit v0.22.27
   Compiling clap_builder v4.6.0
   Compiling clap_derive v4.6.1
   Compiling webpki-roots v0.26.11
   Compiling flate2 v1.1.9
   Compiling v1-stage0-v1-artifact v0.1.0 (/home/briansrls/eager-raven-113/regen.YpxPND/repo/src/v1/stage0_v1_artifact)
   Compiling url v2.5.8
   Compiling cpufeatures v0.2.17
   Compiling v1-compiler v0.1.0 (/home/briansrls/eager-raven-113/regen.YpxPND/repo/src/v1/stage0)
   Compiling base64 v0.22.1
   Compiling ureq v2.12.1
   Compiling sha2 v0.10.9
   Compiling v1-stage0-v1-infer v0.1.0 (/home/briansrls/eager-raven-113/regen.YpxPND/repo/src/v1/stage0_v1_infer)
   Compiling clap v4.6.1
   Compiling toml v0.8.23
   Compiling hmac v0.12.1
   Compiling hex v0.4.3
   Compiling lazy_static v1.5.0
    Finished `release` profile [optimized] target(s) in 10m 21s
memory-cgroup-bind: not requested
◐ started round.seed_build
✓ round.seed_build done in 5 minutes
regen-scope: WholePopulationScope
◐ started regen.corpus_load
✓ regen.corpus_load done in 23 seconds
◐ started compile.frontend
✓ compile.frontend done in 34 seconds
✓ compile.normalize done in 779ms
✓ compile.reconcile done in 47 seconds
✓ compile.analyses done in 777ms
◐ started compile.emit
✓ compile.emit done in 5 minutes
◐ started regen.mirror_write
✓ regen.mirror_write done in 28 seconds
◐ started regen.candidate_verify
✓ regen.candidate_verify done in 0ms
◐ started regen.adjudicate
✓ regen.adjudicate done in 12ms
◐ started regen.hand_verify
✓ regen.hand_verify done in 114ms
◐ started regen.digest
✓ regen.digest done in 27 seconds
required-regen: elapsed_ms=522238 first_generation_equal=false planned=155 executed=155 adjudicated=155 declared_divergent=1 [main.rs]
◐ started round.install
◐ started round.rebuild_from_installed
✓ round.rebuild_from_installed done in 5 minutes
✓ round.install done in 5 minutes
◐ started round.install
◐ started round.rebuild_from_installed
✓ round.rebuild_from_installed done in 6 minutes
✓ round.install done in 7 minutes
regen-round-cost: producer=claim_executor --regen-round-cost host=srv1 tree=1586623217430a071e24150395f82948829f4db5 tree_dirty=false seed_build_compiled_crates=1 rebuild_compiled_crates=2 rustfmt_spawns=622
regen-round-cost: phase=seed_build wall_ms=334355 cpu_ms=581640
regen-round-cost: phase=corpus_load wall_ms=23402 cpu_ms=23290
regen-round-cost: phase=compile.frontend wall_ms=34730 cpu_ms=34570
regen-round-cost: phase=compile.normalize wall_ms=779 cpu_ms=790
regen-round-cost: phase=compile.reconcile wall_ms=47502 cpu_ms=47310
regen-round-cost: phase=compile.analyses wall_ms=777 cpu_ms=770
regen-round-cost: phase=compile.emit wall_ms=331595 cpu_ms=329710
regen-round-cost: phase=mirror_write wall_ms=28710 cpu_ms=29140
regen-round-cost: phase=candidate_verify wall_ms=0 cpu_ms=0
regen-round-cost: phase=adjudicate wall_ms=12 cpu_ms=20
regen-round-cost: phase=hand_verify wall_ms=114 cpu_ms=110
regen-round-cost: phase=digest wall_ms=27861 cpu_ms=28260
regen-round-cost: phase=rebuild_from_installed wall_ms=333075 cpu_ms=576310
regen-round-cost: phase=install wall_ms=358215 cpu_ms=601340
regen-round-cost: phase=rebuild_from_installed wall_ms=393670 cpu_ms=676680
regen-round-cost: phase=install wall_ms=424151 cpu_ms=706870
regen-round-cost: total wall_ms=2338948 cpu_ms=3636810
regen-round-cost: changed_paths=2 [src/v1/stage0/src/std_compiler_entry.rs, src/v1/stage0/src/v1_compiler_emit_rust.rs]
regen-round-cost: convergence_stages=2 [stage-1, stage-2]
partition-rebuild: PartitionRebuildScopeDerived changed_mirrors=[std_compiler_entry.rs, v1_compiler_emit_rust.rs] owning_packages=[v1-compiler] package_closure=[v1-compiler] executable_assembly=assembled package=v1-compiler bin=claim_executor
regen-round-cost: execution-identity rebuild_packages=1 [v1-compiler] executable_digest=fnv1a64:e93e774decb58bdf second_generation_candidate=fnv1a64:f943ec84e97c732f
regen-round-cost: receipt=/home/briansrls/eager-raven-113/regen.YpxPND/repo/target/stage0-regen-round-cost.txt
memory-cgroup-bind: not requested
◐ started compile.frontend
✓ compile.frontend done in 28 seconds
✓ compile.normalize done in 669ms
✓ compile.reconcile done in 50 seconds
✓ compile.analyses done in 708ms
◐ started compile.emit
✓ compile.emit done in 5 minutes
required-regen-fixed-point: fixed_point_equal=true referenced_first_generation_equal=true referenced_at=1586623217430a071e24150395f82948829f4db5
   Compiling v1-compiler-tests v0.1.0 (/home/briansrls/eager-raven-113/regen.YpxPND/repo/src/v1/tests)
    Finished `release` profile [optimized] target(s) in 10.37s
     Running unittests src/lib.rs (target/release/deps/v1_compiler_tests-f915ab3212d3fe28)

running 7 tests
test native_driver_cost_refusal_test::a_child_that_has_not_exited_is_pending_not_unobserved ... ok
test native_driver_cost_refusal_test::a_completed_capture_with_no_cost_rows_is_unobserved ... ok
test native_driver_cost_refusal_test::a_planted_partition_line_is_observed ... ok
test native_driver_cost_refusal_test::emitted_driver_refuses_over_attribution_instead_of_clamping_and_fails_the_process ... ok
test native_driver_cost_refusal_test::planted_over_attribution_is_over_attributed_not_clamped ... ok
test native_driver_cost_refusal_test::reconciled_parent_passes ... ok
test native_driver_cost_refusal_test::the_preparation_span_closes_before_any_declaration_is_evaluated ... ok

test result: ok. 7 passed; 0 failed; 0 ignored; 0 measured; 44 filtered out; finished in 0.01s

