Running as unit: run-r80175ab14d26439a9a3d55baefa49d5a.scope; invocation ID: 3b2d07dbc12e43fc8054ab9f9851af61
   Compiling proc-macro2 v1.0.106
   Compiling unicode-ident v1.0.24
   Compiling quote v1.0.45
   Compiling find-msvc-tools v0.1.9
   Compiling shlex v1.3.0
   Compiling cc v1.2.62
   Compiling syn v2.0.117
   Compiling version_check v0.9.5
   Compiling serde_core v1.0.228
   Compiling libc v0.2.186
   Compiling cfg-if v1.0.4
   Compiling typenum v1.20.1
   Compiling synstructure v0.13.2
   Compiling zerofrom-derive v0.1.7
   Compiling yoke-derive v0.8.2
   Compiling zerofrom v0.1.8
   Compiling stable_deref_trait v1.2.1
   Compiling serde v1.0.228
   Compiling yoke v0.8.2
   Compiling serde_derive v1.0.228
   Compiling object v0.37.3
   Compiling zerovec-derive v0.11.3
   Compiling memchr v2.8.0
   Compiling zerovec v0.11.6
   Compiling displaydoc v0.2.5
   Compiling zmij v1.0.21
   Compiling ar_archive_writer v0.5.1
   Compiling serde_json v1.0.149
   Compiling tinystr v0.8.3
   Compiling bitmaps v2.1.0
   Compiling psm v0.1.31
   Compiling im v15.1.0
   Compiling stacker v0.1.24
   Compiling litemap v0.8.2
   Compiling writeable v0.6.3
   Compiling rand_core v0.6.4
   Compiling itoa v1.0.18
   Compiling rand_xoshiro v0.6.0
   Compiling icu_locale_core v2.2.0
   Compiling sized-chunks v0.6.5
   Compiling zerotrie v0.2.4
   Compiling potential_utf v0.1.5
   Compiling generic-array v0.14.7
   Compiling icu_properties_data v2.2.0
   Compiling icu_normalizer_data v2.2.0
   Compiling utf8_iter v1.0.4
   Compiling icu_collections v2.2.0
   Compiling icu_provider v2.2.0
   Compiling ring v0.17.14
   Compiling unicode-properties v0.1.4
   Compiling zeroize v1.8.2
   Compiling rustls-pki-types v1.14.1
   Compiling v1-stage0-runtime v0.1.0 (/home/briansrls/eager-raven-113/regen.j3NclR/repo/src/v1/stage0_runtime)
   Compiling subtle v2.6.1
   Compiling smallvec v1.15.1
   Compiling icu_normalizer v2.2.0
   Compiling icu_properties v2.2.0
   Compiling v1-stage0-std-core v0.1.0 (/home/briansrls/eager-raven-113/regen.j3NclR/repo/src/v1/stage0_std_core)
   Compiling getrandom v0.2.17
   Compiling utf8parse v0.2.2
   Compiling crc32fast v1.5.0
   Compiling untrusted v0.9.0
   Compiling anstyle-parse v1.0.0
   Compiling idna_adapter v1.2.2
   Compiling block-buffer v0.10.4
   Compiling crypto-common v0.1.7
   Compiling equivalent v1.0.2
   Compiling simd-adler32 v0.3.9
   Compiling rustls v0.23.40
   Compiling adler2 v2.0.1
   Compiling anstyle v1.0.14
   Compiling colorchoice v1.0.5
   Compiling is_terminal_polyfill v1.70.2
   Compiling percent-encoding v2.3.2
   Compiling hashbrown v0.17.1
   Compiling anstyle-query v1.1.5
   Compiling anstream v1.0.0
   Compiling indexmap v2.14.0
   Compiling form_urlencoded v1.2.2
   Compiling miniz_oxide v0.8.9
   Compiling digest v0.10.7
   Compiling idna v1.1.0
   Compiling v1-stage0-std-surface v0.1.0 (/home/briansrls/eager-raven-113/regen.j3NclR/repo/src/v1/stage0_std_surface)
   Compiling v1-stage0-extdeps-languages v0.1.0 (/home/briansrls/eager-raven-113/regen.j3NclR/repo/src/v1/stage0_extdeps_languages)
   Compiling rustls-webpki v0.103.13
   Compiling webpki-roots v1.0.7
   Compiling serde_spanned v0.6.9
   Compiling toml_datetime v0.6.11
   Compiling winnow v0.7.15
   Compiling strsim v0.11.1
   Compiling once_cell v1.21.4
   Compiling log v0.4.29
   Compiling clap_lex v1.1.0
   Compiling heck v0.5.0
   Compiling toml_write v0.1.2
   Compiling toml_edit v0.22.27
   Compiling clap_derive v4.6.1
   Compiling clap_builder v4.6.0
   Compiling webpki-roots v0.26.11
   Compiling flate2 v1.1.9
   Compiling v1-stage0-v1-artifact v0.1.0 (/home/briansrls/eager-raven-113/regen.j3NclR/repo/src/v1/stage0_v1_artifact)
   Compiling url v2.5.8
   Compiling cpufeatures v0.2.17
   Compiling base64 v0.22.1
   Compiling v1-compiler v0.1.0 (/home/briansrls/eager-raven-113/regen.j3NclR/repo/src/v1/stage0)
   Compiling ureq v2.12.1
   Compiling sha2 v0.10.9
   Compiling v1-stage0-v1-infer v0.1.0 (/home/briansrls/eager-raven-113/regen.j3NclR/repo/src/v1/stage0_v1_infer)
   Compiling clap v4.6.1
   Compiling toml v0.8.23
   Compiling hmac v0.12.1
   Compiling lazy_static v1.5.0
   Compiling hex v0.4.3
    Finished `release` profile [optimized] target(s) in 12m 06s
memory-cgroup-bind: not requested
◐ started round.seed_build
✓ round.seed_build done in 267ms
regen-scope: WholePopulationScope
◐ started regen.corpus_load
✓ regen.corpus_load done in 32 seconds
◐ started compile.frontend
✓ compile.frontend done in 54 seconds
✓ compile.normalize done in 842ms
✓ compile.reconcile done in 63 seconds
✓ compile.analyses done in 1 seconds
◐ started compile.emit
✓ compile.emit done in 9 minutes
◐ started regen.mirror_write
✓ regen.mirror_write done in 44 seconds
◐ started regen.candidate_verify
✓ regen.candidate_verify done in 1ms
◐ started regen.adjudicate
✓ regen.adjudicate done in 28ms
◐ started regen.hand_verify
✓ regen.hand_verify done in 204ms
◐ started regen.digest
✓ regen.digest done in 38 seconds
required-regen: elapsed_ms=852519 first_generation_equal=false planned=155 executed=155 adjudicated=155 declared_divergent=1 [main.rs]
◐ started round.install
◐ started round.rebuild_from_installed
✓ round.rebuild_from_installed done in 9 minutes
✓ round.install done in 10 minutes
◐ started round.install
◐ started round.rebuild_from_installed
✓ round.rebuild_from_installed done in 6 minutes
✓ round.install done in 6 minutes
regen-round-cost: producer=claim_executor --regen-round-cost host=srv1 tree=f6f2dfdaaef11a722e976fced53540a82cd22a13 tree_dirty=false seed_build_compiled_crates=0 rebuild_compiled_crates=2 rustfmt_spawns=622
regen-round-cost: phase=seed_build wall_ms=267 cpu_ms=230
regen-round-cost: phase=corpus_load wall_ms=32368 cpu_ms=31710
regen-round-cost: phase=compile.frontend wall_ms=54038 cpu_ms=52860
regen-round-cost: phase=compile.normalize wall_ms=842 cpu_ms=840
regen-round-cost: phase=compile.reconcile wall_ms=63887 cpu_ms=63290
regen-round-cost: phase=compile.analyses wall_ms=1096 cpu_ms=1070
regen-round-cost: phase=compile.emit wall_ms=564213 cpu_ms=546280
regen-round-cost: phase=mirror_write wall_ms=44839 cpu_ms=42740
regen-round-cost: phase=candidate_verify wall_ms=1 cpu_ms=0
regen-round-cost: phase=adjudicate wall_ms=28 cpu_ms=30
regen-round-cost: phase=hand_verify wall_ms=204 cpu_ms=240
regen-round-cost: phase=digest wall_ms=38509 cpu_ms=37680
regen-round-cost: phase=rebuild_from_installed wall_ms=588819 cpu_ms=977570
regen-round-cost: phase=install wall_ms=647791 cpu_ms=1032870
regen-round-cost: phase=rebuild_from_installed wall_ms=375285 cpu_ms=642340
regen-round-cost: phase=install wall_ms=400775 cpu_ms=667620
regen-round-cost: total wall_ms=2812962 cpu_ms=4097370
regen-round-cost: changed_paths=2 [src/v1/stage0/src/std_compiler_entry.rs, src/v1/stage0/src/v1_compiler_emit_rust.rs]
regen-round-cost: convergence_stages=2 [stage-1, stage-2]
partition-rebuild: PartitionRebuildScopeDerived changed_mirrors=[std_compiler_entry.rs, v1_compiler_emit_rust.rs] owning_packages=[v1-compiler] package_closure=[v1-compiler] executable_assembly=assembled package=v1-compiler bin=claim_executor
regen-round-cost: execution-identity rebuild_packages=1 [v1-compiler] executable_digest=fnv1a64:dcd0ed0a736af089 second_generation_candidate=fnv1a64:be6b0b3df3383994
regen-round-cost: receipt=/home/briansrls/eager-raven-113/regen.j3NclR/repo/target/stage0-regen-round-cost.txt
memory-cgroup-bind: not requested
◐ started compile.frontend
✓ compile.frontend done in 53 seconds
✓ compile.normalize done in 722ms
✓ compile.reconcile done in 50 seconds
✓ compile.analyses done in 766ms
◐ started compile.emit
✓ compile.emit done in 6 minutes
required-regen-fixed-point: fixed_point_equal=true referenced_first_generation_equal=true referenced_at=f6f2dfdaaef11a722e976fced53540a82cd22a13
   Compiling v1-compiler-tests v0.1.0 (/home/briansrls/eager-raven-113/regen.j3NclR/repo/src/v1/tests)
warning: unused import: `NativeDriverExclusiveRows`
  --> src/v1/tests/src/native_driver_cost_refusal_test.rs:16:5
   |
16 |     NativeDriverExclusiveRows,
   |     ^^^^^^^^^^^^^^^^^^^^^^^^^
   |
   = note: `#[warn(unused_imports)]` (part of `#[warn(unused)]`) on by default

error[E0308]: mismatched types
  --> src/v1/tests/src/native_driver_cost_refusal_test.rs:34:26
   |
34 |           std::rc::Rc::new(native_driver_exclusive_rows(|k| match k {
   |  _________----------------_^
   | |         |
   | |         arguments to this function are incorrect
35 | |             NativeDriverExclusiveRowKey::ExclusiveLoad => nanosecond(40),
36 | |             NativeDriverExclusiveRowKey::ExclusiveUniverseDerivation => nanosecond(0),
37 | |             NativeDriverExclusiveRowKey::ExclusiveContext => nanosecond(40),
...  |
43 | |             NativeDriverExclusiveRowKey::ExclusiveRelayEmit => nanosecond(0),
44 | |         })),
   | |__________^ expected `NativeDriverExclusiveRows`, found `Rc<NativeDriverExclusiveRows>`
   |
   = note: expected struct `NativeDriverExclusiveRows`
              found struct `Rc<NativeDriverExclusiveRows>`
note: associated function defined here
  --> /rustc/254b59607d4417e9dffbc307138ae5c86280fe4c/library/alloc/src/rc.rs:413:12

error[E0308]: mismatched types
  --> src/v1/tests/src/native_driver_cost_refusal_test.rs:63:26
   |
63 |           std::rc::Rc::new(native_driver_exclusive_rows(|k| match k {
   |  _________----------------_^
   | |         |
   | |         arguments to this function are incorrect
64 | |             NativeDriverExclusiveRowKey::ExclusiveLoad => nanosecond(432921485),
65 | |             NativeDriverExclusiveRowKey::ExclusiveUniverseDerivation => nanosecond(0),
66 | |             NativeDriverExclusiveRowKey::ExclusiveContext => nanosecond(3380085706753),
...  |
72 | |             NativeDriverExclusiveRowKey::ExclusiveRelayEmit => nanosecond(0),
73 | |         })),
   | |__________^ expected `NativeDriverExclusiveRows`, found `Rc<NativeDriverExclusiveRows>`
   |
   = note: expected struct `NativeDriverExclusiveRows`
              found struct `Rc<NativeDriverExclusiveRows>`
note: associated function defined here
  --> /rustc/254b59607d4417e9dffbc307138ae5c86280fe4c/library/alloc/src/rc.rs:413:12

For more information about this error, try `rustc --explain E0308`.
warning: `v1-compiler-tests` (lib test) generated 1 warning
error: could not compile `v1-compiler-tests` (lib test) due to 2 previous errors; 1 warning emitted
