SEED_STATE mirrors_from=7de7e1a647b897c42f9a1d8092886fe33cf5d889 sources=9a716a37dcb81a518101819a543ef24284fde7c5
M  src/v1/stage0/src/v1_compiler_infer.rs
Running as unit: run-rdc06cfb85a01461ab0624adff4052c3c.scope; invocation ID: fceb96a544654230b3da759ba175d0af
   Compiling proc-macro2 v1.0.106
   Compiling unicode-ident v1.0.24
   Compiling quote v1.0.45
   Compiling find-msvc-tools v0.1.9
   Compiling shlex v1.3.0
   Compiling cc v1.2.62
   Compiling syn v2.0.117
   Compiling version_check v0.9.5
   Compiling libc v0.2.186
   Compiling serde_core v1.0.228
   Compiling cfg-if v1.0.4
   Compiling typenum v1.20.1
   Compiling synstructure v0.13.2
   Compiling serde v1.0.228
   Compiling zerofrom-derive v0.1.7
   Compiling yoke-derive v0.8.2
   Compiling zerofrom v0.1.8
   Compiling stable_deref_trait v1.2.1
   Compiling yoke v0.8.2
   Compiling serde_derive v1.0.228
   Compiling object v0.37.3
   Compiling zerovec-derive v0.11.3
   Compiling memchr v2.8.0
   Compiling zerovec v0.11.6
   Compiling displaydoc v0.2.5
   Compiling ar_archive_writer v0.5.1
   Compiling zmij v1.0.21
   Compiling serde_json v1.0.149
   Compiling tinystr v0.8.3
   Compiling psm v0.1.31
   Compiling bitmaps v2.1.0
   Compiling im v15.1.0
   Compiling stacker v0.1.24
   Compiling writeable v0.6.3
   Compiling litemap v0.8.2
   Compiling itoa v1.0.18
   Compiling rand_core v0.6.4
   Compiling rand_xoshiro v0.6.0
   Compiling icu_locale_core v2.2.0
   Compiling sized-chunks v0.6.5
   Compiling zerotrie v0.2.4
   Compiling potential_utf v0.1.5
   Compiling generic-array v0.14.7
   Compiling icu_normalizer_data v2.2.0
   Compiling utf8_iter v1.0.4
   Compiling icu_properties_data v2.2.0
   Compiling icu_collections v2.2.0
   Compiling icu_provider v2.2.0
   Compiling ring v0.17.14
   Compiling unicode-properties v0.1.4
   Compiling zeroize v1.8.2
   Compiling rustls-pki-types v1.14.1
   Compiling v1-stage0-runtime v0.1.0 (/home/briansrls/eager-raven-113/regenA.K1FJww/repo/src/v1/stage0_runtime)
   Compiling subtle v2.6.1
   Compiling smallvec v1.15.1
   Compiling icu_normalizer v2.2.0
   Compiling icu_properties v2.2.0
   Compiling v1-stage0-std-core v0.1.0 (/home/briansrls/eager-raven-113/regenA.K1FJww/repo/src/v1/stage0_std_core)
   Compiling getrandom v0.2.17
   Compiling utf8parse v0.2.2
   Compiling untrusted v0.9.0
   Compiling crc32fast v1.5.0
   Compiling anstyle-parse v1.0.0
   Compiling idna_adapter v1.2.2
   Compiling crypto-common v0.1.7
   Compiling block-buffer v0.10.4
   Compiling colorchoice v1.0.5
   Compiling hashbrown v0.17.1
   Compiling adler2 v2.0.1
   Compiling simd-adler32 v0.3.9
   Compiling equivalent v1.0.2
   Compiling anstyle-query v1.1.5
   Compiling is_terminal_polyfill v1.70.2
   Compiling anstyle v1.0.14
   Compiling percent-encoding v2.3.2
   Compiling rustls v0.23.40
   Compiling form_urlencoded v1.2.2
   Compiling anstream v1.0.0
   Compiling indexmap v2.14.0
   Compiling miniz_oxide v0.8.9
   Compiling digest v0.10.7
   Compiling idna v1.1.0
   Compiling v1-stage0-std-surface v0.1.0 (/home/briansrls/eager-raven-113/regenA.K1FJww/repo/src/v1/stage0_std_surface)
   Compiling v1-stage0-extdeps-languages v0.1.0 (/home/briansrls/eager-raven-113/regenA.K1FJww/repo/src/v1/stage0_extdeps_languages)
   Compiling rustls-webpki v0.103.13
   Compiling webpki-roots v1.0.7
   Compiling serde_spanned v0.6.9
   Compiling toml_datetime v0.6.11
   Compiling winnow v0.7.15
   Compiling heck v0.5.0
   Compiling once_cell v1.21.4
   Compiling strsim v0.11.1
   Compiling toml_write v0.1.2
   Compiling log v0.4.29
   Compiling clap_lex v1.1.0
   Compiling clap_builder v4.6.0
   Compiling toml_edit v0.22.27
   Compiling clap_derive v4.6.1
   Compiling webpki-roots v0.26.11
   Compiling flate2 v1.1.9
   Compiling v1-stage0-v1-artifact v0.1.0 (/home/briansrls/eager-raven-113/regenA.K1FJww/repo/src/v1/stage0_v1_artifact)
   Compiling url v2.5.8
   Compiling cpufeatures v0.2.17
   Compiling base64 v0.22.1
   Compiling v1-compiler v0.1.0 (/home/briansrls/eager-raven-113/regenA.K1FJww/repo/src/v1/stage0)
   Compiling ureq v2.12.1
   Compiling sha2 v0.10.9
   Compiling v1-stage0-v1-infer v0.1.0 (/home/briansrls/eager-raven-113/regenA.K1FJww/repo/src/v1/stage0_v1_infer)
   Compiling clap v4.6.1
   Compiling toml v0.8.23
   Compiling hmac v0.12.1
   Compiling hex v0.4.3
   Compiling lazy_static v1.5.0
    Finished `release` profile [optimized] target(s) in 8m 22s
memory-cgroup-bind: not requested
◐ started round.seed_build
✓ round.seed_build done in 158ms
regen-scope: WholePopulationScope
◐ started regen.corpus_load
✓ regen.corpus_load done in 20 seconds
◐ started compile.frontend
✓ compile.frontend done in 30 seconds
✓ compile.normalize done in 709ms
✓ compile.reconcile done in 43 seconds
✓ compile.analyses done in 645ms
◐ started compile.emit
✓ compile.emit done in 3 minutes
◐ started regen.mirror_write
✓ regen.mirror_write done in 27 seconds
◐ started regen.candidate_verify
✓ regen.candidate_verify done in 0ms
◐ started regen.adjudicate
✓ regen.adjudicate done in 10ms
◐ started regen.hand_verify
✓ regen.hand_verify done in 109ms
◐ started regen.digest
✓ regen.digest done in 26 seconds
required-regen: elapsed_ms=393294 first_generation_equal=false planned=155 executed=155 adjudicated=155 declared_divergent=1 [main.rs]
◐ started round.install
◐ started round.rebuild_from_installed
✓ round.rebuild_from_installed done in 6 minutes
✓ round.install done in 6 minutes
regen-round-cost: refused: next generation refused; checkpoint restored: rebuilt seed produced no fresh generation receipt at /home/briansrls/eager-raven-113/regenA.K1FJww/repo/target/stage0-regen-receipt.json; status=exit status: 1 stderr_tail=method 'any' cannot be resolved: receiver type 'Primitive()' establishes no method surface, so the method's existence is not established and no declared frontier row admits it (src/v1/05_emit_rust.dag:759408-759410) | method 'count' cannot be resolved: receiver type 'Primitive()' establishes no method surface, so the method's existence is not established and no declared frontier row admits it (src/v1/05_emit_rust.dag:760260-760262) | method 'any' cannot be resolved: receiver type 'Primitive()' establishes no method surface, so the method's existence is not established and no declared frontier row admits it (src/v1/05_emit_rust.dag:760686-760688) | method 'any' cannot be resolved: receiver type 'Primitive()' establishes no method surface, so the method's existence is not established and no declared frontier row admits it (src/v1/05_emit_rust.dag:760791-760793) | method 'any' cannot be resolved: receiver type 'Primitive()' establishes no method surface, so the method's existence is not established and no declared frontier row admits it (src/v1/05_emit_rust.dag:760768-760770) | if branches resolve to incompatible types: Primitive(String) vs Node(Optional<Primitive(String)>) (src/v1/05_emit_rust.dag:807210-807212) | if branches resolve to incompatible types: Product(RcGroupedArmPlan) vs Node(Optional<Product(RcGroupedArmPlan)>) (src/v1/05_emit_rust.dag:812528-812530) | if branches resolve to incompatible types: Node(Optional<Primitive(Node)>) vs Primitive(Node) (src/v1/05_emit_rust.dag:832210-832212) | if branches resolve to incompatible types: Primitive(String) vs Node(Optional<Primitive(String)>) (src/v1/05_emit_rust.dag:839838-839840) | if branches resolve to incompatible types: Node(Optional<Primitive(String)>) vs Primitive(String) (src/v1/05_emit_rust.dag:840331-840333) | if branches resolve to incompatible types: Node(Optional<Primitive(Node)>) vs Primitive(Node) (src/v1/05_emit_rust.dag:933907-933909) | if branches resolve to incompatible types: Product(CompilerPipelineEntryDecl) vs Node(Optional<Product(CompilerPipelineEntryDecl)>) (src/v1/05_emit_rust.dag:1039931-1039933)
