/home/briansrls/eager-raven-113/regenB0c.3wJWlT/b0-rust-test-route.patch: OK
PATCH_APPLIED relay=09fe5cad83e6cff19fba0ed42470b5a914dbc14e
SEED_STATE mirrors_from=MAIN_COMMITTED(b7fe50a6b0cc22a2e86e7c0a8fddf1ae8ea388c3) sources=b7fe50a6b0cc22a2e86e7c0a8fddf1ae8ea388c3+b0-rust-test-route.patch
M  dag/gunbc/recurring_failure_mode/ownership_branch_join_discards_whole_value_read.dag
A  src/v1/stage0/tests/ownership_branch_read.rs
D  src/v1/test/claim/ownership_branch_read_witness_test.dag
Running as unit: run-r9b4996ed91b34d9099e9ce8244f4c051.scope; invocation ID: 6dd8d3dcb32648d896e8319e6d0584e0
   Compiling proc-macro2 v1.0.106
   Compiling unicode-ident v1.0.24
   Compiling quote v1.0.45
   Compiling find-msvc-tools v0.1.9
   Compiling shlex v1.3.0
   Compiling cc v1.2.62
   Compiling syn v2.0.117
   Compiling version_check v0.9.5
   Compiling serde_core v1.0.228
   Compiling libc v0.2.186
   Compiling typenum v1.20.1
   Compiling cfg-if v1.0.4
   Compiling synstructure v0.13.2
   Compiling zerofrom-derive v0.1.7
   Compiling yoke-derive v0.8.2
   Compiling zerofrom v0.1.8
   Compiling stable_deref_trait v1.2.1
   Compiling serde v1.0.228
   Compiling serde_derive v1.0.228
   Compiling yoke v0.8.2
   Compiling object v0.37.3
   Compiling zerovec-derive v0.11.3
   Compiling memchr v2.8.0
   Compiling zerovec v0.11.6
   Compiling displaydoc v0.2.5
   Compiling ar_archive_writer v0.5.1
   Compiling zmij v1.0.21
   Compiling serde_json v1.0.149
   Compiling tinystr v0.8.3
   Compiling psm v0.1.31
   Compiling bitmaps v2.1.0
   Compiling im v15.1.0
   Compiling stacker v0.1.24
   Compiling writeable v0.6.3
   Compiling rand_core v0.6.4
   Compiling litemap v0.8.2
   Compiling itoa v1.0.18
   Compiling icu_locale_core v2.2.0
   Compiling rand_xoshiro v0.6.0
   Compiling sized-chunks v0.6.5
   Compiling zerotrie v0.2.4
   Compiling potential_utf v0.1.5
   Compiling generic-array v0.14.7
   Compiling icu_normalizer_data v2.2.0
   Compiling icu_properties_data v2.2.0
   Compiling utf8_iter v1.0.4
   Compiling icu_provider v2.2.0
   Compiling icu_collections v2.2.0
   Compiling ring v0.17.14
   Compiling zeroize v1.8.2
   Compiling unicode-properties v0.1.4
   Compiling rustls-pki-types v1.14.1
   Compiling v1-stage0-runtime v0.1.0 (/home/briansrls/eager-raven-113/regenB0c.3wJWlT/repo/src/v1/stage0_runtime)
   Compiling subtle v2.6.1
   Compiling smallvec v1.15.1
   Compiling icu_normalizer v2.2.0
   Compiling icu_properties v2.2.0
   Compiling v1-stage0-std-core v0.1.0 (/home/briansrls/eager-raven-113/regenB0c.3wJWlT/repo/src/v1/stage0_std_core)
   Compiling getrandom v0.2.17
   Compiling crc32fast v1.5.0
   Compiling utf8parse v0.2.2
   Compiling untrusted v0.9.0
   Compiling anstyle-parse v1.0.0
   Compiling idna_adapter v1.2.2
   Compiling block-buffer v0.10.4
   Compiling crypto-common v0.1.7
   Compiling anstyle v1.0.14
   Compiling equivalent v1.0.2
   Compiling hashbrown v0.17.1
   Compiling colorchoice v1.0.5
   Compiling simd-adler32 v0.3.9
   Compiling percent-encoding v2.3.2
   Compiling anstyle-query v1.1.5
   Compiling adler2 v2.0.1
   Compiling is_terminal_polyfill v1.70.2
   Compiling rustls v0.23.40
   Compiling anstream v1.0.0
   Compiling miniz_oxide v0.8.9
   Compiling form_urlencoded v1.2.2
   Compiling indexmap v2.14.0
   Compiling digest v0.10.7
   Compiling idna v1.1.0
   Compiling rustls-webpki v0.103.13
   Compiling v1-stage0-std-surface v0.1.0 (/home/briansrls/eager-raven-113/regenB0c.3wJWlT/repo/src/v1/stage0_std_surface)
   Compiling v1-stage0-extdeps-languages v0.1.0 (/home/briansrls/eager-raven-113/regenB0c.3wJWlT/repo/src/v1/stage0_extdeps_languages)
   Compiling webpki-roots v1.0.7
   Compiling toml_datetime v0.6.11
   Compiling serde_spanned v0.6.9
   Compiling toml_write v0.1.2
   Compiling winnow v0.7.15
   Compiling clap_lex v1.1.0
   Compiling heck v0.5.0
   Compiling once_cell v1.21.4
   Compiling log v0.4.29
   Compiling strsim v0.11.1
   Compiling clap_builder v4.6.0
   Compiling clap_derive v4.6.1
   Compiling toml_edit v0.22.27
   Compiling webpki-roots v0.26.11
   Compiling v1-stage0-v1-artifact v0.1.0 (/home/briansrls/eager-raven-113/regenB0c.3wJWlT/repo/src/v1/stage0_v1_artifact)
   Compiling flate2 v1.1.9
   Compiling url v2.5.8
   Compiling cpufeatures v0.2.17
   Compiling v1-compiler v0.1.0 (/home/briansrls/eager-raven-113/regenB0c.3wJWlT/repo/src/v1/stage0)
   Compiling base64 v0.22.1
   Compiling ureq v2.12.1
   Compiling sha2 v0.10.9
   Compiling v1-stage0-v1-infer v0.1.0 (/home/briansrls/eager-raven-113/regenB0c.3wJWlT/repo/src/v1/stage0_v1_infer)
   Compiling toml v0.8.23
   Compiling clap v4.6.1
   Compiling hmac v0.12.1
   Compiling hex v0.4.3
   Compiling lazy_static v1.5.0
    Finished `release` profile [optimized] target(s) in 8m 36s
memory-cgroup-bind: not requested
◐ started round.seed_build
✓ round.seed_build done in 5 minutes
regen-scope: WholePopulationScope
◐ started regen.corpus_load
✓ regen.corpus_load done in 21 seconds
◐ started compile.frontend
✓ compile.frontend done in 32 seconds
✓ compile.normalize done in 753ms
✓ compile.reconcile done in 50 seconds
✓ compile.analyses done in 824ms
◐ started compile.emit
✓ compile.emit done in 6 minutes
◐ started regen.mirror_write
✓ regen.mirror_write done in 28 seconds
◐ started regen.candidate_verify
✓ regen.candidate_verify done in 0ms
◐ started regen.adjudicate
✓ regen.adjudicate done in 1ms
regen-round-cost: refused: regen refused before convergence planning: refusal: committed mirror is no longer emitted — ["test_claim_ownership_branch_read_witness_test.rs"]; the emitter stopped producing these surfaces, so either the authority that emitted them was removed on purpose (delete the committed mirror) or it regressed (restore it) — do NOT install anything for this class — the produced candidate tree is at /home/briansrls/eager-raven-113/regenB0c.3wJWlT/repo/target/stage0-regen-candidate/src
DELETED_STALE_MIRROR test_claim_ownership_branch_read_witness_test.rs
Running as unit: run-r3f3b571a06f9402bb1b95c72dcc81cfb.scope; invocation ID: daec063cd0e84790a30d3dd28a1d02a2
   Compiling v1-compiler v0.1.0 (/home/briansrls/eager-raven-113/regenB0c.3wJWlT/repo/src/v1/stage0)
error[E0583]: file not found for module `test_claim_ownership_branch_read_witness_test`
   --> src/v1/stage0/src/lib.rs:326:1
    |
326 | pub mod test_claim_ownership_branch_read_witness_test;
    | ^^^^^^^^^^^^^^^^^^^^^^^^^^^^^^^^^^^^^^^^^^^^^^^^^^^^^^
    |
    = help: to create the module `test_claim_ownership_branch_read_witness_test`, create file "src/v1/stage0/src/test_claim_ownership_branch_read_witness_test.rs" or "src/v1/stage0/src/test_claim_ownership_branch_read_witness_test/mod.rs"
    = note: if there is a `mod test_claim_ownership_branch_read_witness_test` elsewhere in the crate already, import it with `use crate::...` instead

For more information about this error, try `rustc --explain E0583`.
error: could not compile `v1-compiler` (lib) due to 1 previous error
ROUND1 rc=101
M  src/v1/stage0/src/emitted_population.rs
M  src/v1/stage0/src/lib.rs
D  src/v1/stage0/src/test_claim_ownership_branch_read_witness_test.rs
Running as unit: run-r85df68b69bcb484d9c85d4b24ab1e13c.scope; invocation ID: 7d0cac0d2ad64a838242982689d55eb4
   Compiling v1-stage0-runtime v0.1.0 (/home/briansrls/eager-raven-113/regenB0c.3wJWlT/repo/src/v1/stage0_runtime)
   Compiling v1-compiler v0.1.0 (/home/briansrls/eager-raven-113/regenB0c.3wJWlT/repo/src/v1/stage0)
   Compiling v1-stage0-std-core v0.1.0 (/home/briansrls/eager-raven-113/regenB0c.3wJWlT/repo/src/v1/stage0_std_core)
   Compiling v1-stage0-std-surface v0.1.0 (/home/briansrls/eager-raven-113/regenB0c.3wJWlT/repo/src/v1/stage0_std_surface)
   Compiling v1-stage0-extdeps-languages v0.1.0 (/home/briansrls/eager-raven-113/regenB0c.3wJWlT/repo/src/v1/stage0_extdeps_languages)
   Compiling v1-stage0-v1-artifact v0.1.0 (/home/briansrls/eager-raven-113/regenB0c.3wJWlT/repo/src/v1/stage0_v1_artifact)
   Compiling v1-stage0-v1-infer v0.1.0 (/home/briansrls/eager-raven-113/regenB0c.3wJWlT/repo/src/v1/stage0_v1_infer)
    Finished `release` profile [optimized] target(s) in 9m 09s
memory-cgroup-bind: not requested
◐ started round.seed_build
✓ round.seed_build done in 6 minutes
regen-scope: WholePopulationScope
◐ started regen.corpus_load
✓ regen.corpus_load done in 19 seconds
◐ started compile.frontend
✓ compile.frontend done in 35 seconds
✓ compile.normalize done in 760ms
✓ compile.reconcile done in 49 seconds
✓ compile.analyses done in 815ms
◐ started compile.emit
✓ compile.emit done in 5 minutes
◐ started regen.mirror_write
✓ regen.mirror_write done in 118ms
◐ started regen.candidate_verify
✓ regen.candidate_verify done in 0ms
◐ started regen.adjudicate
✓ regen.adjudicate done in 13ms
◐ started regen.hand_verify
✓ regen.hand_verify done in 119ms
◐ started regen.digest
✓ regen.digest done in 27 seconds
required-regen: elapsed_ms=460516 first_generation_equal=true planned=155 executed=155 adjudicated=155 declared_divergent=1 [main.rs]
regen-round-cost: producer=claim_executor --regen-round-cost host=srv1 tree=22151b073136e5e22b7e5d3379d611d7a45933e2 tree_dirty=false seed_build_compiled_crates=1 rebuild_compiled_crates=0 rustfmt_spawns=310
regen-round-cost: phase=seed_build wall_ms=367648 cpu_ms=631880
regen-round-cost: phase=corpus_load wall_ms=19949 cpu_ms=19860
regen-round-cost: phase=compile.frontend wall_ms=35608 cpu_ms=35450
regen-round-cost: phase=compile.normalize wall_ms=760 cpu_ms=760
regen-round-cost: phase=compile.reconcile wall_ms=49603 cpu_ms=49390
regen-round-cost: phase=compile.analyses wall_ms=815 cpu_ms=820
regen-round-cost: phase=compile.emit wall_ms=300174 cpu_ms=298780
regen-round-cost: phase=mirror_write wall_ms=118 cpu_ms=90
regen-round-cost: phase=candidate_verify wall_ms=0 cpu_ms=0
regen-round-cost: phase=adjudicate wall_ms=13 cpu_ms=10
regen-round-cost: phase=hand_verify wall_ms=119 cpu_ms=120
regen-round-cost: phase=digest wall_ms=27067 cpu_ms=27780
regen-round-cost: total wall_ms=801874 cpu_ms=1064940
regen-round-cost: changed_paths=0 []
regen-round-cost: convergence_stages=0 []
partition-rebuild: RebuildScopeRefused NoChangedMirrorsToRebuild
regen-round-cost: execution-identity rebuild_packages=0 [] executable_digest=fnv1a64:debb15327ae97df1 second_generation_candidate=fnv1a64:b7b4575b08eacd2f
regen-round-cost: receipt=/home/briansrls/eager-raven-113/regenB0c.3wJWlT/repo/target/stage0-regen-round-cost.txt
memory-cgroup-bind: not requested
◐ started compile.frontend
✓ compile.frontend done in 29 seconds
✓ compile.normalize done in 650ms
✓ compile.reconcile done in 50 seconds
✓ compile.analyses done in 753ms
◐ started compile.emit
✓ compile.emit done in 5 minutes
required-regen-fixed-point: fixed_point_equal=true referenced_first_generation_equal=true referenced_at=22151b073136e5e22b7e5d3379d611d7a45933e2
