[workspace-root] discovered /home/briansrls/scratch-wt/workspace-commissioning-production
✓ typecheck v2.std.compilers.target_model done in 24 seconds
✓ typecheck v2.compiler.target_serialize done in 2 seconds
✓ typecheck v2.compiler.body_lowering_fold done in 2 seconds
✓ typecheck v2.compiler.translate done in 3 seconds
[pre-entry] phase=workspace_discovery ms=12 scale=closure
[pre-entry] phase=source_root_walk_and_read ms=16 scale=tree
[pre-entry] phase=graph_facts_import_edges ms=3615 scale=tree
[pre-entry] phase=graph_facts_module_declarations ms=0 scale=tree
[pre-entry] phase=pool_census_parse ms=1297 scale=tree
[pre-entry] phase=closure_name_census_build ms=1345 scale=tree
[pre-entry] phase=reference_pool_names_from_census ms=22 scale=tree
[pre-entry] phase=selection_tier_closure_files ms=38 scale=closure
[pre-entry] phase=closure_load ms=1576 scale=closure
[pre-entry] phase=closure_parse ms=6564 scale=closure
[pre-entry] phase=closure_resolve ms=218 scale=closure
[pre-entry] phase=closure_normalize ms=741 scale=closure
[pre-entry] phase=closure_typecheck ms=66885 scale=closure
[pre-entry] phase=closure_parent_envs ms=5 scale=closure
[pre-entry] phase=closure_reconcile_assembly ms=112 scale=closure
[pre-entry] phase=closure_ownership ms=939 scale=closure
[pre-entry] phase=resolve_entry_graph_inclusive ms=96937 scale=closure
[pre-entry] population pool_modules=502 closure_files=502
[pre-entry] process_cpu user_ms=94987 sys_ms=1635 max_rss_kib=3159556
PASS readable_refusal_is_not_executor_success
PASS executor_owns_lifetime_without_a_resident_interpreter
